Archive member included because of file (symbol)

c:/freescale/kds_v3/toolchain/bin/../lib/gcc/arm-none-eabi/4.8.4/armv7e-m/fpu\libgcc.a(_arm_addsubdf3.o)
                              ./Sources/Alimentation.o (__aeabi_i2d)
c:/freescale/kds_v3/toolchain/bin/../lib/gcc/arm-none-eabi/4.8.4/armv7e-m/fpu\libgcc.a(_arm_muldivdf3.o)
                              ./Sources/Alimentation.o (__aeabi_dmul)
c:/freescale/kds_v3/toolchain/bin/../lib/gcc/arm-none-eabi/4.8.4/armv7e-m/fpu\libgcc.a(_arm_cmpdf2.o)
                              ./Sources/Alimentation.o (__aeabi_dcmplt)
c:/freescale/kds_v3/toolchain/bin/../lib/gcc/arm-none-eabi/4.8.4/armv7e-m/fpu\libgcc.a(_arm_fixunsdfsi.o)
                              ./Sources/Alimentation.o (__aeabi_d2uiz)
c:/freescale/kds_v3/toolchain/bin/../lib/gcc/arm-none-eabi/4.8.4/../../../../arm-none-eabi/lib/armv7e-m/fpu\libg_s.a(lib_a-exit.o)
                              c:/freescale/kds_v3/toolchain/bin/../lib/gcc/arm-none-eabi/4.8.4/../../../../arm-none-eabi/lib/armv7e-m/fpu/crt0.o (exit)
c:/freescale/kds_v3/toolchain/bin/../lib/gcc/arm-none-eabi/4.8.4/../../../../arm-none-eabi/lib/armv7e-m/fpu\libg_s.a(lib_a-impure.o)
                              c:/freescale/kds_v3/toolchain/bin/../lib/gcc/arm-none-eabi/4.8.4/../../../../arm-none-eabi/lib/armv7e-m/fpu\libg_s.a(lib_a-exit.o) (_global_impure_ptr)
c:/freescale/kds_v3/toolchain/bin/../lib/gcc/arm-none-eabi/4.8.4/../../../../arm-none-eabi/lib/armv7e-m/fpu\libg_s.a(lib_a-init.o)
                              c:/freescale/kds_v3/toolchain/bin/../lib/gcc/arm-none-eabi/4.8.4/../../../../arm-none-eabi/lib/armv7e-m/fpu/crt0.o (__libc_init_array)
c:/freescale/kds_v3/toolchain/bin/../lib/gcc/arm-none-eabi/4.8.4/../../../../arm-none-eabi/lib/armv7e-m/fpu\libg_s.a(lib_a-memset.o)
                              c:/freescale/kds_v3/toolchain/bin/../lib/gcc/arm-none-eabi/4.8.4/../../../../arm-none-eabi/lib/armv7e-m/fpu/crt0.o (memset)
c:/freescale/kds_v3/toolchain/bin/../lib/gcc/arm-none-eabi/4.8.4/../../../../arm-none-eabi/lib/armv7e-m/fpu\libg_s.a(lib_a-strchr.o)
                              ./Generated_Code/UTIL1.o (strchr)
c:/freescale/kds_v3/toolchain/bin/../lib/gcc/arm-none-eabi/4.8.4/../../../../arm-none-eabi/lib/armv7e-m/fpu\libg_s.a(lib_a-strlen.o)
                              ./Sources/stockage_information.o (strlen)
c:/freescale/kds_v3/toolchain/bin/../lib/gcc/arm-none-eabi/4.8.4/../../../../arm-none-eabi/lib/armv7e-m/fpu\libg_s.a(lib_a-strncmp.o)
                              ./Generated_Code/UTIL1.o (strncmp)
c:/freescale/kds_v3/toolchain/bin/../lib/gcc/arm-none-eabi/4.8.4/../../../../arm-none-eabi/lib/armv7e-m/fpu\libnosys.a(_exit.o)
                              c:/freescale/kds_v3/toolchain/bin/../lib/gcc/arm-none-eabi/4.8.4/../../../../arm-none-eabi/lib/armv7e-m/fpu\libg_s.a(lib_a-exit.o) (_exit)

Allocating common symbols
Common symbol       size              file

ASerialLdd1_DeviceDataPtr
                    0x4               ./Generated_Code/Inhr1.o
chaine_stockee      0x19              ./Sources/stockage_information.o
registre            0x1               ./Sources/Alimentation.o
AD1_OutV            0x4               ./Generated_Code/AD1.o
t2                  0x4               ./Sources/main.o
minute              0x1               ./Sources/main.o
heure               0x1               ./Sources/main.o
AdcLdd1_DeviceDataPtr
                    0x4               ./Generated_Code/AD1.o
write_buf           0x30              ./Sources/main.o
seconde             0x1               ./Sources/main.o
t1                  0x4               ./Sources/main.o
SR_reg              0x1               ./Static_Code/System/CPU_Init.o
SMasterLdd1_DeviceDataPtr
                    0x4               ./Generated_Code/SPI0.o
caractere_lu        0x1               ./Sources/Alimentation.o

Discarded input sections

 .text          0x00000000        0x0 c:/freescale/kds_v3/toolchain/bin/../lib/gcc/arm-none-eabi/4.8.4/armv7e-m/fpu/crti.o
 .data          0x00000000        0x0 c:/freescale/kds_v3/toolchain/bin/../lib/gcc/arm-none-eabi/4.8.4/armv7e-m/fpu/crti.o
 .bss           0x00000000        0x0 c:/freescale/kds_v3/toolchain/bin/../lib/gcc/arm-none-eabi/4.8.4/armv7e-m/fpu/crti.o
 .data          0x00000000        0x4 c:/freescale/kds_v3/toolchain/bin/../lib/gcc/arm-none-eabi/4.8.4/armv7e-m/fpu/crtbegin.o
 .data          0x00000000        0x0 c:/freescale/kds_v3/toolchain/bin/../lib/gcc/arm-none-eabi/4.8.4/../../../../arm-none-eabi/lib/armv7e-m/fpu/crt0.o
 .bss           0x00000000        0x0 c:/freescale/kds_v3/toolchain/bin/../lib/gcc/arm-none-eabi/4.8.4/../../../../arm-none-eabi/lib/armv7e-m/fpu/crt0.o
 .ARM.extab     0x00000000        0x0 c:/freescale/kds_v3/toolchain/bin/../lib/gcc/arm-none-eabi/4.8.4/../../../../arm-none-eabi/lib/armv7e-m/fpu/crt0.o
 .group         0x00000000        0x8 ./Static_Code/System/CPU_Init.o
 .group         0x00000000        0x8 ./Static_Code/System/CPU_Init.o
[...]
Memory Configuration

Name             Origin             Length             Attributes
m_interrupts     0x00000000         0x00000198         xr
m_text           0x00000410         0x000ffbf0         xr
m_data_1FFF0000  0x1fff0000         0x00010000         rw
m_data           0x20000000         0x00030000         rw
m_cfmprotrom     0x00000400         0x00000010         xr
*default*        0x00000000         0xffffffff

Linker script and memory map

LOAD c:/freescale/kds_v3/toolchain/bin/../lib/gcc/arm-none-eabi/4.8.4/armv7e-m/fpu/crti.o
LOAD c:/freescale/kds_v3/toolchain/bin/../lib/gcc/arm-none-eabi/4.8.4/armv7e-m/fpu/crtbegin.o
LOAD c:/freescale/kds_v3/toolchain/bin/../lib/gcc/arm-none-eabi/4.8.4/../../../../arm-none-eabi/lib/armv7e-m/fpu/crt0.o
LOAD ./Static_Code/System/CPU_Init.o
LOAD ./Static_Code/System/Peripherals_Init.o
LOAD ./Static_Code/System/Vectors.o
LOAD ./Sources/Alimentation.o
LOAD ./Sources/BB_Projet.o
LOAD ./Sources/Events.o
LOAD ./Sources/RTC.o
LOAD ./Sources/Temperature.o
LOAD ./Sources/alerteGSM.o
LOAD ./Sources/main.o
LOAD ./Sources/stockage_information.o
LOAD ./Project_Settings/Startup_Code/startup.o
LOAD ./Generated_Code/AD1.o
LOAD ./Generated_Code/ASerialLdd1.o
LOAD ./Generated_Code/AdcLdd1.o
LOAD ./Generated_Code/BitIoLdd1.o
LOAD ./Generated_Code/BitIoLdd2.o
LOAD ./Generated_Code/BitIoLdd3.o
LOAD ./Generated_Code/BitIoLdd4.o
LOAD ./Generated_Code/CD1.o
LOAD ./Generated_Code/CI2C1.o
LOAD ./Generated_Code/CS1.o
LOAD ./Generated_Code/CS_RTC.o
LOAD ./Generated_Code/CS_Thermocouple1.o
LOAD ./Generated_Code/CS_Thermocouple2.o
LOAD ./Generated_Code/Carte_microSD.o
LOAD ./Generated_Code/Cpu.o
LOAD ./Generated_Code/ExtIntLdd1.o
LOAD ./Generated_Code/FAT1.o
LOAD ./Generated_Code/FX1.o
LOAD ./Generated_Code/GI2C1.o
LOAD ./Generated_Code/Inhr1.o
LOAD ./Generated_Code/KBI1.o
LOAD ./Generated_Code/KeyISRpin1.o
LOAD ./Generated_Code/PE_LDD.o
LOAD ./Generated_Code/SM_micro_sd.o
LOAD ./Generated_Code/SMasterLdd1.o
LOAD ./Generated_Code/SPI0.o
LOAD ./Generated_Code/SS1.o
LOAD ./Generated_Code/TMOUT1.o
LOAD ./Generated_Code/TU1.o
LOAD ./Generated_Code/TU2.o
LOAD ./Generated_Code/TimerCarteSD.o
LOAD ./Generated_Code/TimerIntLdd1.o
LOAD ./Generated_Code/TimerIntLdd2.o
LOAD ./Generated_Code/TmDt1.o
LOAD ./Generated_Code/UTIL1.o
LOAD ./Generated_Code/WAIT1.o
LOAD ./Generated_Code/alimTel.o
LOAD ./Generated_Code/ff.o
LOAD ./Generated_Code/interruption_10s.o
LOAD ./Generated_Code/uart1.o
LOAD c:/freescale/kds_v3/toolchain/bin/../lib/gcc/arm-none-eabi/4.8.4/../../../../arm-none-eabi/lib/armv7e-m/fpu\libstdc++_s.a
LOAD c:/freescale/kds_v3/toolchain/bin/../lib/gcc/arm-none-eabi/4.8.4/../../../../arm-none-eabi/lib/armv7e-m/fpu\libm.a
START GROUP
LOAD c:/freescale/kds_v3/toolchain/bin/../lib/gcc/arm-none-eabi/4.8.4/armv7e-m/fpu\libgcc.a
LOAD c:/freescale/kds_v3/toolchain/bin/../lib/gcc/arm-none-eabi/4.8.4/../../../../arm-none-eabi/lib/armv7e-m/fpu\libg_s.a
LOAD c:/freescale/kds_v3/toolchain/bin/../lib/gcc/arm-none-eabi/4.8.4/../../../../arm-none-eabi/lib/armv7e-m/fpu\libc_s.a
END GROUP
START GROUP
LOAD c:/freescale/kds_v3/toolchain/bin/../lib/gcc/arm-none-eabi/4.8.4/armv7e-m/fpu\libgcc.a
LOAD c:/freescale/kds_v3/toolchain/bin/../lib/gcc/arm-none-eabi/4.8.4/../../../../arm-none-eabi/lib/armv7e-m/fpu\libc_s.a
LOAD c:/freescale/kds_v3/toolchain/bin/../lib/gcc/arm-none-eabi/4.8.4/../../../../arm-none-eabi/lib/armv7e-m/fpu\libnosys.a
END GROUP
START GROUP
LOAD c:/freescale/kds_v3/toolchain/bin/../lib/gcc/arm-none-eabi/4.8.4/armv7e-m/fpu\libgcc.a
LOAD c:/freescale/kds_v3/toolchain/bin/../lib/gcc/arm-none-eabi/4.8.4/../../../../arm-none-eabi/lib/armv7e-m/fpu\libc_s.a
LOAD c:/freescale/kds_v3/toolchain/bin/../lib/gcc/arm-none-eabi/4.8.4/../../../../arm-none-eabi/lib/armv7e-m/fpu\libnosys.a
END GROUP
LOAD c:/freescale/kds_v3/toolchain/bin/../lib/gcc/arm-none-eabi/4.8.4/armv7e-m/fpu/crtend.o
LOAD c:/freescale/kds_v3/toolchain/bin/../lib/gcc/arm-none-eabi/4.8.4/armv7e-m/fpu/crtn.o
                0x20030000                _estack = 0x20030000
                0x20030000                __SP_INIT = _estack
                0x20030000                __stack = _estack
                0x00000000                __heap_size = 0x0
                0x00000400                __stack_size = 0x400

.interrupts     0x00000000      0x198
                0x00000000                __vector_table = .
                0x00000000                . = ALIGN (0x4)
 *(.vectortable)
 .vectortable   0x00000000      0x198 ./Static_Code/System/Vectors.o
                0x00000000                __vect_table
                0x00000198                . = ALIGN (0x4)

.cfmprotect     0x00000400       0x10
                0x00000400                . = ALIGN (0x4)
 *(.cfmconfig)
 .cfmconfig     0x00000400       0x10 ./Static_Code/System/CPU_Init.o
                0x00000400                _cfm
                0x00000410                . = ALIGN (0x4)

.text           0x00000410     0x4644
                0x00000410                . = ALIGN (0x4)
 *(.text)
 .text          0x00000410       0x54 c:/freescale/kds_v3/toolchain/bin/../lib/gcc/arm-none-eabi/4.8.4/armv7e-m/fpu/crtbegin.o
 .text          0x00000464       0x74 c:/freescale/kds_v3/toolchain/bin/../lib/gcc/arm-none-eabi/4.8.4/../../../../arm-none-eabi/lib/armv7e-m/fpu/crt0.o
                0x00000464                _start
                0x00000464                _mainCRTStartup
 .text          0x000004d8      0x370 c:/freescale/kds_v3/toolchain/bin/../lib/gcc/arm-none-eabi/4.8.4/armv7e-m/fpu\libgcc.a(_arm_addsubdf3.o)
                0x000004d8                __aeabi_drsub
                0x000004e0                __aeabi_dsub
                0x000004e0                __subdf3
                0x000004e4                __aeabi_dadd
                0x000004e4                __adddf3
                0x0000075c                __floatunsidf
                0x0000075c                __aeabi_ui2d
                0x0000077c                __floatsidf
                0x0000077c                __aeabi_i2d
                0x000007a0                __aeabi_f2d
                0x000007a0                __extendsfdf2
                0x000007dc                __floatundidf
                0x000007dc                __aeabi_ul2d
                0x000007ec                __floatdidf
                0x000007ec                __aeabi_l2d
 .text          0x00000848      0x424 c:/freescale/kds_v3/toolchain/bin/../lib/gcc/arm-none-eabi/4.8.4/armv7e-m/fpu\libgcc.a(_arm_muldivdf3.o)
                0x00000848                __aeabi_dmul
                0x00000848                __muldf3
                0x00000a9c                __divdf3
                0x00000a9c                __aeabi_ddiv
 .text          0x00000c6c      0x110 c:/freescale/kds_v3/toolchain/bin/../lib/gcc/arm-none-eabi/4.8.4/armv7e-m/fpu\libgcc.a(_arm_cmpdf2.o)
                0x00000c6c                __gtdf2
                0x00000c6c                __gedf2
                0x00000c74                __ltdf2
                0x00000c74                __ledf2
                0x00000c7c                __nedf2
                0x00000c7c                __eqdf2
                0x00000c7c                __cmpdf2
                0x00000cf8                __aeabi_cdrcmple
                0x00000d08                __aeabi_cdcmpeq
                0x00000d08                __aeabi_cdcmple
                0x00000d18                __aeabi_dcmpeq
                0x00000d2c                __aeabi_dcmplt
                0x00000d40                __aeabi_dcmple
                0x00000d54                __aeabi_dcmpge
                0x00000d68                __aeabi_dcmpgt
 .text          0x00000d7c       0x40 c:/freescale/kds_v3/toolchain/bin/../lib/gcc/arm-none-eabi/4.8.4/armv7e-m/fpu\libgcc.a(_arm_fixunsdfsi.o)
                0x00000d7c                __aeabi_d2uiz
                0x00000d7c                __fixunsdfsi
 *(.text*)
 .text.CPU_SetBASEPRI
                0x00000dbc       0x18 ./Static_Code/System/CPU_Init.o
                0x00000dbc                CPU_SetBASEPRI
 .text.__init_hardware
                0x00000dd4       0x90 ./Static_Code/System/CPU_Init.o
                0x00000dd4                __init_hardware
 .text.PE_low_level_init
                0x00000e64       0x44 ./Static_Code/System/CPU_Init.o
                0x00000e64                PE_low_level_init
 .text.CPU_GetClockGenMode
                0x00000ea8       0x90 ./Static_Code/System/CPU_Init.o
                0x00000ea8                CPU_GetClockGenMode
 .text.CPU_SetClockConfigGenMode
                0x00000f38      0x54c ./Static_Code/System/CPU_Init.o
                0x00000f38                CPU_SetClockConfigGenMode
 .text.UnhandledInterrupt
                0x00001484       0x18 ./Static_Code/System/Vectors.o
                0x00001484                UnhandledInterrupt
 *fill*         0x0000149c        0x4 
 .text.Test_Alimentation
                0x000014a0       0x88 ./Sources/Alimentation.o
                0x000014a0                Test_Alimentation
 .text.Test_Batterie
                0x00001528       0xb0 ./Sources/Alimentation.o
                0x00001528                Test_Batterie
 .text.Cpu_OnNMI
                0x000015d8        0xc ./Sources/Events.o
                0x000015d8                Cpu_OnNMI
 .text.TimerCarteSD_OnInterrupt
                0x000015e4        0xc ./Sources/Events.o
                0x000015e4                TimerCarteSD_OnInterrupt
 .text.SM_micro_sd_OnBlockSent
                0x000015f0       0x14 ./Sources/Events.o
                0x000015f0                SM_micro_sd_OnBlockSent
 .text.SPI0_OnRxChar
                0x00001604        0xc ./Sources/Events.o
                0x00001604                SPI0_OnRxChar
 .text.SPI0_OnTxChar
                0x00001610        0xc ./Sources/Events.o
                0x00001610                SPI0_OnTxChar
 .text.SPI0_OnError
                0x0000161c        0xc ./Sources/Events.o
                0x0000161c                SPI0_OnError
 .text.interruption_10s_OnInterrupt
                0x00001628       0x18 ./Sources/Events.o
                0x00001628                interruption_10s_OnInterrupt
 .text.KBI1_OnInterrupt
                0x00001640       0x18 ./Sources/Events.o
                0x00001640                KBI1_OnInterrupt
 .text.AD1_OnEnd
                0x00001658        0xc ./Sources/Events.o
                0x00001658                AD1_OnEnd
 .text.AD1_OnCalibrationEnd
                0x00001664        0xc ./Sources/Events.o
                0x00001664                AD1_OnCalibrationEnd
 .text.lire_registre
                0x00001670       0x68 ./Sources/RTC.o
                0x00001670                lire_registre
 .text.ecrire_registre
                0x000016d8       0x60 ./Sources/RTC.o
                0x000016d8                ecrire_registre
 .text.lire_Date_Heure
                0x00001738      0x1a4 ./Sources/RTC.o
                0x00001738                lire_Date_Heure
 .text.Ecrire_Date_Heure
                0x000018dc      0x1d4 ./Sources/RTC.o
                0x000018dc                Ecrire_Date_Heure
 .text.init_alarme
                0x00001ab0       0x48 ./Sources/RTC.o
                0x00001ab0                init_alarme
 .text.Temperature1
                0x00001af8       0xbc ./Sources/Temperature.o
                0x00001af8                Temperature1
 .text.Temperature2
                0x00001bb4       0xbc ./Sources/Temperature.o
                0x00001bb4                Temperature2
 .text.IO_SPI   0x00001c70       0x3c ./Sources/Temperature.o
                0x00001c70                IO_SPI
 .text.Envoie_Alerte
                0x00001cac       0x80 ./Sources/alerteGSM.o
                0x00001cac                Envoie_Alerte
 .text.main     0x00001d2c      0x110 ./Sources/main.o
                0x00001d2c                main
 .text.__copy_rom_section
                0x00001e3c       0xe4 ./Project_Settings/Startup_Code/startup.o
                0x00001e3c                __copy_rom_section
 .text.__copy_rom_sections_to_ram
                0x00001f20       0x9c ./Project_Settings/Startup_Code/startup.o
                0x00001f20                __copy_rom_sections_to_ram
 .text.__init_registers
                0x00001fbc       0x20 ./Project_Settings/Startup_Code/startup.o
                0x00001fbc                __init_registers
 .text.__init_user
                0x00001fdc        0xc ./Project_Settings/Startup_Code/startup.o
                0x00001fdc                __init_user
 .text.__thumb_startup
                0x00001fe8       0x34 ./Project_Settings/Startup_Code/startup.o
                0x00001fe8                __thumb_startup
 .text.ClrSumV  0x0000201c       0x1c ./Generated_Code/AD1.o
 .text.AD1_HWEnDi
                0x00002038       0x9c ./Generated_Code/AD1.o
                0x00002038                AD1_HWEnDi
 .text.AD1_Measure
                0x000020d4       0x44 ./Generated_Code/AD1.o
                0x000020d4                AD1_Measure
 .text.AD1_MeasureChan
                0x00002118       0x5c ./Generated_Code/AD1.o
                0x00002118                AD1_MeasureChan
 .text.AD1_GetChanValue
                0x00002174       0x58 ./Generated_Code/AD1.o
                0x00002174                AD1_GetChanValue
 .text.AdcLdd1_OnMeasurementComplete
                0x000021cc       0xfc ./Generated_Code/AD1.o
                0x000021cc                AdcLdd1_OnMeasurementComplete
 .text.AD1_Init
                0x000022c8       0x2c ./Generated_Code/AD1.o
                0x000022c8                AD1_Init
 .text.ASerialLdd1_Init
                0x000022f4      0x178 ./Generated_Code/ASerialLdd1.o
                0x000022f4                ASerialLdd1_Init
 .text.ASerialLdd1_ReceiveBlock
                0x0000246c       0x48 ./Generated_Code/ASerialLdd1.o
                0x0000246c                ASerialLdd1_ReceiveBlock
 .text.ASerialLdd1_SendBlock
                0x000024b4       0x58 ./Generated_Code/ASerialLdd1.o
                0x000024b4                ASerialLdd1_SendBlock
 .text.InterruptRx
                0x0000250c       0x50 ./Generated_Code/ASerialLdd1.o
 .text.InterruptTx
                0x0000255c       0x60 ./Generated_Code/ASerialLdd1.o
 .text.ASerialLdd1_Main
                0x000025bc       0xd8 ./Generated_Code/ASerialLdd1.o
                0x000025bc                ASerialLdd1_Main
 .text.AdcLdd1_Init
                0x00002694       0xc0 ./Generated_Code/AdcLdd1.o
                0x00002694                AdcLdd1_Init
 .text.AdcLdd1_StartSingleMeasurement
                0x00002754       0x4c ./Generated_Code/AdcLdd1.o
                0x00002754                AdcLdd1_StartSingleMeasurement
 .text.AdcLdd1_CreateSampleGroup
                0x000027a0       0x6c ./Generated_Code/AdcLdd1.o
                0x000027a0                AdcLdd1_CreateSampleGroup
 .text.AdcLdd1_GetMeasuredValues
                0x0000280c       0x4c ./Generated_Code/AdcLdd1.o
                0x0000280c                AdcLdd1_GetMeasuredValues
 .text.AdcLdd1_GetCalibrationResultStatus
                0x00002858       0xbc ./Generated_Code/AdcLdd1.o
                0x00002858                AdcLdd1_GetCalibrationResultStatus
 .text.AdcLdd1_MeasurementCompleteInterrupt
                0x00002914       0x3c ./Generated_Code/AdcLdd1.o
                0x00002914                AdcLdd1_MeasurementCompleteInterrupt
 .text.BitIoLdd1_Init
                0x00002950       0x80 ./Generated_Code/BitIoLdd1.o
                0x00002950                BitIoLdd1_Init
 .text.BitIoLdd1_ClrVal
                0x000029d0       0x1c ./Generated_Code/BitIoLdd1.o
                0x000029d0                BitIoLdd1_ClrVal
 .text.BitIoLdd1_SetVal
                0x000029ec       0x1c ./Generated_Code/BitIoLdd1.o
                0x000029ec                BitIoLdd1_SetVal
 .text.BitIoLdd2_Init
                0x00002a08       0x80 ./Generated_Code/BitIoLdd2.o
                0x00002a08                BitIoLdd2_Init
 .text.BitIoLdd2_ClrVal
                0x00002a88       0x20 ./Generated_Code/BitIoLdd2.o
                0x00002a88                BitIoLdd2_ClrVal
 .text.BitIoLdd2_SetVal
                0x00002aa8       0x20 ./Generated_Code/BitIoLdd2.o
                0x00002aa8                BitIoLdd2_SetVal
 .text.BitIoLdd3_Init
                0x00002ac8       0x80 ./Generated_Code/BitIoLdd3.o
                0x00002ac8                BitIoLdd3_Init
 .text.BitIoLdd4_Init
                0x00002b48       0x80 ./Generated_Code/BitIoLdd4.o
                0x00002b48                BitIoLdd4_Init
 .text.BitIoLdd4_ClrVal
                0x00002bc8       0x1c ./Generated_Code/BitIoLdd4.o
                0x00002bc8                BitIoLdd4_ClrVal
 .text.BitIoLdd4_SetVal
                0x00002be4       0x1c ./Generated_Code/BitIoLdd4.o
                0x00002be4                BitIoLdd4_SetVal
 .text.CD1_Init
                0x00002c00       0x80 ./Generated_Code/CD1.o
                0x00002c00                CD1_Init
 .text.CI2C1_Interrupt
                0x00002c80      0x288 ./Generated_Code/CI2C1.o
                0x00002c80                CI2C1_Interrupt
 .text.CI2C1_Init
                0x00002f08      0x148 ./Generated_Code/CI2C1.o
                0x00002f08                CI2C1_Init
 .text.SM_micro_sd_OnBlockReceived
                0x00003050       0x1c ./Generated_Code/Carte_microSD.o
                0x00003050                SM_micro_sd_OnBlockReceived
 .text.Components_Init
                0x0000306c       0x5c ./Generated_Code/Cpu.o
                0x0000306c                Components_Init
 .text.Cpu_INT_NMIInterrupt
                0x000030c8       0x1c ./Generated_Code/Cpu.o
                0x000030c8                Cpu_INT_NMIInterrupt
 .text.ExtIntLdd1_Init
                0x000030e4       0x98 ./Generated_Code/ExtIntLdd1.o
                0x000030e4                ExtIntLdd1_Init
 .text.ExtIntLdd1_Interrupt
                0x0000317c       0x40 ./Generated_Code/ExtIntLdd1.o
                0x0000317c                ExtIntLdd1_Interrupt
 .text.CI2C1_OnMasterBlockSent
                0x000031bc       0x28 ./Generated_Code/GI2C1.o
                0x000031bc                CI2C1_OnMasterBlockSent
 .text.CI2C1_OnMasterBlockReceived
                0x000031e4       0x28 ./Generated_Code/GI2C1.o
                0x000031e4                CI2C1_OnMasterBlockReceived
 .text.GI2C1_Init
                0x0000320c       0x20 ./Generated_Code/GI2C1.o
                0x0000320c                GI2C1_Init
 .text.HWEnDi   0x0000322c       0x1c ./Generated_Code/Inhr1.o
 .text.Inhr1_SendChar
                0x00003248       0x5c ./Generated_Code/Inhr1.o
                0x00003248                Inhr1_SendChar
 .text.Inhr1_Init
                0x000032a4       0x24 ./Generated_Code/Inhr1.o
                0x000032a4                Inhr1_Init
 .text.ASerialLdd1_OnBreak
                0x000032c8       0x24 ./Generated_Code/Inhr1.o
                0x000032c8                ASerialLdd1_OnBreak
 .text.KeyISRpin1_OnInterrupt
                0x000032ec        0xc ./Generated_Code/KBI1.o
                0x000032ec                KeyISRpin1_OnInterrupt
 .text.ExtIntLdd1_OnInterrupt
                0x000032f8       0x14 ./Generated_Code/KeyISRpin1.o
                0x000032f8                ExtIntLdd1_OnInterrupt
 .text.SM_micro_sd_Init
                0x0000330c      0x138 ./Generated_Code/SM_micro_sd.o
                0x0000330c                SM_micro_sd_Init
 .text.SM_micro_sd_Interrupt
                0x00003444      0x10c ./Generated_Code/SM_micro_sd.o
                0x00003444                SM_micro_sd_Interrupt
 .text.SMasterLdd1_Init
                0x00003550      0x130 ./Generated_Code/SMasterLdd1.o
                0x00003550                SMasterLdd1_Init
 .text.SMasterLdd1_Enable
                0x00003680       0x28 ./Generated_Code/SMasterLdd1.o
                0x00003680                SMasterLdd1_Enable
 .text.SMasterLdd1_Disable
                0x000036a8       0x28 ./Generated_Code/SMasterLdd1.o
                0x000036a8                SMasterLdd1_Disable
 .text.SMasterLdd1_ReceiveBlock
                0x000036d0       0x8c ./Generated_Code/SMasterLdd1.o
                0x000036d0                SMasterLdd1_ReceiveBlock
 .text.SMasterLdd1_SendBlock
                0x0000375c       0x9c ./Generated_Code/SMasterLdd1.o
                0x0000375c                SMasterLdd1_SendBlock
 .text.SMasterLdd1_SelectConfiguration
                0x000037f8       0x94 ./Generated_Code/SMasterLdd1.o
                0x000037f8                SMasterLdd1_SelectConfiguration
 .text.SMasterLdd1_Interrupt
                0x0000388c      0x10c ./Generated_Code/SMasterLdd1.o
                0x0000388c                SMasterLdd1_Interrupt
 .text.HWEnDi   0x00003998       0x8c ./Generated_Code/SMasterLdd1.o
 .text.HWEnDi   0x00003a24       0x88 ./Generated_Code/SPI0.o
 .text.SPI0_RecvChar
                0x00003aac       0x9c ./Generated_Code/SPI0.o
                0x00003aac                SPI0_RecvChar
 .text.SPI0_SendChar
                0x00003b48       0x98 ./Generated_Code/SPI0.o
                0x00003b48                SPI0_SendChar
 .text.SPI0_SetShiftClockPolarity
                0x00003be0       0xbc ./Generated_Code/SPI0.o
                0x00003be0                SPI0_SetShiftClockPolarity
 .text.SPI0_SetIdleClockPolarity
                0x00003c9c       0xac ./Generated_Code/SPI0.o
                0x00003c9c                SPI0_SetIdleClockPolarity
 .text.SPI0_Init
                0x00003d48       0x4c ./Generated_Code/SPI0.o
                0x00003d48                SPI0_Init
 .text.SMasterLdd1_OnBlockReceived
                0x00003d94       0x80 ./Generated_Code/SPI0.o
                0x00003d94                SMasterLdd1_OnBlockReceived
 .text.SMasterLdd1_OnBlockSent
                0x00003e14       0x24 ./Generated_Code/SPI0.o
                0x00003e14                SMasterLdd1_OnBlockSent
 .text.SS1_Init
                0x00003e38       0x80 ./Generated_Code/SS1.o
                0x00003e38                SS1_Init
 .text.TMOUT1_Init
                0x00003eb8       0x3c ./Generated_Code/TMOUT1.o
                0x00003eb8                TMOUT1_Init
 .text.TU1_Init
                0x00003ef4       0xf8 ./Generated_Code/TU1.o
                0x00003ef4                TU1_Init
 .text.TU1_Interrupt
                0x00003fec       0x6c ./Generated_Code/TU1.o
                0x00003fec                TU1_Interrupt
 .text.TU2_Init
                0x00004058       0xd4 ./Generated_Code/TU2.o
                0x00004058                TU2_Init
 .text.TU2_Interrupt
                0x0000412c       0x6c ./Generated_Code/TU2.o
                0x0000412c                TU2_Interrupt
 .text.TimerIntLdd1_OnInterrupt
                0x00004198       0x14 ./Generated_Code/TimerCarteSD.o
                0x00004198                TimerIntLdd1_OnInterrupt
 .text.TimerIntLdd1_Init
                0x000041ac       0x50 ./Generated_Code/TimerIntLdd1.o
                0x000041ac                TimerIntLdd1_Init
 .text.TU1_OnCounterRestart
                0x000041fc       0x24 ./Generated_Code/TimerIntLdd1.o
                0x000041fc                TU1_OnCounterRestart
 .text.TimerIntLdd2_Init
                0x00004220       0x50 ./Generated_Code/TimerIntLdd2.o
                0x00004220                TimerIntLdd2_Init
 .text.TU2_OnCounterRestart
                0x00004270       0x24 ./Generated_Code/TimerIntLdd2.o
                0x00004270                TU2_OnCounterRestart
 .text.TmDt1_SetTime
                0x00004294       0x6c ./Generated_Code/TmDt1.o
                0x00004294                TmDt1_SetTime
 .text.TmDt1_AddTick
                0x00004300       0xf0 ./Generated_Code/TmDt1.o
                0x00004300                TmDt1_AddTick
 .text.TmDt1_SetDate
                0x000043f0       0xac ./Generated_Code/TmDt1.o
                0x000043f0                TmDt1_SetDate
 .text.TmDt1_GetDate
                0x0000449c       0x48 ./Generated_Code/TmDt1.o
                0x0000449c                TmDt1_GetDate
 .text.TmDt1_Init
                0x000044e4       0x20 ./Generated_Code/TmDt1.o
                0x000044e4                TmDt1_Init
 .text.TmDt1_TimeToTicks
                0x00004504       0x50 ./Generated_Code/TmDt1.o
                0x00004504                TmDt1_TimeToTicks
 .text.WAIT1_Wait10Cycles
                0x00004554        0x8 ./Generated_Code/WAIT1.o
                0x00004554                WAIT1_Wait10Cycles
 .text.WAIT1_Wait100Cycles
                0x0000455c       0x1c ./Generated_Code/WAIT1.o
                0x0000455c                WAIT1_Wait100Cycles
 .text.WAIT1_WaitCycles
                0x00004578       0x34 ./Generated_Code/WAIT1.o
                0x00004578                WAIT1_WaitCycles
 .text.WAIT1_WaitLongCycles
                0x000045ac       0x38 ./Generated_Code/WAIT1.o
                0x000045ac                WAIT1_WaitLongCycles
 .text.WAIT1_Waitms
                0x000045e4       0x2c ./Generated_Code/WAIT1.o
                0x000045e4                WAIT1_Waitms
 .text.TimerIntLdd2_OnInterrupt
                0x00004610       0x14 ./Generated_Code/interruption_10s.o
                0x00004610                TimerIntLdd2_OnInterrupt
 .text.uart1_SendChar
                0x00004624       0x20 ./Generated_Code/uart1.o
                0x00004624                uart1_SendChar
 .text.uart1_CRLF
                0x00004644       0x24 ./Generated_Code/uart1.o
                0x00004644                uart1_CRLF
 .text.uart1_SendStr
                0x00004668       0x34 ./Generated_Code/uart1.o
                0x00004668                uart1_SendStr
 .text.LongToStr
                0x0000469c       0xf4 ./Generated_Code/uart1.o
 .text.uart1_SendNum
                0x00004790       0x54 ./Generated_Code/uart1.o
                0x00004790                uart1_SendNum
 .text.exit     0x000047e4       0x28 c:/freescale/kds_v3/toolchain/bin/../lib/gcc/arm-none-eabi/4.8.4/../../../../arm-none-eabi/lib/armv7e-m/fpu\libg_s.a(lib_a-exit.o)
                0x000047e4                exit
 .text.__libc_init_array
                0x0000480c       0x4c c:/freescale/kds_v3/toolchain/bin/../lib/gcc/arm-none-eabi/4.8.4/../../../../arm-none-eabi/lib/armv7e-m/fpu\libg_s.a(lib_a-init.o)
                0x0000480c                __libc_init_array
 .text.memset   0x00004858       0x10 c:/freescale/kds_v3/toolchain/bin/../lib/gcc/arm-none-eabi/4.8.4/../../../../arm-none-eabi/lib/armv7e-m/fpu\libg_s.a(lib_a-memset.o)
                0x00004858                memset
 .text._exit    0x00004868        0x4 c:/freescale/kds_v3/toolchain/bin/../lib/gcc/arm-none-eabi/4.8.4/../../../../arm-none-eabi/lib/armv7e-m/fpu\libnosys.a(_exit.o)
                0x00004868                _exit
 *(.rodata)
 .rodata        0x0000486c       0x18 ./Sources/Alimentation.o
 .rodata        0x00004884       0x58 ./Sources/alerteGSM.o
 .rodata        0x000048dc       0x1c ./Sources/main.o
 *(.rodata*)
 .rodata.ClockGenModeMatrix
                0x000048f8       0x80 ./Static_Code/System/CPU_Init.o
 .rodata.CPU_ClockConfigDescriptors
                0x00004978       0x1c ./Static_Code/System/CPU_Init.o
 .rodata.CPU_DefaultFEI
                0x00004994        0x8 ./Static_Code/System/CPU_Init.o
 .rodata.CPU_DefaultFBI
                0x0000499c        0x8 ./Static_Code/System/CPU_Init.o
 .rodata.CPU_DefaultBLPI
                0x000049a4        0x8 ./Static_Code/System/CPU_Init.o
 .rodata.CPU_DefaultFEE
                0x000049ac        0x8 ./Static_Code/System/CPU_Init.o
 .rodata.CPU_DefaultFBE
                0x000049b4        0x8 ./Static_Code/System/CPU_Init.o
 .rodata.CPU_DefaultBLPE
                0x000049bc        0x8 ./Static_Code/System/CPU_Init.o
 .rodata.CPU_DefaultPBE
                0x000049c4        0x8 ./Static_Code/System/CPU_Init.o
 .rodata.CPU_DefaultPEE
                0x000049cc        0x8 ./Static_Code/System/CPU_Init.o
 .rodata.CPU_ClockGenModeRegs
                0x000049d4       0x20 ./Static_Code/System/CPU_Init.o
 .rodata.Table  0x000049f4        0x4 ./Generated_Code/AD1.o
 .rodata.ChannelToPin
                0x000049f8        0x4 ./Generated_Code/AdcLdd1.o
 .rodata.ConfigurationSet
                0x000049fc       0x10 ./Generated_Code/SMasterLdd1.o
 .rodata.TxCommandList
                0x00004a0c       0x10 ./Generated_Code/SMasterLdd1.o
 .rodata.ULY    0x00004a1c        0xc ./Generated_Code/TmDt1.o
 .rodata.LY     0x00004a28        0xc ./Generated_Code/TmDt1.o
 .rodata.str1.1
                0x00004a34        0x2 c:/freescale/kds_v3/toolchain/bin/../lib/gcc/arm-none-eabi/4.8.4/../../../../arm-none-eabi/lib/armv7e-m/fpu\libg_s.a(lib_a-impure.o)
 *fill*         0x00004a36        0x2 
 .rodata._global_impure_ptr
                0x00004a38        0x4 c:/freescale/kds_v3/toolchain/bin/../lib/gcc/arm-none-eabi/4.8.4/../../../../arm-none-eabi/lib/armv7e-m/fpu\libg_s.a(lib_a-impure.o)
                0x00004a38                _global_impure_ptr
 *(.glue_7)
 .glue_7        0x00000000        0x0 linker stubs
 *(.glue_7t)
 .glue_7t       0x00000000        0x0 linker stubs
 *(.eh_frame)
 .eh_frame      0x00004a3c        0x0 c:/freescale/kds_v3/toolchain/bin/../lib/gcc/arm-none-eabi/4.8.4/armv7e-m/fpu/crtbegin.o
 *(.init)
 .init          0x00004a3c        0x4 c:/freescale/kds_v3/toolchain/bin/../lib/gcc/arm-none-eabi/4.8.4/armv7e-m/fpu/crti.o
                0x00004a3c                _init
 .init          0x00004a40        0x8 c:/freescale/kds_v3/toolchain/bin/../lib/gcc/arm-none-eabi/4.8.4/armv7e-m/fpu/crtn.o
 *(.fini)
 .fini          0x00004a48        0x4 c:/freescale/kds_v3/toolchain/bin/../lib/gcc/arm-none-eabi/4.8.4/armv7e-m/fpu/crti.o
                0x00004a48                _fini
 .fini          0x00004a4c        0x8 c:/freescale/kds_v3/toolchain/bin/../lib/gcc/arm-none-eabi/4.8.4/armv7e-m/fpu/crtn.o
                0x00004a54                . = ALIGN (0x4)
                0x00004a54                _etext = .

.vfp11_veneer   0x00004a54        0x0
 .vfp11_veneer  0x00000000        0x0 linker stubs

.v4_bx          0x00004a54        0x0
 .v4_bx         0x00000000        0x0 linker stubs

.iplt           0x00004a54        0x0
 .iplt          0x00000000        0x0 c:/freescale/kds_v3/toolchain/bin/../lib/gcc/arm-none-eabi/4.8.4/armv7e-m/fpu/crtbegin.o

.ARM.extab
 *(.ARM.extab* .gnu.linkonce.armextab.*)

.ARM            0x00004a54        0x8
                0x00004a54                __exidx_start = .
 *(.ARM.exidx*)
 .ARM.exidx     0x00004a54        0x8 c:/freescale/kds_v3/toolchain/bin/../lib/gcc/arm-none-eabi/4.8.4/../../../../arm-none-eabi/lib/armv7e-m/fpu/crt0.o
                0x00004a5c                __exidx_end = .

.rel.dyn        0x00004a5c        0x0
 .rel.iplt      0x00000000        0x0 c:/freescale/kds_v3/toolchain/bin/../lib/gcc/arm-none-eabi/4.8.4/armv7e-m/fpu/crtbegin.o

.ctors          0x00004a5c        0x0
                0x00004a5c                __CTOR_LIST__ = .
 *crtbegin.o(.ctors)
 *(EXCLUDE_FILE(*crtend.o) .ctors)
 *(SORT(.ctors.*))
 *(.ctors)
                0x00004a5c                __CTOR_END__ = .

.dtors          0x00004a5c        0x0
                0x00004a5c                __DTOR_LIST__ = .
 *crtbegin.o(.dtors)
 *(EXCLUDE_FILE(*crtend.o) .dtors)
 *(SORT(.dtors.*))
 *(.dtors)
                0x00004a5c                __DTOR_END__ = .

.preinit_array  0x00004a5c        0x0
                0x00004a5c                PROVIDE (__preinit_array_start, .)
 *(.preinit_array*)
                0x00004a5c                PROVIDE (__preinit_array_end, .)

.init_array     0x00004a5c        0x4
                0x00004a5c                PROVIDE (__init_array_start, .)
 *(SORT(.init_array.*))
 *(.init_array*)
 .init_array    0x00004a5c        0x4 c:/freescale/kds_v3/toolchain/bin/../lib/gcc/arm-none-eabi/4.8.4/armv7e-m/fpu/crtbegin.o
                0x00004a60                PROVIDE (__init_array_end, .)

.fini_array     0x00004a60        0x4
                0x00004a60                PROVIDE (__fini_array_start, .)
 *(SORT(.fini_array.*))
 *(.fini_array*)
 .fini_array    0x00004a60        0x4 c:/freescale/kds_v3/toolchain/bin/../lib/gcc/arm-none-eabi/4.8.4/armv7e-m/fpu/crtbegin.o
                0x00004a64                PROVIDE (__fini_array_end, .)
                0x00004a64                ___ROM_AT = .

.data           0x20000000       0x7c load address 0x00004a64
                0x20000000                . = ALIGN (0x4)
                0x20000000                _sdata = .
 *(.data)
 *(.data*)
 .data.jour     0x20000000        0x1 ./Sources/main.o
                0x20000000                jour
 .data.mois     0x20000001        0x1 ./Sources/main.o
                0x20000001                mois
 .data.an       0x20000002        0x1 ./Sources/main.o
                0x20000002                an
 *fill*         0x20000003        0x1 
 .data.tel1     0x20000004       0x10 ./Sources/main.o
                0x20000004                tel1
 .data.t1m      0x20000014        0x4 ./Sources/main.o
                0x20000014                t1m
 .data.t2m      0x20000018        0x4 ./Sources/main.o
                0x20000018                t2m
 .data.impure_data
                0x2000001c       0x60 c:/freescale/kds_v3/toolchain/bin/../lib/gcc/arm-none-eabi/4.8.4/../../../../arm-none-eabi/lib/armv7e-m/fpu\libg_s.a(lib_a-impure.o)
                0x2000007c                . = ALIGN (0x4)
                0x2000007c                _edata = .
                0x0000007c                ___data_size = (_edata - _sdata)
                0x00004ae0                ___m_data_1FFF0000_ROMStart = (___ROM_AT + SIZEOF (.data))

.jcr            0x2000007c        0x0 load address 0x00004ae0
 .jcr           0x2000007c        0x0 c:/freescale/kds_v3/toolchain/bin/../lib/gcc/arm-none-eabi/4.8.4/armv7e-m/fpu/crtbegin.o

.igot.plt       0x2000007c        0x0 load address 0x00004ae0
 .igot.plt      0x00000000        0x0 c:/freescale/kds_v3/toolchain/bin/../lib/gcc/arm-none-eabi/4.8.4/armv7e-m/fpu/crtbegin.o

.m_data_1FFF0000
                0x1fff0000        0x0 load address 0x00004ae0
                0x1fff0000                . = ALIGN (0x4)
                0x1fff0000                ___m_data_1FFF0000_RAMStart = .
 *(.m_data_1FFF0000)
                0x1fff0000                ___m_data_1FFF0000_RAMEnd = .
                0x1fff0000                . = ALIGN (0x4)
                0x00000000                ___m_data_1FFF0000_ROMSize = (___m_data_1FFF0000_RAMEnd - ___m_data_1FFF0000_RAMStart)
                0x1fff0000                . = ALIGN (0x4)

.bss            0x2000007c      0x1d4 load address 0x00004ae0
                0x2000007c                __START_BSS = .
                0x2000007c                PROVIDE (__bss_start__, __START_BSS)
 *(.bss)
 .bss           0x2000007c       0x1c c:/freescale/kds_v3/toolchain/bin/../lib/gcc/arm-none-eabi/4.8.4/armv7e-m/fpu/crtbegin.o
 *(.bss*)
 .bss.SR_lock   0x20000098        0x1 ./Static_Code/System/CPU_Init.o
                0x20000098                SR_lock
 .bss.int_10s   0x20000099        0x1 ./Sources/main.o
                0x20000099                int_10s
 .bss.int_1j    0x2000009a        0x1 ./Sources/main.o
                0x2000009a                int_1j
 .bss.SumChan   0x2000009b        0x1 ./Generated_Code/AD1.o
 .bss.ModeFlg   0x2000009c        0x1 ./Generated_Code/AD1.o
 *fill*         0x2000009d        0x3 
 .bss.SampleGroup
                0x200000a0        0x4 ./Generated_Code/AD1.o
 .bss.OutFlg    0x200000a4        0x1 ./Generated_Code/AD1.o
 *fill*         0x200000a5        0x3 
 .bss.DeviceDataPrv__DEFAULT_RTOS_ALLOC
                0x200000a8       0x20 ./Generated_Code/ASerialLdd1.o
 .bss.DeviceDataPrv__DEFAULT_RTOS_ALLOC
                0x200000c8        0x8 ./Generated_Code/AdcLdd1.o
 .bss.INT_ADC0__DEFAULT_RTOS_ISRPARAM
                0x200000d0        0x4 ./Generated_Code/AdcLdd1.o
 .bss.DeviceDataPrv__DEFAULT_RTOS_ALLOC
                0x200000d4        0x4 ./Generated_Code/BitIoLdd1.o
 .bss.DeviceDataPrv__DEFAULT_RTOS_ALLOC
                0x200000d8        0x4 ./Generated_Code/BitIoLdd2.o
 .bss.DeviceDataPrv__DEFAULT_RTOS_ALLOC
                0x200000dc        0x4 ./Generated_Code/BitIoLdd3.o
 .bss.DeviceDataPrv__DEFAULT_RTOS_ALLOC
                0x200000e0        0x4 ./Generated_Code/BitIoLdd4.o
 .bss.DeviceDataPrv__DEFAULT_RTOS_ALLOC
                0x200000e4        0x4 ./Generated_Code/CD1.o
 .bss.DeviceDataPrv__DEFAULT_RTOS_ALLOC
                0x200000e8       0x18 ./Generated_Code/CI2C1.o
 .bss.INT_I2C0__DEFAULT_RTOS_ISRPARAM
                0x20000100        0x4 ./Generated_Code/CI2C1.o
 .bss.Carte_microSD_DataReceivedFlag
                0x20000104        0x1 ./Generated_Code/Carte_microSD.o
 *fill*         0x20000105        0x3 
 .bss.DeviceDataPrv__DEFAULT_RTOS_ALLOC
                0x20000108        0x4 ./Generated_Code/ExtIntLdd1.o
 .bss.INT_PORTC__DEFAULT_RTOS_ISRPARAM
                0x2000010c        0x4 ./Generated_Code/ExtIntLdd1.o
 .bss.GI2C1_deviceData
                0x20000110        0x8 ./Generated_Code/GI2C1.o
 .bss.SerFlag   0x20000118        0x2 ./Generated_Code/Inhr1.o
 .bss.BufferRead
                0x2000011a        0x1 ./Generated_Code/Inhr1.o
 .bss.OutBuffer
                0x2000011b        0x1 ./Generated_Code/Inhr1.o
 .bss.PE_LDD_DeviceDataList
                0x2000011c       0x40 ./Generated_Code/PE_LDD.o
                0x2000011c                PE_LDD_DeviceDataList
 .bss.DeviceDataPrv__DEFAULT_RTOS_ALLOC
                0x2000015c       0x20 ./Generated_Code/SM_micro_sd.o
 .bss.INT_SPI1__DEFAULT_RTOS_ISRPARAM
                0x2000017c        0x4 ./Generated_Code/SM_micro_sd.o
 .bss.DeviceDataPrv__DEFAULT_RTOS_ALLOC
                0x20000180       0x24 ./Generated_Code/SMasterLdd1.o
 .bss.INT_SPI0__DEFAULT_RTOS_ISRPARAM
                0x200001a4        0x4 ./Generated_Code/SMasterLdd1.o
 .bss.EnUser    0x200001a8        0x1 ./Generated_Code/SPI0.o
 .bss.SerFlag   0x200001a9        0x1 ./Generated_Code/SPI0.o
 .bss.ErrFlag   0x200001aa        0x1 ./Generated_Code/SPI0.o
 .bss.BufferRead
                0x200001ab        0x1 ./Generated_Code/SPI0.o
 .bss.OutBuffer
                0x200001ac        0x1 ./Generated_Code/SPI0.o
 .bss.SpiClockfeatures
                0x200001ad        0x1 ./Generated_Code/SPI0.o
 .bss.SetAttributeCmd
                0x200001ae        0x1 ./Generated_Code/SPI0.o
 *fill*         0x200001af        0x1 
 .bss.DeviceDataPrv__DEFAULT_RTOS_ALLOC
                0x200001b0        0x4 ./Generated_Code/SS1.o
 .bss.TMOUT1_Counters
                0x200001b4        0x4 ./Generated_Code/TMOUT1.o
 .bss.TMOUT1_FreeCounters
                0x200001b8        0x4 ./Generated_Code/TMOUT1.o
 .bss.DeviceDataPrv__DEFAULT_RTOS_ALLOC
                0x200001bc        0xc ./Generated_Code/TU1.o
 .bss.INT_FTM0__DEFAULT_RTOS_ISRPARAM
                0x200001c8        0x4 ./Generated_Code/TU1.o
 .bss.DeviceDataPrv__DEFAULT_RTOS_ALLOC
                0x200001cc        0xc ./Generated_Code/TU2.o
 .bss.INT_FTM1__DEFAULT_RTOS_ISRPARAM
                0x200001d8        0x4 ./Generated_Code/TU2.o
 .bss.DeviceDataPrv__DEFAULT_RTOS_ALLOC
                0x200001dc        0xc ./Generated_Code/TimerIntLdd1.o
 .bss.DeviceDataPrv__DEFAULT_RTOS_ALLOC
                0x200001e8        0xc ./Generated_Code/TimerIntLdd2.o
 .bss.CntDay    0x200001f4        0x1 ./Generated_Code/TmDt1.o
 .bss.CntMonth  0x200001f5        0x1 ./Generated_Code/TmDt1.o
 .bss.CntYear   0x200001f6        0x2 ./Generated_Code/TmDt1.o
 .bss.tickCntr  0x200001f8        0x4 ./Generated_Code/TmDt1.o
 *(COMMON)
 COMMON         0x200001fc        0x1 ./Static_Code/System/CPU_Init.o
                0x200001fc                SR_reg
 *fill*         0x200001fd        0x3 
 COMMON         0x20000200       0x40 ./Sources/main.o
                0x20000200                t2
                0x20000204                minute
                0x20000205                heure
                0x20000208                write_buf
                0x20000238                seconde
                0x2000023c                t1
 COMMON         0x20000240        0x8 ./Generated_Code/AD1.o
                0x20000240                AD1_OutV
                0x20000244                AdcLdd1_DeviceDataPtr
 COMMON         0x20000248        0x4 ./Generated_Code/Inhr1.o
                0x20000248                ASerialLdd1_DeviceDataPtr
 COMMON         0x2000024c        0x4 ./Generated_Code/SPI0.o
                0x2000024c                SMasterLdd1_DeviceDataPtr
                0x20000250                . = ALIGN (0x4)
                0x20000250                __END_BSS = .
                0x20000250                PROVIDE (__bss_end__, __END_BSS)
                0x00004ae0                _romp_at = ((___ROM_AT + SIZEOF (.data)) + SIZEOF (.m_data_1FFF0000))

.romp           0x20000250       0x24 load address 0x00004ae0
                0x00004ae0                __S_romp = _romp_at
                0x20000250        0x4 LONG 0x4a64 ___ROM_AT
                0x20000254        0x4 LONG 0x20000000 _sdata
                0x20000258        0x4 LONG 0x7c ___data_size
                0x2000025c        0x4 LONG 0x4ae0 ___m_data_1FFF0000_ROMStart
                0x20000260        0x4 LONG 0x1fff0000 ___m_data_1FFF0000_RAMStart
                0x20000264        0x4 LONG 0x0 ___m_data_1FFF0000_ROMSize
                0x20000268        0x4 LONG 0x0
                0x2000026c        0x4 LONG 0x0
                0x20000270        0x4 LONG 0x0
                0x00100000                text_end = (ORIGIN (m_text) + 0xffbf0)
                0x00004b04                data_init_end = ((___m_data_1FFF0000_ROMStart + SIZEOF (.m_data_1FFF0000)) + SIZEOF (.romp))
                0x00000001                ASSERT ((data_init_end <= text_end), region m_text overflowed with text and data)

._user_heap_stack
                0x20000274      0x400 load address 0x00004b04
                0x20000274                . = ALIGN (0x4)
                0x20000274                PROVIDE (end, .)
                0x20000274                PROVIDE (_end, .)
                0x20000274                PROVIDE (__end__, .)
                0x20000274                __heap_addr = .
                0x20000274                __HeapBase = .
                0x20000274                . = (. + __heap_size)
                0x20000274                __HeapLimit = .
                0x20000674                . = (. + __stack_size)
 *fill*         0x20000274      0x400 
                0x20000674                . = ALIGN (0x4)

.ARM.attributes
                0x00000000       0x30
 *(.ARM.attributes)
 .ARM.attributes
                0x00000000       0x22 c:/freescale/kds_v3/toolchain/bin/../lib/gcc/arm-none-eabi/4.8.4/armv7e-m/fpu/crti.o
 .ARM.attributes
                0x00000022       0x34 c:/freescale/kds_v3/toolchain/bin/../lib/gcc/arm-none-eabi/4.8.4/armv7e-m/fpu/crtbegin.o
 .ARM.attributes
                0x00000056       0x20 c:/freescale/kds_v3/toolchain/bin/../lib/gcc/arm-none-eabi/4.8.4/../../../../arm-none-eabi/lib/armv7e-m/fpu/crt0.o
 .ARM.attributes
                0x00000076       0x39 ./Static_Code/System/CPU_Init.o
 .ARM.attributes
                0x000000af       0x39 ./Static_Code/System/Vectors.o
 .ARM.attributes
                0x000000e8       0x39 ./Sources/Alimentation.o
 .ARM.attributes
                0x00000121       0x39 ./Sources/Events.o
 .ARM.attributes
                0x0000015a       0x39 ./Sources/RTC.o
 .ARM.attributes
                0x00000193       0x39 ./Sources/Temperature.o
 .ARM.attributes
                0x000001cc       0x39 ./Sources/alerteGSM.o
 .ARM.attributes
                0x00000205       0x39 ./Sources/main.o
 .ARM.attributes
                0x0000023e       0x39 ./Project_Settings/Startup_Code/startup.o
 .ARM.attributes
                0x00000277       0x39 ./Generated_Code/AD1.o
 .ARM.attributes
                0x000002b0       0x39 ./Generated_Code/ASerialLdd1.o
 .ARM.attributes
                0x000002e9       0x39 ./Generated_Code/AdcLdd1.o
 .ARM.attributes
                0x00000322       0x39 ./Generated_Code/BitIoLdd1.o
 .ARM.attributes
                0x0000035b       0x39 ./Generated_Code/BitIoLdd2.o
 .ARM.attributes
                0x00000394       0x39 ./Generated_Code/BitIoLdd3.o
 .ARM.attributes
                0x000003cd       0x39 ./Generated_Code/BitIoLdd4.o
 .ARM.attributes
                0x00000406       0x39 ./Generated_Code/CD1.o
 .ARM.attributes
                0x0000043f       0x39 ./Generated_Code/CI2C1.o
 .ARM.attributes
                0x00000478       0x39 ./Generated_Code/Carte_microSD.o
 .ARM.attributes
                0x000004b1       0x39 ./Generated_Code/Cpu.o
 .ARM.attributes
                0x000004ea       0x39 ./Generated_Code/ExtIntLdd1.o
 .ARM.attributes
                0x00000523       0x39 ./Generated_Code/GI2C1.o
 .ARM.attributes
                0x0000055c       0x39 ./Generated_Code/Inhr1.o
 .ARM.attributes
                0x00000595       0x39 ./Generated_Code/KBI1.o
 .ARM.attributes
                0x000005ce       0x39 ./Generated_Code/KeyISRpin1.o
 .ARM.attributes
                0x00000607       0x39 ./Generated_Code/PE_LDD.o
 .ARM.attributes
                0x00000640       0x39 ./Generated_Code/SM_micro_sd.o
 .ARM.attributes
                0x00000679       0x39 ./Generated_Code/SMasterLdd1.o
 .ARM.attributes
                0x000006b2       0x39 ./Generated_Code/SPI0.o
 .ARM.attributes
                0x000006eb       0x39 ./Generated_Code/SS1.o
 .ARM.attributes
                0x00000724       0x39 ./Generated_Code/TMOUT1.o
 .ARM.attributes
                0x0000075d       0x39 ./Generated_Code/TU1.o
 .ARM.attributes
                0x00000796       0x39 ./Generated_Code/TU2.o
 .ARM.attributes
                0x000007cf       0x39 ./Generated_Code/TimerCarteSD.o
 .ARM.attributes
                0x00000808       0x39 ./Generated_Code/TimerIntLdd1.o
 .ARM.attributes
                0x00000841       0x39 ./Generated_Code/TimerIntLdd2.o
 .ARM.attributes
                0x0000087a       0x39 ./Generated_Code/TmDt1.o
 .ARM.attributes
                0x000008b3       0x39 ./Generated_Code/WAIT1.o
 .ARM.attributes
                0x000008ec       0x39 ./Generated_Code/interruption_10s.o
 .ARM.attributes
                0x00000925       0x39 ./Generated_Code/uart1.o
 .ARM.attributes
                0x0000095e       0x22 c:/freescale/kds_v3/toolchain/bin/../lib/gcc/arm-none-eabi/4.8.4/armv7e-m/fpu\libgcc.a(_arm_addsubdf3.o)
 .ARM.attributes
                0x00000980       0x22 c:/freescale/kds_v3/toolchain/bin/../lib/gcc/arm-none-eabi/4.8.4/armv7e-m/fpu\libgcc.a(_arm_muldivdf3.o)
 .ARM.attributes
                0x000009a2       0x22 c:/freescale/kds_v3/toolchain/bin/../lib/gcc/arm-none-eabi/4.8.4/armv7e-m/fpu\libgcc.a(_arm_cmpdf2.o)
 .ARM.attributes
                0x000009c4       0x22 c:/freescale/kds_v3/toolchain/bin/../lib/gcc/arm-none-eabi/4.8.4/armv7e-m/fpu\libgcc.a(_arm_fixunsdfsi.o)
 .ARM.attributes
                0x000009e6       0x34 c:/freescale/kds_v3/toolchain/bin/../lib/gcc/arm-none-eabi/4.8.4/../../../../arm-none-eabi/lib/armv7e-m/fpu\libg_s.a(lib_a-exit.o)
 .ARM.attributes
                0x00000a1a       0x34 c:/freescale/kds_v3/toolchain/bin/../lib/gcc/arm-none-eabi/4.8.4/../../../../arm-none-eabi/lib/armv7e-m/fpu\libg_s.a(lib_a-impure.o)
 .ARM.attributes
                0x00000a4e       0x34 c:/freescale/kds_v3/toolchain/bin/../lib/gcc/arm-none-eabi/4.8.4/../../../../arm-none-eabi/lib/armv7e-m/fpu\libg_s.a(lib_a-init.o)
 .ARM.attributes
                0x00000a82       0x34 c:/freescale/kds_v3/toolchain/bin/../lib/gcc/arm-none-eabi/4.8.4/../../../../arm-none-eabi/lib/armv7e-m/fpu\libg_s.a(lib_a-memset.o)
 .ARM.attributes
                0x00000ab6       0x34 c:/freescale/kds_v3/toolchain/bin/../lib/gcc/arm-none-eabi/4.8.4/../../../../arm-none-eabi/lib/armv7e-m/fpu\libnosys.a(_exit.o)
 .ARM.attributes
                0x00000aea       0x22 c:/freescale/kds_v3/toolchain/bin/../lib/gcc/arm-none-eabi/4.8.4/armv7e-m/fpu/crtn.o
OUTPUT(cartesd.elf elf32-littlearm)

.debug_info     0x00000000     0xae67
 .debug_info    0x00000000      0xa9b ./Static_Code/System/CPU_Init.o
 .debug_info    0x00000a9b      0x826 ./Static_Code/System/Vectors.o
 .debug_info    0x000012c1      0x13b ./Sources/Alimentation.o
 .debug_info    0x000013fc      0x185 ./Sources/Events.o
 .debug_info    0x00001581      0x48f ./Sources/RTC.o
 .debug_info    0x00001a10      0x200 ./Sources/Temperature.o
 .debug_info    0x00001c10       0xd1 ./Sources/alerteGSM.o
 .debug_info    0x00001ce1      0x4ba ./Sources/main.o
 .debug_info    0x0000219b      0x3b0 ./Project_Settings/Startup_Code/startup.o
 .debug_info    0x0000254b      0x34e ./Generated_Code/AD1.o
 .debug_info    0x00002899      0x860 ./Generated_Code/ASerialLdd1.o
 .debug_info    0x000030f9      0x8a9 ./Generated_Code/AdcLdd1.o
 .debug_info    0x000039a2      0x511 ./Generated_Code/BitIoLdd1.o
 .debug_info    0x00003eb3      0x511 ./Generated_Code/BitIoLdd2.o
 .debug_info    0x000043c4      0x511 ./Generated_Code/BitIoLdd3.o
 .debug_info    0x000048d5      0x511 ./Generated_Code/BitIoLdd4.o
 .debug_info    0x00004de6      0x537 ./Generated_Code/CD1.o
 .debug_info    0x0000531d      0x8a2 ./Generated_Code/CI2C1.o
 .debug_info    0x00005bbf      0x76c ./Generated_Code/Carte_microSD.o
 .debug_info    0x0000632b       0xa7 ./Generated_Code/Cpu.o
 .debug_info    0x000063d2      0x644 ./Generated_Code/ExtIntLdd1.o
 .debug_info    0x00006a16      0x5d9 ./Generated_Code/GI2C1.o
 .debug_info    0x00006fef      0x20b ./Generated_Code/Inhr1.o
 .debug_info    0x000071fa       0xfb ./Generated_Code/KBI1.o
 .debug_info    0x000072f5       0xb2 ./Generated_Code/KeyISRpin1.o
 .debug_info    0x000073a7      0x251 ./Generated_Code/PE_LDD.o
 .debug_info    0x000075f8      0x8eb ./Generated_Code/SM_micro_sd.o
 .debug_info    0x00007ee3      0x956 ./Generated_Code/SMasterLdd1.o
 .debug_info    0x00008839      0x3f6 ./Generated_Code/SPI0.o
 .debug_info    0x00008c2f      0x537 ./Generated_Code/SS1.o
 .debug_info    0x00009166      0x2c1 ./Generated_Code/TMOUT1.o
 .debug_info    0x00009427      0x647 ./Generated_Code/TU1.o
 .debug_info    0x00009a6e      0x647 ./Generated_Code/TU2.o
 .debug_info    0x0000a0b5       0xb2 ./Generated_Code/TimerCarteSD.o
 .debug_info    0x0000a167      0x177 ./Generated_Code/TimerIntLdd1.o
 .debug_info    0x0000a2de      0x177 ./Generated_Code/TimerIntLdd2.o
 .debug_info    0x0000a455      0x43e ./Generated_Code/TmDt1.o
 .debug_info    0x0000a893      0x148 ./Generated_Code/WAIT1.o
 .debug_info    0x0000a9db       0xb2 ./Generated_Code/interruption_10s.o
 .debug_info    0x0000aa8d      0x3da ./Generated_Code/uart1.o

.debug_abbrev   0x00000000     0x3104
 .debug_abbrev  0x00000000      0x1bf ./Static_Code/System/CPU_Init.o
 .debug_abbrev  0x000001bf       0xd8 ./Static_Code/System/Vectors.o
 .debug_abbrev  0x00000297       0x85 ./Sources/Alimentation.o
 .debug_abbrev  0x0000031c       0xab ./Sources/Events.o
 .debug_abbrev  0x000003c7      0x13c ./Sources/RTC.o
 .debug_abbrev  0x00000503       0xc7 ./Sources/Temperature.o
 .debug_abbrev  0x000005ca       0x70 ./Sources/alerteGSM.o
 .debug_abbrev  0x0000063a      0x13b ./Sources/main.o
 .debug_abbrev  0x00000775      0x189 ./Project_Settings/Startup_Code/startup.o
 .debug_abbrev  0x000008fe      0x190 ./Generated_Code/AD1.o
 .debug_abbrev  0x00000a8e      0x1c3 ./Generated_Code/ASerialLdd1.o
 .debug_abbrev  0x00000c51      0x1b4 ./Generated_Code/AdcLdd1.o
 .debug_abbrev  0x00000e05      0x15d ./Generated_Code/BitIoLdd1.o
 .debug_abbrev  0x00000f62      0x15d ./Generated_Code/BitIoLdd2.o
 .debug_abbrev  0x000010bf      0x15d ./Generated_Code/BitIoLdd3.o
 .debug_abbrev  0x0000121c      0x15d ./Generated_Code/BitIoLdd4.o
 .debug_abbrev  0x00001379      0x186 ./Generated_Code/CD1.o
 .debug_abbrev  0x000014ff      0x1a5 ./Generated_Code/CI2C1.o
 .debug_abbrev  0x000016a4      0x235 ./Generated_Code/Carte_microSD.o
 .debug_abbrev  0x000018d9       0x45 ./Generated_Code/Cpu.o
 .debug_abbrev  0x0000191e      0x177 ./Generated_Code/ExtIntLdd1.o
 .debug_abbrev  0x00001a95      0x1eb ./Generated_Code/GI2C1.o
 .debug_abbrev  0x00001c80      0x117 ./Generated_Code/Inhr1.o
 .debug_abbrev  0x00001d97       0x9f ./Generated_Code/KBI1.o
 .debug_abbrev  0x00001e36       0x68 ./Generated_Code/KeyISRpin1.o
 .debug_abbrev  0x00001e9e      0x10d ./Generated_Code/PE_LDD.o
 .debug_abbrev  0x00001fab      0x1e4 ./Generated_Code/SM_micro_sd.o
 .debug_abbrev  0x0000218f      0x1fe ./Generated_Code/SMasterLdd1.o
 .debug_abbrev  0x0000238d      0x1e6 ./Generated_Code/SPI0.o
 .debug_abbrev  0x00002573      0x186 ./Generated_Code/SS1.o
 .debug_abbrev  0x000026f9       0xaf ./Generated_Code/TMOUT1.o
 .debug_abbrev  0x000027a8      0x16a ./Generated_Code/TU1.o
 .debug_abbrev  0x00002912      0x16a ./Generated_Code/TU2.o
 .debug_abbrev  0x00002a7c       0x68 ./Generated_Code/TimerCarteSD.o
 .debug_abbrev  0x00002ae4       0xdd ./Generated_Code/TimerIntLdd1.o
 .debug_abbrev  0x00002bc1       0xdd ./Generated_Code/TimerIntLdd2.o
 .debug_abbrev  0x00002c9e      0x199 ./Generated_Code/TmDt1.o
 .debug_abbrev  0x00002e37       0xb1 ./Generated_Code/WAIT1.o
 .debug_abbrev  0x00002ee8       0x68 ./Generated_Code/interruption_10s.o
 .debug_abbrev  0x00002f50      0x1b4 ./Generated_Code/uart1.o

.debug_aranges  0x00000000      0xe18
 .debug_aranges
                0x00000000       0x40 ./Static_Code/System/CPU_Init.o
 .debug_aranges
                0x00000040      0x340 ./Static_Code/System/Vectors.o
 .debug_aranges
                0x00000380       0x28 ./Sources/Alimentation.o
 .debug_aranges
                0x000003a8       0x68 ./Sources/Events.o
 .debug_aranges
                0x00000410       0x40 ./Sources/RTC.o
 .debug_aranges
                0x00000450       0x30 ./Sources/Temperature.o
 .debug_aranges
                0x00000480       0x20 ./Sources/alerteGSM.o
 .debug_aranges
                0x000004a0       0x20 ./Sources/main.o
 .debug_aranges
                0x000004c0       0x50 ./Project_Settings/Startup_Code/startup.o
 .debug_aranges
                0x00000510       0x68 ./Generated_Code/AD1.o
 .debug_aranges
                0x00000578       0x58 ./Generated_Code/ASerialLdd1.o
 .debug_aranges
                0x000005d0       0x60 ./Generated_Code/AdcLdd1.o
 .debug_aranges
                0x00000630       0x40 ./Generated_Code/BitIoLdd1.o
 .debug_aranges
                0x00000670       0x40 ./Generated_Code/BitIoLdd2.o
 .debug_aranges
                0x000006b0       0x40 ./Generated_Code/BitIoLdd3.o
 .debug_aranges
                0x000006f0       0x40 ./Generated_Code/BitIoLdd4.o
 .debug_aranges
                0x00000730       0x48 ./Generated_Code/CD1.o
 .debug_aranges
                0x00000778       0x48 ./Generated_Code/CI2C1.o
 .debug_aranges
                0x000007c0       0xd8 ./Generated_Code/Carte_microSD.o
 .debug_aranges
                0x00000898       0x28 ./Generated_Code/Cpu.o
 .debug_aranges
                0x000008c0       0x40 ./Generated_Code/ExtIntLdd1.o
 .debug_aranges
                0x00000900       0xa0 ./Generated_Code/GI2C1.o
 .debug_aranges
                0x000009a0       0x48 ./Generated_Code/Inhr1.o
 .debug_aranges
                0x000009e8       0x38 ./Generated_Code/KBI1.o
 .debug_aranges
                0x00000a20       0x20 ./Generated_Code/KeyISRpin1.o
 .debug_aranges
                0x00000a40       0x30 ./Generated_Code/PE_LDD.o
 .debug_aranges
                0x00000a70       0x48 ./Generated_Code/SM_micro_sd.o
 .debug_aranges
                0x00000ab8       0x58 ./Generated_Code/SMasterLdd1.o
 .debug_aranges
                0x00000b10       0x70 ./Generated_Code/SPI0.o
 .debug_aranges
                0x00000b80       0x48 ./Generated_Code/SS1.o
 .debug_aranges
                0x00000bc8       0x50 ./Generated_Code/TMOUT1.o
 .debug_aranges
                0x00000c18       0x28 ./Generated_Code/TU1.o
 .debug_aranges
                0x00000c40       0x28 ./Generated_Code/TU2.o
 .debug_aranges
                0x00000c68       0x20 ./Generated_Code/TimerCarteSD.o
 .debug_aranges
                0x00000c88       0x28 ./Generated_Code/TimerIntLdd1.o
 .debug_aranges
                0x00000cb0       0x28 ./Generated_Code/TimerIntLdd2.o
 .debug_aranges
                0x00000cd8       0x68 ./Generated_Code/TmDt1.o
 .debug_aranges
                0x00000d40       0x40 ./Generated_Code/WAIT1.o
 .debug_aranges
                0x00000d80       0x20 ./Generated_Code/interruption_10s.o
 .debug_aranges
                0x00000da0       0x78 ./Generated_Code/uart1.o

.debug_ranges   0x00000000      0xb98
 .debug_ranges  0x00000000       0x30 ./Static_Code/System/CPU_Init.o
 .debug_ranges  0x00000030      0x330 ./Static_Code/System/Vectors.o
 .debug_ranges  0x00000360       0x18 ./Sources/Alimentation.o
 .debug_ranges  0x00000378       0x58 ./Sources/Events.o
 .debug_ranges  0x000003d0       0x30 ./Sources/RTC.o
 .debug_ranges  0x00000400       0x20 ./Sources/Temperature.o
 .debug_ranges  0x00000420       0x10 ./Sources/alerteGSM.o
 .debug_ranges  0x00000430       0x10 ./Sources/main.o
 .debug_ranges  0x00000440       0x40 ./Project_Settings/Startup_Code/startup.o
 .debug_ranges  0x00000480       0x58 ./Generated_Code/AD1.o
 .debug_ranges  0x000004d8       0x48 ./Generated_Code/ASerialLdd1.o
 .debug_ranges  0x00000520       0x50 ./Generated_Code/AdcLdd1.o
 .debug_ranges  0x00000570       0x30 ./Generated_Code/BitIoLdd1.o
 .debug_ranges  0x000005a0       0x30 ./Generated_Code/BitIoLdd2.o
 .debug_ranges  0x000005d0       0x30 ./Generated_Code/BitIoLdd3.o
 .debug_ranges  0x00000600       0x30 ./Generated_Code/BitIoLdd4.o
 .debug_ranges  0x00000630       0x38 ./Generated_Code/CD1.o
 .debug_ranges  0x00000668       0x38 ./Generated_Code/CI2C1.o
 .debug_ranges  0x000006a0       0xc8 ./Generated_Code/Carte_microSD.o
 .debug_ranges  0x00000768       0x18 ./Generated_Code/Cpu.o
 .debug_ranges  0x00000780       0x30 ./Generated_Code/ExtIntLdd1.o
 .debug_ranges  0x000007b0       0x90 ./Generated_Code/GI2C1.o
 .debug_ranges  0x00000840       0x38 ./Generated_Code/Inhr1.o
 .debug_ranges  0x00000878       0x28 ./Generated_Code/KBI1.o
 .debug_ranges  0x000008a0       0x10 ./Generated_Code/KeyISRpin1.o
 .debug_ranges  0x000008b0       0x20 ./Generated_Code/PE_LDD.o
 .debug_ranges  0x000008d0       0x38 ./Generated_Code/SM_micro_sd.o
 .debug_ranges  0x00000908       0x48 ./Generated_Code/SMasterLdd1.o
 .debug_ranges  0x00000950       0x60 ./Generated_Code/SPI0.o
 .debug_ranges  0x000009b0       0x38 ./Generated_Code/SS1.o
 .debug_ranges  0x000009e8       0x40 ./Generated_Code/TMOUT1.o
 .debug_ranges  0x00000a28       0x18 ./Generated_Code/TU1.o
 .debug_ranges  0x00000a40       0x18 ./Generated_Code/TU2.o
 .debug_ranges  0x00000a58       0x10 ./Generated_Code/TimerCarteSD.o
 .debug_ranges  0x00000a68       0x18 ./Generated_Code/TimerIntLdd1.o
 .debug_ranges  0x00000a80       0x18 ./Generated_Code/TimerIntLdd2.o
 .debug_ranges  0x00000a98       0x58 ./Generated_Code/TmDt1.o
 .debug_ranges  0x00000af0       0x30 ./Generated_Code/WAIT1.o
 .debug_ranges  0x00000b20       0x10 ./Generated_Code/interruption_10s.o
 .debug_ranges  0x00000b30       0x68 ./Generated_Code/uart1.o

.debug_macro    0x00000000    0x36a7b
 .debug_macro   0x00000000      0x46e ./Static_Code/System/CPU_Init.o
 .debug_macro   0x0000046e      0x850 ./Static_Code/System/CPU_Init.o
 .debug_macro   0x00000cbe       0x16 ./Static_Code/System/CPU_Init.o
 .debug_macro   0x00000cd4       0x44 ./Static_Code/System/CPU_Init.o
 .debug_macro   0x00000d18      0x209 ./Static_Code/System/CPU_Init.o
 .debug_macro   0x00000f21     0x17de ./Static_Code/System/CPU_Init.o
 .debug_macro   0x000026ff    0x110ae ./Static_Code/System/CPU_Init.o
 .debug_macro   0x000137ad      0x4b1 ./Static_Code/System/CPU_Init.o
 .debug_macro   0x00013c5e      0x14e ./Static_Code/System/CPU_Init.o
 .debug_macro   0x00013dac       0x6a ./Static_Code/System/CPU_Init.o
 .debug_macro   0x00013e16       0x58 ./Static_Code/System/CPU_Init.o
 .debug_macro   0x00013e6e       0x35 ./Static_Code/System/CPU_Init.o
 .debug_macro   0x00013ea3       0xa3 ./Static_Code/System/CPU_Init.o
 .debug_macro   0x00013f46       0x16 ./Static_Code/System/CPU_Init.o
 .debug_macro   0x00013f5c       0x52 ./Static_Code/System/CPU_Init.o
 .debug_macro   0x00013fae       0x94 ./Static_Code/System/CPU_Init.o
 .debug_macro   0x00014042      0x642 ./Static_Code/System/CPU_Init.o
 .debug_macro   0x00014684       0x51 ./Static_Code/System/CPU_Init.o
 .debug_macro   0x000146d5      0x132 ./Static_Code/System/CPU_Init.o
 .debug_macro   0x00014807       0x46 ./Static_Code/System/CPU_Init.o
 .debug_macro   0x0001484d       0x4c ./Static_Code/System/CPU_Init.o
 .debug_macro   0x00014899       0x3d ./Static_Code/System/CPU_Init.o
 .debug_macro   0x000148d6       0x2e ./Static_Code/System/CPU_Init.o
 .debug_macro   0x00014904       0x1c ./Static_Code/System/CPU_Init.o
 .debug_macro   0x00014920       0x1c ./Static_Code/System/CPU_Init.o
 .debug_macro   0x0001493c       0xe4 ./Static_Code/System/CPU_Init.o
 .debug_macro   0x00014a20       0xd6 ./Static_Code/System/CPU_Init.o
 .debug_macro   0x00014af6       0xeb ./Static_Code/System/CPU_Init.o
 .debug_macro   0x00014be1       0x1c ./Static_Code/System/CPU_Init.o
 .debug_macro   0x00014bfd      0x166 ./Static_Code/System/CPU_Init.o
 .debug_macro   0x00014d63       0x52 ./Static_Code/System/CPU_Init.o
 .debug_macro   0x00014db5       0x16 ./Static_Code/System/CPU_Init.o
 .debug_macro   0x00014dcb       0x43 ./Static_Code/System/CPU_Init.o
 .debug_macro   0x00014e0e      0x180 ./Static_Code/System/CPU_Init.o
 .debug_macro   0x00014f8e      0x2a6 ./Static_Code/System/CPU_Init.o
 .debug_macro   0x00015234       0x10 ./Static_Code/System/CPU_Init.o
 .debug_macro   0x00015244       0x35 ./Static_Code/System/CPU_Init.o
 .debug_macro   0x00015279       0x19 ./Static_Code/System/CPU_Init.o
 .debug_macro   0x00015292       0xf4 ./Static_Code/System/CPU_Init.o
 .debug_macro   0x00015386       0xe4 ./Static_Code/System/CPU_Init.o
 .debug_macro   0x0001546a      0x6a6 ./Static_Code/System/CPU_Init.o
 .debug_macro   0x00015b10       0x4a ./Static_Code/System/CPU_Init.o
 .debug_macro   0x00015b5a       0x1c ./Static_Code/System/CPU_Init.o
 .debug_macro   0x00015b76       0x43 ./Static_Code/System/CPU_Init.o
 .debug_macro   0x00015bb9       0x16 ./Static_Code/System/CPU_Init.o
 .debug_macro   0x00015bcf       0xaf ./Static_Code/System/CPU_Init.o
 .debug_macro   0x00015c7e       0x58 ./Static_Code/System/CPU_Init.o
 .debug_macro   0x00015cd6       0x18 ./Static_Code/System/CPU_Init.o
 .debug_macro   0x00015cee       0x46 ./Static_Code/System/CPU_Init.o
 .debug_macro   0x00015d34       0x1f ./Static_Code/System/CPU_Init.o
 .debug_macro   0x00015d53       0x46 ./Static_Code/System/CPU_Init.o
 .debug_macro   0x00015d99       0x1f ./Static_Code/System/CPU_Init.o
 .debug_macro   0x00015db8       0x5d ./Static_Code/System/CPU_Init.o
 .debug_macro   0x00015e15       0x11 ./Static_Code/System/CPU_Init.o
 .debug_macro   0x00015e26       0x46 ./Static_Code/System/CPU_Init.o
 .debug_macro   0x00015e6c       0x1f ./Static_Code/System/CPU_Init.o
 .debug_macro   0x00015e8b       0x46 ./Static_Code/System/CPU_Init.o
 .debug_macro   0x00015ed1       0x1f ./Static_Code/System/CPU_Init.o
 .debug_macro   0x00015ef0      0x4ea ./Static_Code/System/CPU_Init.o
 .debug_macro   0x000163da       0x3a ./Static_Code/System/CPU_Init.o
 .debug_macro   0x00016414       0x17 ./Static_Code/System/CPU_Init.o
 .debug_macro   0x0001642b       0x50 ./Static_Code/System/CPU_Init.o
 .debug_macro   0x0001647b       0x1c ./Static_Code/System/CPU_Init.o
 .debug_macro   0x00016497      0x61c ./Static_Code/System/CPU_Init.o
 .debug_macro   0x00016ab3       0x7b ./Static_Code/System/CPU_Init.o
 .debug_macro   0x00016b2e       0x10 ./Static_Code/System/CPU_Init.o
 .debug_macro   0x00016b3e       0x4c ./Static_Code/System/CPU_Init.o
 .debug_macro   0x00016b8a      0x2b6 ./Static_Code/System/CPU_Init.o
 .debug_macro   0x00016e40      0x45c ./Static_Code/System/Vectors.o
 .debug_macro   0x0001729c      0x5b2 ./Sources/Alimentation.o
 .debug_macro   0x0001784e      0x625 ./Sources/Alimentation.o
 .debug_macro   0x00017e73      0x328 ./Sources/Alimentation.o
 .debug_macro   0x0001819b      0x1e9 ./Sources/Alimentation.o
 .debug_macro   0x00018384      0x109 ./Sources/Alimentation.o
 .debug_macro   0x0001848d      0x17f ./Sources/Alimentation.o
 .debug_macro   0x0001860c      0x202 ./Sources/Alimentation.o
 .debug_macro   0x0001880e      0x91e ./Sources/Alimentation.o
 .debug_macro   0x0001912c      0x585 ./Sources/Alimentation.o
 .debug_macro   0x000196b1       0x9e ./Sources/Alimentation.o
 .debug_macro   0x0001974f      0x1f9 ./Sources/Alimentation.o
 .debug_macro   0x00019948      0x50f ./Sources/Alimentation.o
 .debug_macro   0x00019e57      0x29c ./Sources/Alimentation.o
 .debug_macro   0x0001a0f3      0x264 ./Sources/Alimentation.o
 .debug_macro   0x0001a357      0x25b ./Sources/Alimentation.o
 .debug_macro   0x0001a5b2      0x4f1 ./Sources/Alimentation.o
 .debug_macro   0x0001aaa3      0x13f ./Sources/Alimentation.o
 .debug_macro   0x0001abe2       0x6c ./Sources/Alimentation.o
 .debug_macro   0x0001ac4e      0x30d ./Sources/Alimentation.o
 .debug_macro   0x0001af5b       0xbb ./Sources/Alimentation.o
 .debug_macro   0x0001b016       0xe9 ./Sources/Alimentation.o
 .debug_macro   0x0001b0ff      0x18f ./Sources/Alimentation.o
 .debug_macro   0x0001b28e       0xea ./Sources/Alimentation.o
 .debug_macro   0x0001b378      0x344 ./Sources/Alimentation.o
 .debug_macro   0x0001b6bc      0x824 ./Sources/Alimentation.o
 .debug_macro   0x0001bee0      0x179 ./Sources/Alimentation.o
 .debug_macro   0x0001c059      0x644 ./Sources/Alimentation.o
 .debug_macro   0x0001c69d      0xa28 ./Sources/Alimentation.o
 .debug_macro   0x0001d0c5      0x124 ./Sources/Alimentation.o
 .debug_macro   0x0001d1e9       0x81 ./Sources/Alimentation.o
 .debug_macro   0x0001d26a      0x7bf ./Sources/Alimentation.o
 .debug_macro   0x0001da29      0x10f ./Sources/Alimentation.o
 .debug_macro   0x0001db38      0x66f ./Sources/Alimentation.o
 .debug_macro   0x0001e1a7       0x7b ./Sources/Alimentation.o
 .debug_macro   0x0001e222      0x182 ./Sources/Alimentation.o
 .debug_macro   0x0001e3a4      0x554 ./Sources/Events.o
 .debug_macro   0x0001e8f8      0x5b2 ./Sources/RTC.o
 .debug_macro   0x0001eeaa      0x5b6 ./Sources/Temperature.o
 .debug_macro   0x0001f460      0x5b2 ./Sources/alerteGSM.o
 .debug_macro   0x0001fa12      0x5b2 ./Sources/main.o
 .debug_macro   0x0001ffc4      0x121 ./Project_Settings/Startup_Code/startup.o
 .debug_macro   0x000200e5       0x4a ./Project_Settings/Startup_Code/startup.o
 .debug_macro   0x0002012f       0x16 ./Project_Settings/Startup_Code/startup.o
 .debug_macro   0x00020145       0x22 ./Project_Settings/Startup_Code/startup.o
 .debug_macro   0x00020167       0x10 ./Project_Settings/Startup_Code/startup.o
 .debug_macro   0x00020177      0x20f ./Project_Settings/Startup_Code/startup.o
 .debug_macro   0x00020386    0x110a2 ./Project_Settings/Startup_Code/startup.o
 .debug_macro   0x00031428      0x426 ./Generated_Code/AD1.o
 .debug_macro   0x0003184e      0x112 ./Generated_Code/ASerialLdd1.o
 .debug_macro   0x00031960       0x57 ./Generated_Code/ASerialLdd1.o
 .debug_macro   0x000319b7       0x17 ./Generated_Code/ASerialLdd1.o
 .debug_macro   0x000319ce      0x7b9 ./Generated_Code/ASerialLdd1.o
 .debug_macro   0x00032187      0x127 ./Generated_Code/AdcLdd1.o
 .debug_macro   0x000322ae      0x616 ./Generated_Code/AdcLdd1.o
 .debug_macro   0x000328c4       0xfa ./Generated_Code/BitIoLdd1.o
 .debug_macro   0x000329be      0x12c ./Generated_Code/BitIoLdd1.o
 .debug_macro   0x00032aea       0x40 ./Generated_Code/BitIoLdd1.o
 .debug_macro   0x00032b2a       0xfa ./Generated_Code/BitIoLdd2.o
 .debug_macro   0x00032c24       0x40 ./Generated_Code/BitIoLdd2.o
 .debug_macro   0x00032c64       0xfa ./Generated_Code/BitIoLdd3.o
 .debug_macro   0x00032d5e       0x40 ./Generated_Code/BitIoLdd3.o
 .debug_macro   0x00032d9e       0xfa ./Generated_Code/BitIoLdd4.o
 .debug_macro   0x00032e98       0x40 ./Generated_Code/BitIoLdd4.o
 .debug_macro   0x00032ed8       0xfa ./Generated_Code/CD1.o
 .debug_macro   0x00032fd2       0x46 ./Generated_Code/CD1.o
 .debug_macro   0x00033018      0x14f ./Generated_Code/CI2C1.o
 .debug_macro   0x00033167       0x37 ./Generated_Code/CI2C1.o
 .debug_macro   0x0003319e      0x4e4 ./Generated_Code/CI2C1.o
 .debug_macro   0x00033682      0x1d0 ./Generated_Code/Carte_microSD.o
 .debug_macro   0x00033852      0x428 ./Generated_Code/Cpu.o
 .debug_macro   0x00033c7a      0x112 ./Generated_Code/ExtIntLdd1.o
 .debug_macro   0x00033d8c       0xfa ./Generated_Code/GI2C1.o
 .debug_macro   0x00033e86      0x12d ./Generated_Code/Inhr1.o
 .debug_macro   0x00033fb3      0x408 ./Generated_Code/KBI1.o
 .debug_macro   0x000343bb      0x11c ./Generated_Code/KeyISRpin1.o
 .debug_macro   0x000344d7      0x394 ./Generated_Code/PE_LDD.o
 .debug_macro   0x0003486b      0x41d ./Generated_Code/SM_micro_sd.o
 .debug_macro   0x00034c88      0x11b ./Generated_Code/SMasterLdd1.o
 .debug_macro   0x00034da3       0x51 ./Generated_Code/SMasterLdd1.o
 .debug_macro   0x00034df4      0x456 ./Generated_Code/SPI0.o
 .debug_macro   0x0003524a       0xfa ./Generated_Code/SS1.o
 .debug_macro   0x00035344       0xf7 ./Generated_Code/TMOUT1.o
 .debug_macro   0x0003543b      0x10f ./Generated_Code/TU1.o
 .debug_macro   0x0003554a      0x6a0 ./Generated_Code/TU1.o
 .debug_macro   0x00035bea      0x10f ./Generated_Code/TU2.o
 .debug_macro   0x00035cf9       0x4a ./Generated_Code/TU2.o
 .debug_macro   0x00035d43      0x408 ./Generated_Code/TimerCarteSD.o
 .debug_macro   0x0003614b      0x119 ./Generated_Code/TimerIntLdd1.o
 .debug_macro   0x00036264      0x119 ./Generated_Code/TimerIntLdd2.o
 .debug_macro   0x0003637d       0xfd ./Generated_Code/TmDt1.o
 .debug_macro   0x0003647a       0x16 ./Generated_Code/TmDt1.o
 .debug_macro   0x00036490       0xe2 ./Generated_Code/WAIT1.o
 .debug_macro   0x00036572      0x408 ./Generated_Code/interruption_10s.o
 .debug_macro   0x0003697a      0x101 ./Generated_Code/uart1.o

.debug_line     0x00000000     0xdf9e
 .debug_line    0x00000000      0x7ec ./Static_Code/System/CPU_Init.o
 .debug_line    0x000007ec      0xd95 ./Static_Code/System/Vectors.o
 .debug_line    0x00001581      0x8a4 ./Sources/Alimentation.o
 .debug_line    0x00001e25      0x8b4 ./Sources/Events.o
 .debug_line    0x000026d9      0x917 ./Sources/RTC.o
 .debug_line    0x00002ff0      0x8d3 ./Sources/Temperature.o
 .debug_line    0x000038c3      0x88f ./Sources/alerteGSM.o
 .debug_line    0x00004152      0x8a0 ./Sources/main.o
 .debug_line    0x000049f2      0x3c7 ./Project_Settings/Startup_Code/startup.o
 .debug_line    0x00004db9      0x768 ./Generated_Code/AD1.o
 .debug_line    0x00005521      0x42b ./Generated_Code/ASerialLdd1.o
 .debug_line    0x0000594c      0x440 ./Generated_Code/AdcLdd1.o
 .debug_line    0x00005d8c      0x387 ./Generated_Code/BitIoLdd1.o
 .debug_line    0x00006113      0x387 ./Generated_Code/BitIoLdd2.o
 .debug_line    0x0000649a      0x387 ./Generated_Code/BitIoLdd3.o
 .debug_line    0x00006821      0x387 ./Generated_Code/BitIoLdd4.o
 .debug_line    0x00006ba8      0x38e ./Generated_Code/CD1.o
 .debug_line    0x00006f36      0x495 ./Generated_Code/CI2C1.o
 .debug_line    0x000073cb      0x757 ./Generated_Code/Carte_microSD.o
 .debug_line    0x00007b22      0x6e1 ./Generated_Code/Cpu.o
 .debug_line    0x00008203      0x3ac ./Generated_Code/ExtIntLdd1.o
 .debug_line    0x000085af      0x4a8 ./Generated_Code/GI2C1.o
 .debug_line    0x00008a57      0x355 ./Generated_Code/Inhr1.o
 .debug_line    0x00008dac      0x6a0 ./Generated_Code/KBI1.o
 .debug_line    0x0000944c      0x360 ./Generated_Code/KeyISRpin1.o
 .debug_line    0x000097ac      0x675 ./Generated_Code/PE_LDD.o
 .debug_line    0x00009e21      0x75e ./Generated_Code/SM_micro_sd.o
 .debug_line    0x0000a57f      0x44e ./Generated_Code/SMasterLdd1.o
 .debug_line    0x0000a9cd      0x7c6 ./Generated_Code/SPI0.o
 .debug_line    0x0000b193      0x38e ./Generated_Code/SS1.o
 .debug_line    0x0000b521      0x39b ./Generated_Code/TMOUT1.o
 .debug_line    0x0000b8bc      0x376 ./Generated_Code/TU1.o
 .debug_line    0x0000bc32      0x370 ./Generated_Code/TU2.o
 .debug_line    0x0000bfa2      0x67b ./Generated_Code/TimerCarteSD.o
 .debug_line    0x0000c61d      0x371 ./Generated_Code/TimerIntLdd1.o
 .debug_line    0x0000c98e      0x375 ./Generated_Code/TimerIntLdd2.o
 .debug_line    0x0000cd03      0x3ea ./Generated_Code/TmDt1.o
 .debug_line    0x0000d0ed      0x340 ./Generated_Code/WAIT1.o
 .debug_line    0x0000d42d      0x683 ./Generated_Code/interruption_10s.o
 .debug_line    0x0000dab0      0x4ee ./Generated_Code/uart1.o

.debug_str      0x00000000    0xf03fd
 .debug_str     0x00000000    0x87dda ./Static_Code/System/CPU_Init.o
                              0x8800a (size before relaxing)
 .debug_str     0x00087dda      0x984 ./Static_Code/System/Vectors.o
                              0x8842e (size before relaxing)
 .debug_str     0x0008875e    0x64fab ./Sources/Alimentation.o
                              0xeb9f3 (size before relaxing)
 .debug_str     0x000ed709       0xee ./Sources/Events.o
                              0xeb9f1 (size before relaxing)
 .debug_str     0x000ed7f7      0x151 ./Sources/RTC.o
                              0xebb04 (size before relaxing)
 .debug_str     0x000ed948       0x72 ./Sources/Temperature.o
                              0xeba4b (size before relaxing)
 .debug_str     0x000ed9ba       0x25 ./Sources/alerteGSM.o
                              0xeb9c4 (size before relaxing)
 .debug_str     0x000ed9df      0x106 ./Sources/main.o
                              0xebb29 (size before relaxing)
 .debug_str     0x000edae5      0x17c ./Project_Settings/Startup_Code/startup.o
                              0x6369e (size before relaxing)
 .debug_str     0x000edc61      0x174 ./Generated_Code/AD1.o
                              0x86c1c (size before relaxing)
 .debug_str     0x000eddd5      0x288 ./Generated_Code/ASerialLdd1.o
                              0x79454 (size before relaxing)
 .debug_str     0x000ee05d      0x34c ./Generated_Code/AdcLdd1.o
                              0x6f6b7 (size before relaxing)
 .debug_str     0x000ee3a9       0xe2 ./Generated_Code/BitIoLdd1.o
                              0x6afa2 (size before relaxing)
 .debug_str     0x000ee48b       0xa0 ./Generated_Code/BitIoLdd2.o
                              0x6afa4 (size before relaxing)
 .debug_str     0x000ee52b       0xa0 ./Generated_Code/BitIoLdd3.o
                              0x6afa4 (size before relaxing)
 .debug_str     0x000ee5cb       0xa0 ./Generated_Code/BitIoLdd4.o
                              0x6afa2 (size before relaxing)
 .debug_str     0x000ee66b       0x7b ./Generated_Code/CD1.o
                              0x6af52 (size before relaxing)
 .debug_str     0x000ee6e6      0x299 ./Generated_Code/CI2C1.o
                              0x7138f (size before relaxing)
 .debug_str     0x000ee97f      0x695 ./Generated_Code/Carte_microSD.o
                              0x71c56 (size before relaxing)
 .debug_str     0x000ef014       0x28 ./Generated_Code/Cpu.o
                              0x86a75 (size before relaxing)
 .debug_str     0x000ef03c       0xb8 ./Generated_Code/ExtIntLdd1.o
                              0x6e5a9 (size before relaxing)
 .debug_str     0x000ef0f4      0x278 ./Generated_Code/GI2C1.o
                              0x6a680 (size before relaxing)
 .debug_str     0x000ef36c      0x16c ./Generated_Code/Inhr1.o
                              0x6a1f8 (size before relaxing)
 .debug_str     0x000ef4d8       0x55 ./Generated_Code/KBI1.o
                              0x86aa7 (size before relaxing)
 .debug_str     0x000ef52d       0x36 ./Generated_Code/KeyISRpin1.o
                              0x6e2f4 (size before relaxing)
 .debug_str     0x000ef563      0x166 ./Generated_Code/PE_LDD.o
                              0x86bfd (size before relaxing)
 .debug_str     0x000ef6c9      0x273 ./Generated_Code/SM_micro_sd.o
                              0x86f6d (size before relaxing)
 .debug_str     0x000ef93c      0x16d ./Generated_Code/SMasterLdd1.o
                              0x700b9 (size before relaxing)
 .debug_str     0x000efaa9      0x1d0 ./Generated_Code/SPI0.o
                              0x86d0a (size before relaxing)
 .debug_str     0x000efc79       0x7b ./Generated_Code/SS1.o
                              0x6af50 (size before relaxing)
 .debug_str     0x000efcf4       0xf7 ./Generated_Code/TMOUT1.o
                              0x6a1e5 (size before relaxing)
 .debug_str     0x000efdeb      0x16b ./Generated_Code/TU1.o
                              0x73586 (size before relaxing)
 .debug_str     0x000eff56       0x64 ./Generated_Code/TU2.o
                              0x73578 (size before relaxing)
 .debug_str     0x000effba       0x3a ./Generated_Code/TimerCarteSD.o
                              0x86a7b (size before relaxing)
 .debug_str     0x000efff4       0xb7 ./Generated_Code/TimerIntLdd1.o
                              0x7338e (size before relaxing)
 .debug_str     0x000f00ab       0x61 ./Generated_Code/TimerIntLdd2.o
                              0x73384 (size before relaxing)
 .debug_str     0x000f010c      0x128 ./Generated_Code/TmDt1.o
                              0x6a213 (size before relaxing)
 .debug_str     0x000f0234       0x84 ./Generated_Code/WAIT1.o
                              0x6a25e (size before relaxing)
 .debug_str     0x000f02b8       0x3e ./Generated_Code/interruption_10s.o
                              0x86a7f (size before relaxing)
 .debug_str     0x000f02f6      0x107 ./Generated_Code/uart1.o
                              0x6a184 (size before relaxing)

.comment        0x00000000       0x70
 .comment       0x00000000       0x70 ./Static_Code/System/CPU_Init.o
                                 0x71 (size before relaxing)
 .comment       0x00000000       0x71 ./Static_Code/System/Vectors.o
 .comment       0x00000000       0x71 ./Sources/Alimentation.o
 .comment       0x00000000       0x71 ./Sources/Events.o
 .comment       0x00000000       0x71 ./Sources/RTC.o
 .comment       0x00000000       0x71 ./Sources/Temperature.o
 .comment       0x00000000       0x71 ./Sources/alerteGSM.o
 .comment       0x00000000       0x71 ./Sources/main.o
 .comment       0x00000000       0x71 ./Project_Settings/Startup_Code/startup.o
 .comment       0x00000000       0x71 ./Generated_Code/AD1.o
 .comment       0x00000000       0x71 ./Generated_Code/ASerialLdd1.o
 .comment       0x00000000       0x71 ./Generated_Code/AdcLdd1.o
 .comment       0x00000000       0x71 ./Generated_Code/BitIoLdd1.o
 .comment       0x00000000       0x71 ./Generated_Code/BitIoLdd2.o
 .comment       0x00000000       0x71 ./Generated_Code/BitIoLdd3.o
 .comment       0x00000000       0x71 ./Generated_Code/BitIoLdd4.o
 .comment       0x00000000       0x71 ./Generated_Code/CD1.o
 .comment       0x00000000       0x71 ./Generated_Code/CI2C1.o
 .comment       0x00000000       0x71 ./Generated_Code/Carte_microSD.o
 .comment       0x00000000       0x71 ./Generated_Code/Cpu.o
 .comment       0x00000000       0x71 ./Generated_Code/ExtIntLdd1.o
 .comment       0x00000000       0x71 ./Generated_Code/GI2C1.o
 .comment       0x00000000       0x71 ./Generated_Code/Inhr1.o
 .comment       0x00000000       0x71 ./Generated_Code/KBI1.o
 .comment       0x00000000       0x71 ./Generated_Code/KeyISRpin1.o
 .comment       0x00000000       0x71 ./Generated_Code/PE_LDD.o
 .comment       0x00000000       0x71 ./Generated_Code/SM_micro_sd.o
 .comment       0x00000000       0x71 ./Generated_Code/SMasterLdd1.o
 .comment       0x00000000       0x71 ./Generated_Code/SPI0.o
 .comment       0x00000000       0x71 ./Generated_Code/SS1.o
 .comment       0x00000000       0x71 ./Generated_Code/TMOUT1.o
 .comment       0x00000000       0x71 ./Generated_Code/TU1.o
 .comment       0x00000000       0x71 ./Generated_Code/TU2.o
 .comment       0x00000000       0x71 ./Generated_Code/TimerCarteSD.o
 .comment       0x00000000       0x71 ./Generated_Code/TimerIntLdd1.o
 .comment       0x00000000       0x71 ./Generated_Code/TimerIntLdd2.o
 .comment       0x00000000       0x71 ./Generated_Code/TmDt1.o
 .comment       0x00000000       0x71 ./Generated_Code/WAIT1.o
 .comment       0x00000000       0x71 ./Generated_Code/interruption_10s.o
 .comment       0x00000000       0x71 ./Generated_Code/uart1.o

.debug_frame    0x00000000     0x29c8
 .debug_frame   0x00000000       0x9c ./Static_Code/System/CPU_Init.o
 .debug_frame   0x0000009c      0xcb0 ./Static_Code/System/Vectors.o
 .debug_frame   0x00000d4c       0x58 ./Sources/Alimentation.o
 .debug_frame   0x00000da4      0x108 ./Sources/Events.o
 .debug_frame   0x00000eac       0xac ./Sources/RTC.o
 .debug_frame   0x00000f58       0x70 ./Sources/Temperature.o
 .debug_frame   0x00000fc8       0x30 ./Sources/alerteGSM.o
 .debug_frame   0x00000ff8       0x30 ./Sources/main.o
 .debug_frame   0x00001028       0xc0 ./Project_Settings/Startup_Code/startup.o
 .debug_frame   0x000010e8      0x134 ./Generated_Code/AD1.o
 .debug_frame   0x0000121c      0x100 ./Generated_Code/ASerialLdd1.o
 .debug_frame   0x0000131c      0x114 ./Generated_Code/AdcLdd1.o
 .debug_frame   0x00001430       0x9c ./Generated_Code/BitIoLdd1.o
 .debug_frame   0x000014cc       0x9c ./Generated_Code/BitIoLdd2.o
 .debug_frame   0x00001568       0x9c ./Generated_Code/BitIoLdd3.o
 .debug_frame   0x00001604       0x9c ./Generated_Code/BitIoLdd4.o
 .debug_frame   0x000016a0       0xb8 ./Generated_Code/CD1.o
 .debug_frame   0x00001758       0xc4 ./Generated_Code/CI2C1.o
 .debug_frame   0x0000181c      0x2d8 ./Generated_Code/Carte_microSD.o
 .debug_frame   0x00001af4       0x50 ./Generated_Code/Cpu.o
 .debug_frame   0x00001b44       0xa4 ./Generated_Code/ExtIntLdd1.o
 .debug_frame   0x00001be8      0x200 ./Generated_Code/GI2C1.o
 .debug_frame   0x00001de8       0xc0 ./Generated_Code/Inhr1.o
 .debug_frame   0x00001ea8       0x80 ./Generated_Code/KBI1.o
 .debug_frame   0x00001f28       0x30 ./Generated_Code/KeyISRpin1.o
 .debug_frame   0x00001f58       0x64 ./Generated_Code/PE_LDD.o
 .debug_frame   0x00001fbc       0xc0 ./Generated_Code/SM_micro_sd.o
 .debug_frame   0x0000207c      0x100 ./Generated_Code/SMasterLdd1.o
 .debug_frame   0x0000217c      0x154 ./Generated_Code/SPI0.o
 .debug_frame   0x000022d0       0xb8 ./Generated_Code/SS1.o
 .debug_frame   0x00002388       0xd4 ./Generated_Code/TMOUT1.o
 .debug_frame   0x0000245c       0x50 ./Generated_Code/TU1.o
 .debug_frame   0x000024ac       0x50 ./Generated_Code/TU2.o
 .debug_frame   0x000024fc       0x30 ./Generated_Code/TimerCarteSD.o
 .debug_frame   0x0000252c       0x50 ./Generated_Code/TimerIntLdd1.o
 .debug_frame   0x0000257c       0x50 ./Generated_Code/TimerIntLdd2.o
 .debug_frame   0x000025cc      0x130 ./Generated_Code/TmDt1.o
 .debug_frame   0x000026fc       0x90 ./Generated_Code/WAIT1.o
 .debug_frame   0x0000278c       0x30 ./Generated_Code/interruption_10s.o
 .debug_frame   0x000027bc      0x178 ./Generated_Code/uart1.o
 .debug_frame   0x00002934       0x28 c:/freescale/kds_v3/toolchain/bin/../lib/gcc/arm-none-eabi/4.8.4/../../../../arm-none-eabi/lib/armv7e-m/fpu\libg_s.a(lib_a-exit.o)
 .debug_frame   0x0000295c       0x2c c:/freescale/kds_v3/toolchain/bin/../lib/gcc/arm-none-eabi/4.8.4/../../../../arm-none-eabi/lib/armv7e-m/fpu\libg_s.a(lib_a-init.o)
 .debug_frame   0x00002988       0x20 c:/freescale/kds_v3/toolchain/bin/../lib/gcc/arm-none-eabi/4.8.4/../../../../arm-none-eabi/lib/armv7e-m/fpu\libg_s.a(lib_a-memset.o)
 .debug_frame   0x000029a8       0x20 c:/freescale/kds_v3/toolchain/bin/../lib/gcc/arm-none-eabi/4.8.4/../../../../arm-none-eabi/lib/armv7e-m/fpu\libnosys.a(_exit.o)
