Archive member included because of file (symbol)

c:/freescale/kds_v3/toolchain/bin/../lib/gcc/arm-none-eabi/4.8.4/armv7e-m/fpu\libgcc.a(_arm_addsubdf3.o)
                              ./Sources/Alimentation.o (__aeabi_i2d)
c:/freescale/kds_v3/toolchain/bin/../lib/gcc/arm-none-eabi/4.8.4/armv7e-m/fpu\libgcc.a(_arm_muldivdf3.o)
                              ./Sources/Alimentation.o (__aeabi_dmul)
c:/freescale/kds_v3/toolchain/bin/../lib/gcc/arm-none-eabi/4.8.4/armv7e-m/fpu\libgcc.a(_arm_cmpdf2.o)
                              ./Sources/Alimentation.o (__aeabi_dcmplt)
c:/freescale/kds_v3/toolchain/bin/../lib/gcc/arm-none-eabi/4.8.4/armv7e-m/fpu\libgcc.a(_arm_fixunsdfsi.o)
                              ./Sources/Alimentation.o (__aeabi_d2uiz)
c:/freescale/kds_v3/toolchain/bin/../lib/gcc/arm-none-eabi/4.8.4/../../../../arm-none-eabi/lib/armv7e-m/fpu\libg_s.a(lib_a-exit.o)
                              c:/freescale/kds_v3/toolchain/bin/../lib/gcc/arm-none-eabi/4.8.4/../../../../arm-none-eabi/lib/armv7e-m/fpu/crt0.o (exit)
c:/freescale/kds_v3/toolchain/bin/../lib/gcc/arm-none-eabi/4.8.4/../../../../arm-none-eabi/lib/armv7e-m/fpu\libg_s.a(lib_a-impure.o)
                              c:/freescale/kds_v3/toolchain/bin/../lib/gcc/arm-none-eabi/4.8.4/../../../../arm-none-eabi/lib/armv7e-m/fpu\libg_s.a(lib_a-exit.o) (_global_impure_ptr)
c:/freescale/kds_v3/toolchain/bin/../lib/gcc/arm-none-eabi/4.8.4/../../../../arm-none-eabi/lib/armv7e-m/fpu\libg_s.a(lib_a-init.o)
                              c:/freescale/kds_v3/toolchain/bin/../lib/gcc/arm-none-eabi/4.8.4/../../../../arm-none-eabi/lib/armv7e-m/fpu/crt0.o (__libc_init_array)
c:/freescale/kds_v3/toolchain/bin/../lib/gcc/arm-none-eabi/4.8.4/../../../../arm-none-eabi/lib/armv7e-m/fpu\libg_s.a(lib_a-memset.o)
                              c:/freescale/kds_v3/toolchain/bin/../lib/gcc/arm-none-eabi/4.8.4/../../../../arm-none-eabi/lib/armv7e-m/fpu/crt0.o (memset)
c:/freescale/kds_v3/toolchain/bin/../lib/gcc/arm-none-eabi/4.8.4/../../../../arm-none-eabi/lib/armv7e-m/fpu\libg_s.a(lib_a-strchr.o)
                              ./Generated_Code/UTIL1.o (strchr)
c:/freescale/kds_v3/toolchain/bin/../lib/gcc/arm-none-eabi/4.8.4/../../../../arm-none-eabi/lib/armv7e-m/fpu\libg_s.a(lib_a-strlen.o)
                              ./Sources/stockage_information.o (strlen)
c:/freescale/kds_v3/toolchain/bin/../lib/gcc/arm-none-eabi/4.8.4/../../../../arm-none-eabi/lib/armv7e-m/fpu\libg_s.a(lib_a-strncmp.o)
                              ./Generated_Code/UTIL1.o (strncmp)
c:/freescale/kds_v3/toolchain/bin/../lib/gcc/arm-none-eabi/4.8.4/../../../../arm-none-eabi/lib/armv7e-m/fpu\libnosys.a(_exit.o)
                              c:/freescale/kds_v3/toolchain/bin/../lib/gcc/arm-none-eabi/4.8.4/../../../../arm-none-eabi/lib/armv7e-m/fpu\libg_s.a(lib_a-exit.o) (_exit)

Allocating common symbols
Common symbol       size              file

ASerialLdd1_DeviceDataPtr
                    0x4               ./Generated_Code/Inhr1.o
chaine_stockee      0x19              ./Sources/stockage_information.o
registre            0x1               ./Sources/Alimentation.o
AD1_OutV            0x4               ./Generated_Code/AD1.o
t2                  0x4               ./Sources/main.o
minute              0x1               ./Sources/main.o
heure               0x1               ./Sources/main.o
AdcLdd1_DeviceDataPtr
                    0x4               ./Generated_Code/AD1.o
write_buf           0x30              ./Sources/main.o
seconde             0x1               ./Sources/main.o
t1                  0x4               ./Sources/main.o
SR_reg              0x1               ./Static_Code/System/CPU_Init.o
SMasterLdd1_DeviceDataPtr
                    0x4               ./Generated_Code/SPI0.o
caractere_lu        0x1               ./Sources/Alimentation.o

Discarded input sections

 .text          0x00000000        0x0 c:/freescale/kds_v3/toolchain/bin/../lib/gcc/arm-none-eabi/4.8.4/armv7e-m/fpu/crti.o
 .data          0x00000000        0x0 c:/freescale/kds_v3/toolchain/bin/../lib/gcc/arm-none-eabi/4.8.4/armv7e-m/fpu/crti.o
 .bss           0x00000000        0x0 c:/freescale/kds_v3/toolchain/bin/../lib/gcc/arm-none-eabi/4.8.4/armv7e-m/fpu/crti.o
 .data          0x00000000        0x4 c:/freescale/kds_v3/toolchain/bin/../lib/gcc/arm-none-eabi/4.8.4/armv7e-m/fpu/crtbegin.o
 .data          0x00000000        0x0 c:/freescale/kds_v3/toolchain/bin/../lib/gcc/arm-none-eabi/4.8.4/../../../../arm-none-eabi/lib/armv7e-m/fpu/crt0.o
 .bss           0x00000000        0x0 c:/freescale/kds_v3/toolchain/bin/../lib/gcc/arm-none-eabi/4.8.4/../../../../arm-none-eabi/lib/armv7e-m/fpu/crt0.o
 .ARM.extab     0x00000000        0x0 c:/freescale/kds_v3/toolchain/bin/../lib/gcc/arm-none-eabi/4.8.4/../../../../arm-none-eabi/lib/armv7e-m/fpu/crt0.o
 .group         0x00000000        0x8 ./Static_Code/System/CPU_Init.o
 .group         0x00000000        0x8 ./Static_Code/System/CPU_Init.o
[...]
Memory Configuration

Name             Origin             Length             Attributes
m_interrupts     0x00000000         0x00000198         xr
m_text           0x00000410         0x000ffbf0         xr
m_data_1FFF0000  0x1fff0000         0x00010000         rw
m_data           0x20000000         0x00030000         rw
m_cfmprotrom     0x00000400         0x00000010         xr
*default*        0x00000000         0xffffffff

Linker script and memory map

LOAD c:/freescale/kds_v3/toolchain/bin/../lib/gcc/arm-none-eabi/4.8.4/armv7e-m/fpu/crti.o
LOAD c:/freescale/kds_v3/toolchain/bin/../lib/gcc/arm-none-eabi/4.8.4/armv7e-m/fpu/crtbegin.o
LOAD c:/freescale/kds_v3/toolchain/bin/../lib/gcc/arm-none-eabi/4.8.4/../../../../arm-none-eabi/lib/armv7e-m/fpu/crt0.o
LOAD ./Static_Code/System/CPU_Init.o
LOAD ./Static_Code/System/Peripherals_Init.o
LOAD ./Static_Code/System/Vectors.o
LOAD ./Sources/Alimentation.o
LOAD ./Sources/BB_Projet.o
LOAD ./Sources/Events.o
LOAD ./Sources/RTC.o
LOAD ./Sources/Temperature.o
LOAD ./Sources/alerteGSM.o
LOAD ./Sources/main.o
LOAD ./Sources/stockage_information.o
LOAD ./Project_Settings/Startup_Code/startup.o
LOAD ./Generated_Code/AD1.o
LOAD ./Generated_Code/ASerialLdd1.o
LOAD ./Generated_Code/AdcLdd1.o
LOAD ./Generated_Code/BitIoLdd1.o
LOAD ./Generated_Code/BitIoLdd2.o
LOAD ./Generated_Code/BitIoLdd3.o
LOAD ./Generated_Code/BitIoLdd4.o
LOAD ./Generated_Code/CD1.o
LOAD ./Generated_Code/CI2C1.o
LOAD ./Generated_Code/CS1.o
LOAD ./Generated_Code/CS_RTC.o
LOAD ./Generated_Code/CS_Thermocouple1.o
LOAD ./Generated_Code/CS_Thermocouple2.o
LOAD ./Generated_Code/Carte_microSD.o
LOAD ./Generated_Code/Cpu.o
LOAD ./Generated_Code/ExtIntLdd1.o
LOAD ./Generated_Code/FAT1.o
LOAD ./Generated_Code/FX1.o
LOAD ./Generated_Code/GI2C1.o
LOAD ./Generated_Code/Inhr1.o
LOAD ./Generated_Code/KBI1.o
LOAD ./Generated_Code/KeyISRpin1.o
LOAD ./Generated_Code/PE_LDD.o
LOAD ./Generated_Code/SM_micro_sd.o
LOAD ./Generated_Code/SMasterLdd1.o
LOAD ./Generated_Code/SPI0.o
LOAD ./Generated_Code/SS1.o
LOAD ./Generated_Code/TMOUT1.o
LOAD ./Generated_Code/TU1.o
LOAD ./Generated_Code/TU2.o
LOAD ./Generated_Code/TimerCarteSD.o
LOAD ./Generated_Code/TimerIntLdd1.o
LOAD ./Generated_Code/TimerIntLdd2.o
LOAD ./Generated_Code/TmDt1.o
LOAD ./Generated_Code/UTIL1.o
LOAD ./Generated_Code/WAIT1.o
LOAD ./Generated_Code/alimTel.o
LOAD ./Generated_Code/ff.o
LOAD ./Generated_Code/interruption_10s.o
LOAD ./Generated_Code/uart1.o
LOAD c:/freescale/kds_v3/toolchain/bin/../lib/gcc/arm-none-eabi/4.8.4/../../../../arm-none-eabi/lib/armv7e-m/fpu\libstdc++_s.a
LOAD c:/freescale/kds_v3/toolchain/bin/../lib/gcc/arm-none-eabi/4.8.4/../../../../arm-none-eabi/lib/armv7e-m/fpu\libm.a
START GROUP
LOAD c:/freescale/kds_v3/toolchain/bin/../lib/gcc/arm-none-eabi/4.8.4/armv7e-m/fpu\libgcc.a
LOAD c:/freescale/kds_v3/toolchain/bin/../lib/gcc/arm-none-eabi/4.8.4/../../../../arm-none-eabi/lib/armv7e-m/fpu\libg_s.a
LOAD c:/freescale/kds_v3/toolchain/bin/../lib/gcc/arm-none-eabi/4.8.4/../../../../arm-none-eabi/lib/armv7e-m/fpu\libc_s.a
END GROUP
START GROUP
LOAD c:/freescale/kds_v3/toolchain/bin/../lib/gcc/arm-none-eabi/4.8.4/armv7e-m/fpu\libgcc.a
LOAD c:/freescale/kds_v3/toolchain/bin/../lib/gcc/arm-none-eabi/4.8.4/../../../../arm-none-eabi/lib/armv7e-m/fpu\libc_s.a
LOAD c:/freescale/kds_v3/toolchain/bin/../lib/gcc/arm-none-eabi/4.8.4/../../../../arm-none-eabi/lib/armv7e-m/fpu\libnosys.a
END GROUP
START GROUP
LOAD c:/freescale/kds_v3/toolchain/bin/../lib/gcc/arm-none-eabi/4.8.4/armv7e-m/fpu\libgcc.a
LOAD c:/freescale/kds_v3/toolchain/bin/../lib/gcc/arm-none-eabi/4.8.4/../../../../arm-none-eabi/lib/armv7e-m/fpu\libc_s.a
LOAD c:/freescale/kds_v3/toolchain/bin/../lib/gcc/arm-none-eabi/4.8.4/../../../../arm-none-eabi/lib/armv7e-m/fpu\libnosys.a
END GROUP
LOAD c:/freescale/kds_v3/toolchain/bin/../lib/gcc/arm-none-eabi/4.8.4/armv7e-m/fpu/crtend.o
LOAD c:/freescale/kds_v3/toolchain/bin/../lib/gcc/arm-none-eabi/4.8.4/armv7e-m/fpu/crtn.o
                0x20030000                _estack = 0x20030000
                0x20030000                __SP_INIT = _estack
                0x20030000                __stack = _estack
                0x00000000                __heap_size = 0x0
                0x00000400                __stack_size = 0x400

.interrupts     0x00000000      0x198
                0x00000000                __vector_table = .
                0x00000000                . = ALIGN (0x4)
 *(.vectortable)
 .vectortable   0x00000000      0x198 ./Static_Code/System/Vectors.o
                0x00000000                __vect_table
                0x00000198                . = ALIGN (0x4)

.cfmprotect     0x00000400       0x10
                0x00000400                . = ALIGN (0x4)
 *(.cfmconfig)
 .cfmconfig     0x00000400       0x10 ./Static_Code/System/CPU_Init.o
                0x00000400                _cfm
                0x00000410                . = ALIGN (0x4)

.text           0x00000410     0x67b0
                0x00000410                . = ALIGN (0x4)
 *(.text)
 .text          0x00000410       0x54 c:/freescale/kds_v3/toolchain/bin/../lib/gcc/arm-none-eabi/4.8.4/armv7e-m/fpu/crtbegin.o
 .text          0x00000464       0x74 c:/freescale/kds_v3/toolchain/bin/../lib/gcc/arm-none-eabi/4.8.4/../../../../arm-none-eabi/lib/armv7e-m/fpu/crt0.o
                0x00000464                _start
                0x00000464                _mainCRTStartup
 *(.text*)
 .text.CPU_SetBASEPRI
                0x000004d8       0x18 ./Static_Code/System/CPU_Init.o
                0x000004d8                CPU_SetBASEPRI
 .text.__init_hardware
                0x000004f0       0x90 ./Static_Code/System/CPU_Init.o
                0x000004f0                __init_hardware
 .text.PE_low_level_init
                0x00000580       0x44 ./Static_Code/System/CPU_Init.o
                0x00000580                PE_low_level_init
 .text.CPU_GetClockGenMode
                0x000005c4       0x90 ./Static_Code/System/CPU_Init.o
                0x000005c4                CPU_GetClockGenMode
 .text.CPU_SetClockConfigGenMode
                0x00000654      0x54c ./Static_Code/System/CPU_Init.o
                0x00000654                CPU_SetClockConfigGenMode
 .text.UnhandledInterrupt
                0x00000ba0       0x18 ./Static_Code/System/Vectors.o
                0x00000ba0                UnhandledInterrupt
 .text.Cpu_OnNMI
                0x00000bb8        0xc ./Sources/Events.o
                0x00000bb8                Cpu_OnNMI
 .text.TimerCarteSD_OnInterrupt
                0x00000bc4        0xc ./Sources/Events.o
                0x00000bc4                TimerCarteSD_OnInterrupt
 .text.SM_micro_sd_OnBlockSent
                0x00000bd0       0x14 ./Sources/Events.o
                0x00000bd0                SM_micro_sd_OnBlockSent
 .text.SPI0_OnRxChar
                0x00000be4        0xc ./Sources/Events.o
                0x00000be4                SPI0_OnRxChar
 .text.SPI0_OnTxChar
                0x00000bf0        0xc ./Sources/Events.o
                0x00000bf0                SPI0_OnTxChar
 .text.SPI0_OnError
                0x00000bfc        0xc ./Sources/Events.o
                0x00000bfc                SPI0_OnError
 .text.interruption_10s_OnInterrupt
                0x00000c08       0x18 ./Sources/Events.o
                0x00000c08                interruption_10s_OnInterrupt
 .text.KBI1_OnInterrupt
                0x00000c20       0x18 ./Sources/Events.o
                0x00000c20                KBI1_OnInterrupt
 .text.AD1_OnEnd
                0x00000c38        0xc ./Sources/Events.o
                0x00000c38                AD1_OnEnd
 .text.AD1_OnCalibrationEnd
                0x00000c44        0xc ./Sources/Events.o
                0x00000c44                AD1_OnCalibrationEnd
 .text.ecrire_registre
                0x00000c50       0x60 ./Sources/RTC.o
                0x00000c50                ecrire_registre
 .text.Ecrire_Date_Heure
                0x00000cb0      0x1d4 ./Sources/RTC.o
                0x00000cb0                Ecrire_Date_Heure
 .text.init_alarme
                0x00000e84       0x48 ./Sources/RTC.o
                0x00000e84                init_alarme
 .text.IO_SPI   0x00000ecc       0x3c ./Sources/Temperature.o
                0x00000ecc                IO_SPI
 .text.main     0x00000f08       0x70 ./Sources/main.o
                0x00000f08                main
 .text.Err      0x00000f78        0x8 ./Sources/stockage_information.o
                0x00000f78                Err
 .text.Ecrire_Tel
                0x00000f80       0xc4 ./Sources/stockage_information.o
                0x00000f80                Ecrire_Tel
 .text.Lire_Tel
                0x00001044       0xc4 ./Sources/stockage_information.o
                0x00001044                Lire_Tel
 .text.__copy_rom_section
                0x00001108       0xe4 ./Project_Settings/Startup_Code/startup.o
                0x00001108                __copy_rom_section
 .text.__copy_rom_sections_to_ram
                0x000011ec       0x9c ./Project_Settings/Startup_Code/startup.o
                0x000011ec                __copy_rom_sections_to_ram
 .text.__init_registers
                0x00001288       0x20 ./Project_Settings/Startup_Code/startup.o
                0x00001288                __init_registers
 .text.__init_user
                0x000012a8        0xc ./Project_Settings/Startup_Code/startup.o
                0x000012a8                __init_user
 .text.__thumb_startup
                0x000012b4       0x34 ./Project_Settings/Startup_Code/startup.o
                0x000012b4                __thumb_startup
 .text.AdcLdd1_OnMeasurementComplete
                0x000012e8       0xfc ./Generated_Code/AD1.o
                0x000012e8                AdcLdd1_OnMeasurementComplete
 .text.AD1_Init
                0x000013e4       0x2c ./Generated_Code/AD1.o
                0x000013e4                AD1_Init
 .text.ASerialLdd1_Init
                0x00001410      0x178 ./Generated_Code/ASerialLdd1.o
                0x00001410                ASerialLdd1_Init
 .text.ASerialLdd1_ReceiveBlock
                0x00001588       0x48 ./Generated_Code/ASerialLdd1.o
                0x00001588                ASerialLdd1_ReceiveBlock
 .text.AdcLdd1_Init
                0x000015d0       0xc0 ./Generated_Code/AdcLdd1.o
                0x000015d0                AdcLdd1_Init
 .text.AdcLdd1_StartSingleMeasurement
                0x00001690       0x4c ./Generated_Code/AdcLdd1.o
                0x00001690                AdcLdd1_StartSingleMeasurement
 .text.AdcLdd1_CreateSampleGroup
                0x000016dc       0x6c ./Generated_Code/AdcLdd1.o
                0x000016dc                AdcLdd1_CreateSampleGroup
 .text.AdcLdd1_GetMeasuredValues
                0x00001748       0x4c ./Generated_Code/AdcLdd1.o
                0x00001748                AdcLdd1_GetMeasuredValues
 .text.AdcLdd1_GetCalibrationResultStatus
                0x00001794       0xbc ./Generated_Code/AdcLdd1.o
                0x00001794                AdcLdd1_GetCalibrationResultStatus
 .text.AdcLdd1_MeasurementCompleteInterrupt
                0x00001850       0x3c ./Generated_Code/AdcLdd1.o
                0x00001850                AdcLdd1_MeasurementCompleteInterrupt
 .text.BitIoLdd1_Init
                0x0000188c       0x80 ./Generated_Code/BitIoLdd1.o
                0x0000188c                BitIoLdd1_Init
 .text.BitIoLdd2_Init
                0x0000190c       0x80 ./Generated_Code/BitIoLdd2.o
                0x0000190c                BitIoLdd2_Init
 .text.BitIoLdd3_Init
                0x0000198c       0x80 ./Generated_Code/BitIoLdd3.o
                0x0000198c                BitIoLdd3_Init
 .text.BitIoLdd4_Init
                0x00001a0c       0x80 ./Generated_Code/BitIoLdd4.o
                0x00001a0c                BitIoLdd4_Init
 .text.BitIoLdd4_ClrVal
                0x00001a8c       0x1c ./Generated_Code/BitIoLdd4.o
                0x00001a8c                BitIoLdd4_ClrVal
 .text.BitIoLdd4_SetVal
                0x00001aa8       0x1c ./Generated_Code/BitIoLdd4.o
                0x00001aa8                BitIoLdd4_SetVal
 .text.CD1_Init
                0x00001ac4       0x80 ./Generated_Code/CD1.o
                0x00001ac4                CD1_Init
 .text.CI2C1_Interrupt
                0x00001b44      0x288 ./Generated_Code/CI2C1.o
                0x00001b44                CI2C1_Interrupt
 .text.CI2C1_Init
                0x00001dcc      0x148 ./Generated_Code/CI2C1.o
                0x00001dcc                CI2C1_Init
 .text.Carte_microSD_disk_initialize
                0x00001f14      0x154 ./Generated_Code/Carte_microSD.o
                0x00001f14                Carte_microSD_disk_initialize
 .text.Carte_microSD_disk_status
                0x00002068       0x20 ./Generated_Code/Carte_microSD.o
                0x00002068                Carte_microSD_disk_status
 .text.Carte_microSD_disk_read
                0x00002088       0xc0 ./Generated_Code/Carte_microSD.o
                0x00002088                Carte_microSD_disk_read
 .text.Carte_microSD_disk_write
                0x00002148       0xf8 ./Generated_Code/Carte_microSD.o
                0x00002148                Carte_microSD_disk_write
 .text.chk_power
                0x00002240       0x10 ./Generated_Code/Carte_microSD.o
 .text.power_off
                0x00002250        0xc ./Generated_Code/Carte_microSD.o
 .text.power_on
                0x0000225c        0xc ./Generated_Code/Carte_microSD.o
 .text.Carte_microSD_disk_ioctl
                0x00002268      0x3f0 ./Generated_Code/Carte_microSD.o
                0x00002268                Carte_microSD_disk_ioctl
 .text.Carte_microSD_SPI_WRITE
                0x00002658       0x4c ./Generated_Code/Carte_microSD.o
                0x00002658                Carte_microSD_SPI_WRITE
 .text.Carte_microSD_SPI_WRITE_READ
                0x000026a4       0x4c ./Generated_Code/Carte_microSD.o
 .text.Carte_microSD_Activate
                0x000026f0       0x18 ./Generated_Code/Carte_microSD.o
                0x000026f0                Carte_microSD_Activate
 .text.Carte_microSD_Deactivate
                0x00002708       0x14 ./Generated_Code/Carte_microSD.o
                0x00002708                Carte_microSD_Deactivate
 .text.Carte_microSD_WaitReady
                0x0000271c       0x60 ./Generated_Code/Carte_microSD.o
                0x0000271c                Carte_microSD_WaitReady
 .text.Carte_microSD_ReceiveDataBlock
                0x0000277c       0xb8 ./Generated_Code/Carte_microSD.o
                0x0000277c                Carte_microSD_ReceiveDataBlock
 .text.Carte_microSD_SendDataBlock
                0x00002834       0x8c ./Generated_Code/Carte_microSD.o
                0x00002834                Carte_microSD_SendDataBlock
 .text.Carte_microSD_SendCmd
                0x000028c0      0x100 ./Generated_Code/Carte_microSD.o
                0x000028c0                Carte_microSD_SendCmd
 .text.SendCommand
                0x000029c0       0x88 ./Generated_Code/Carte_microSD.o
 .text.Carte_microSD_Init
                0x00002a48       0xc4 ./Generated_Code/Carte_microSD.o
                0x00002a48                Carte_microSD_Init
 .text.Carte_microSD_ReceiveByte
                0x00002b0c       0x24 ./Generated_Code/Carte_microSD.o
                0x00002b0c                Carte_microSD_ReceiveByte
 .text.Carte_microSD_SetSlowMode
                0x00002b30       0x24 ./Generated_Code/Carte_microSD.o
                0x00002b30                Carte_microSD_SetSlowMode
 .text.Carte_microSD_SetFastMode
                0x00002b54       0x24 ./Generated_Code/Carte_microSD.o
                0x00002b54                Carte_microSD_SetFastMode
 .text.Carte_microSD_InitCommChannel
                0x00002b78       0x1c ./Generated_Code/Carte_microSD.o
                0x00002b78                Carte_microSD_InitCommChannel
 .text.SM_micro_sd_OnBlockReceived
                0x00002b94       0x1c ./Generated_Code/Carte_microSD.o
                0x00002b94                SM_micro_sd_OnBlockReceived
 .text.Components_Init
                0x00002bb0       0x5c ./Generated_Code/Cpu.o
                0x00002bb0                Components_Init
 .text.Cpu_INT_NMIInterrupt
                0x00002c0c       0x1c ./Generated_Code/Cpu.o
                0x00002c0c                Cpu_INT_NMIInterrupt
 .text.ExtIntLdd1_Init
                0x00002c28       0x98 ./Generated_Code/ExtIntLdd1.o
                0x00002c28                ExtIntLdd1_Init
 .text.ExtIntLdd1_Interrupt
                0x00002cc0       0x40 ./Generated_Code/ExtIntLdd1.o
                0x00002cc0                ExtIntLdd1_Interrupt
 .text.disk_initialize
                0x00002d00       0x28 ./Generated_Code/FAT1.o
                0x00002d00                disk_initialize
 .text.disk_status
                0x00002d28       0x28 ./Generated_Code/FAT1.o
                0x00002d28                disk_status
 .text.disk_read
                0x00002d50       0x34 ./Generated_Code/FAT1.o
                0x00002d50                disk_read
 .text.disk_write
                0x00002d84       0x34 ./Generated_Code/FAT1.o
                0x00002d84                disk_write
 .text.disk_ioctl
                0x00002db8       0x34 ./Generated_Code/FAT1.o
                0x00002db8                disk_ioctl
 .text.FAT1_Init
                0x00002dec       0x24 ./Generated_Code/FAT1.o
                0x00002dec                FAT1_Init
 .text.FAT1_get_fattime
                0x00002e10       0x60 ./Generated_Code/FAT1.o
                0x00002e10                FAT1_get_fattime
 .text.CI2C1_OnMasterBlockSent
                0x00002e70       0x28 ./Generated_Code/GI2C1.o
                0x00002e70                CI2C1_OnMasterBlockSent
 .text.CI2C1_OnMasterBlockReceived
                0x00002e98       0x28 ./Generated_Code/GI2C1.o
                0x00002e98                CI2C1_OnMasterBlockReceived
 .text.GI2C1_Init
                0x00002ec0       0x20 ./Generated_Code/GI2C1.o
                0x00002ec0                GI2C1_Init
 .text.HWEnDi   0x00002ee0       0x1c ./Generated_Code/Inhr1.o
 .text.Inhr1_Init
                0x00002efc       0x24 ./Generated_Code/Inhr1.o
                0x00002efc                Inhr1_Init
 .text.KeyISRpin1_OnInterrupt
                0x00002f20        0xc ./Generated_Code/KBI1.o
                0x00002f20                KeyISRpin1_OnInterrupt
 .text.ExtIntLdd1_OnInterrupt
                0x00002f2c       0x14 ./Generated_Code/KeyISRpin1.o
                0x00002f2c                ExtIntLdd1_OnInterrupt
 .text.SM_micro_sd_Init
                0x00002f40      0x138 ./Generated_Code/SM_micro_sd.o
                0x00002f40                SM_micro_sd_Init
 .text.SM_micro_sd_ReceiveBlock
                0x00003078       0x80 ./Generated_Code/SM_micro_sd.o
                0x00003078                SM_micro_sd_ReceiveBlock
 .text.SM_micro_sd_SendBlock
                0x000030f8       0x90 ./Generated_Code/SM_micro_sd.o
                0x000030f8                SM_micro_sd_SendBlock
 .text.SM_micro_sd_SelectConfiguration
                0x00003188       0x88 ./Generated_Code/SM_micro_sd.o
                0x00003188                SM_micro_sd_SelectConfiguration
 .text.SM_micro_sd_Interrupt
                0x00003210      0x10c ./Generated_Code/SM_micro_sd.o
                0x00003210                SM_micro_sd_Interrupt
 .text.SMasterLdd1_Init
                0x0000331c      0x130 ./Generated_Code/SMasterLdd1.o
                0x0000331c                SMasterLdd1_Init
 .text.SMasterLdd1_Enable
                0x0000344c       0x28 ./Generated_Code/SMasterLdd1.o
                0x0000344c                SMasterLdd1_Enable
 .text.SMasterLdd1_Disable
                0x00003474       0x28 ./Generated_Code/SMasterLdd1.o
                0x00003474                SMasterLdd1_Disable
 .text.SMasterLdd1_ReceiveBlock
                0x0000349c       0x8c ./Generated_Code/SMasterLdd1.o
                0x0000349c                SMasterLdd1_ReceiveBlock
 .text.SMasterLdd1_SendBlock
                0x00003528       0x9c ./Generated_Code/SMasterLdd1.o
                0x00003528                SMasterLdd1_SendBlock
 .text.SMasterLdd1_SelectConfiguration
                0x000035c4       0x94 ./Generated_Code/SMasterLdd1.o
                0x000035c4                SMasterLdd1_SelectConfiguration
 .text.SMasterLdd1_Interrupt
                0x00003658      0x10c ./Generated_Code/SMasterLdd1.o
                0x00003658                SMasterLdd1_Interrupt
 .text.HWEnDi   0x00003764       0x8c ./Generated_Code/SMasterLdd1.o
 .text.HWEnDi   0x000037f0       0x88 ./Generated_Code/SPI0.o
 .text.SPI0_RecvChar
                0x00003878       0x9c ./Generated_Code/SPI0.o
                0x00003878                SPI0_RecvChar
 .text.SPI0_SendChar
                0x00003914       0x98 ./Generated_Code/SPI0.o
                0x00003914                SPI0_SendChar
 .text.SPI0_SetShiftClockPolarity
                0x000039ac       0xbc ./Generated_Code/SPI0.o
                0x000039ac                SPI0_SetShiftClockPolarity
 .text.SPI0_SetIdleClockPolarity
                0x00003a68       0xac ./Generated_Code/SPI0.o
                0x00003a68                SPI0_SetIdleClockPolarity
 .text.SPI0_Init
                0x00003b14       0x4c ./Generated_Code/SPI0.o
                0x00003b14                SPI0_Init
 .text.SMasterLdd1_OnBlockReceived
                0x00003b60       0x80 ./Generated_Code/SPI0.o
                0x00003b60                SMasterLdd1_OnBlockReceived
 .text.SMasterLdd1_OnBlockSent
                0x00003be0       0x24 ./Generated_Code/SPI0.o
                0x00003be0                SMasterLdd1_OnBlockSent
 .text.SS1_Init
                0x00003c04       0x80 ./Generated_Code/SS1.o
                0x00003c04                SS1_Init
 .text.SS1_ClrVal
                0x00003c84       0x1c ./Generated_Code/SS1.o
                0x00003c84                SS1_ClrVal
 .text.SS1_SetVal
                0x00003ca0       0x1c ./Generated_Code/SS1.o
                0x00003ca0                SS1_SetVal
 .text.TMOUT1_GetCounter
                0x00003cbc       0x78 ./Generated_Code/TMOUT1.o
                0x00003cbc                TMOUT1_GetCounter
 .text.TMOUT1_LeaveCounter
                0x00003d34       0x44 ./Generated_Code/TMOUT1.o
                0x00003d34                TMOUT1_LeaveCounter
 .text.TMOUT1_CounterExpired
                0x00003d78       0x4c ./Generated_Code/TMOUT1.o
                0x00003d78                TMOUT1_CounterExpired
 .text.TMOUT1_Init
                0x00003dc4       0x3c ./Generated_Code/TMOUT1.o
                0x00003dc4                TMOUT1_Init
 .text.TU1_Init
                0x00003e00       0xf8 ./Generated_Code/TU1.o
                0x00003e00                TU1_Init
 .text.TU1_Interrupt
                0x00003ef8       0x6c ./Generated_Code/TU1.o
                0x00003ef8                TU1_Interrupt
 .text.TU2_Init
                0x00003f64       0xd4 ./Generated_Code/TU2.o
                0x00003f64                TU2_Init
 .text.TU2_Interrupt
                0x00004038       0x6c ./Generated_Code/TU2.o
                0x00004038                TU2_Interrupt
 .text.TimerIntLdd1_OnInterrupt
                0x000040a4       0x14 ./Generated_Code/TimerCarteSD.o
                0x000040a4                TimerIntLdd1_OnInterrupt
 .text.TimerIntLdd1_Init
                0x000040b8       0x50 ./Generated_Code/TimerIntLdd1.o
                0x000040b8                TimerIntLdd1_Init
 .text.TU1_OnCounterRestart
                0x00004108       0x24 ./Generated_Code/TimerIntLdd1.o
                0x00004108                TU1_OnCounterRestart
 .text.TimerIntLdd2_Init
                0x0000412c       0x50 ./Generated_Code/TimerIntLdd2.o
                0x0000412c                TimerIntLdd2_Init
 .text.TU2_OnCounterRestart
                0x0000417c       0x24 ./Generated_Code/TimerIntLdd2.o
                0x0000417c                TU2_OnCounterRestart
 .text.TmDt1_SetTime
                0x000041a0       0x6c ./Generated_Code/TmDt1.o
                0x000041a0                TmDt1_SetTime
 .text.TmDt1_AddTick
                0x0000420c       0xf0 ./Generated_Code/TmDt1.o
                0x0000420c                TmDt1_AddTick
 .text.TmDt1_GetTime
                0x000042fc       0x38 ./Generated_Code/TmDt1.o
                0x000042fc                TmDt1_GetTime
 .text.TmDt1_SetDate
                0x00004334       0xac ./Generated_Code/TmDt1.o
                0x00004334                TmDt1_SetDate
 .text.TmDt1_GetDate
                0x000043e0       0x48 ./Generated_Code/TmDt1.o
                0x000043e0                TmDt1_GetDate
 .text.TmDt1_Init
                0x00004428       0x20 ./Generated_Code/TmDt1.o
                0x00004428                TmDt1_Init
 .text.TmDt1_TicksToTime
                0x00004448       0xb8 ./Generated_Code/TmDt1.o
                0x00004448                TmDt1_TicksToTime
 .text.TmDt1_TimeToTicks
                0x00004500       0x50 ./Generated_Code/TmDt1.o
                0x00004500                TmDt1_TimeToTicks
 .text.UTIL1_strcat
                0x00004550       0x64 ./Generated_Code/UTIL1.o
                0x00004550                UTIL1_strcat
 .text.WAIT1_Wait10Cycles
                0x000045b4        0x8 ./Generated_Code/WAIT1.o
                0x000045b4                WAIT1_Wait10Cycles
 .text.WAIT1_Wait100Cycles
                0x000045bc       0x1c ./Generated_Code/WAIT1.o
                0x000045bc                WAIT1_Wait100Cycles
 .text.WAIT1_WaitCycles
                0x000045d8       0x34 ./Generated_Code/WAIT1.o
                0x000045d8                WAIT1_WaitCycles
 .text.WAIT1_WaitLongCycles
                0x0000460c       0x38 ./Generated_Code/WAIT1.o
                0x0000460c                WAIT1_WaitLongCycles
 .text.WAIT1_Waitms
                0x00004644       0x2c ./Generated_Code/WAIT1.o
                0x00004644                WAIT1_Waitms
 .text.mem_cpy  0x00004670       0x3c ./Generated_Code/ff.o
 .text.mem_set  0x000046ac       0x34 ./Generated_Code/ff.o
 .text.mem_cmp  0x000046e0       0x50 ./Generated_Code/ff.o
 .text.chk_chr  0x00004730       0x38 ./Generated_Code/ff.o
 .text.sync_window
                0x00004768       0x8c ./Generated_Code/ff.o
 .text.move_window
                0x000047f4       0x5c ./Generated_Code/ff.o
 .text.sync_fs  0x00004850      0x14c ./Generated_Code/ff.o
 .text.clust2sect
                0x0000499c       0x3c ./Generated_Code/ff.o
                0x0000499c                clust2sect
 .text.get_fat  0x000049d8      0x168 ./Generated_Code/ff.o
                0x000049d8                get_fat
 .text.put_fat  0x00004b40      0x208 ./Generated_Code/ff.o
                0x00004b40                put_fat
 .text.remove_chain
                0x00004d48       0xa4 ./Generated_Code/ff.o
 .text.create_chain
                0x00004dec      0x12c ./Generated_Code/ff.o
 .text.clmt_clust
                0x00004f18       0x68 ./Generated_Code/ff.o
 .text.dir_sdi  0x00004f80      0x100 ./Generated_Code/ff.o
 .text.dir_next
                0x00005080      0x1a8 ./Generated_Code/ff.o
 .text.dir_alloc
                0x00005228       0x8c ./Generated_Code/ff.o
 .text.ld_clust
                0x000052b4       0x58 ./Generated_Code/ff.o
 .text.st_clust
                0x0000530c       0x4c ./Generated_Code/ff.o
 .text.dir_find
                0x00005358       0x94 ./Generated_Code/ff.o
 .text.dir_register
                0x000053ec       0x68 ./Generated_Code/ff.o
 .text.create_name
                0x00005454      0x1f4 ./Generated_Code/ff.o
 .text.follow_path
                0x00005648      0x108 ./Generated_Code/ff.o
 .text.get_ldnumber
                0x00005750       0x90 ./Generated_Code/ff.o
 .text.check_fs
                0x000057e0       0xc0 ./Generated_Code/ff.o
 .text.find_volume
                0x000058a0      0x560 ./Generated_Code/ff.o
 .text.validate
                0x00005e00       0x5c ./Generated_Code/ff.o
 .text.f_mount  0x00005e5c       0x88 ./Generated_Code/ff.o
                0x00005e5c                f_mount
 .text.f_open   0x00005ee4      0x28c ./Generated_Code/ff.o
                0x00005ee4                f_open
 .text.f_read   0x00006170      0x290 ./Generated_Code/ff.o
                0x00006170                f_read
 .text.f_write  0x00006400      0x2f8 ./Generated_Code/ff.o
                0x00006400                f_write
 .text.f_sync   0x000066f8      0x158 ./Generated_Code/ff.o
                0x000066f8                f_sync
 .text.f_close  0x00006850       0x38 ./Generated_Code/ff.o
                0x00006850                f_close
 .text.TimerIntLdd2_OnInterrupt
                0x00006888       0x14 ./Generated_Code/interruption_10s.o
                0x00006888                TimerIntLdd2_OnInterrupt
 .text.exit     0x0000689c       0x28 c:/freescale/kds_v3/toolchain/bin/../lib/gcc/arm-none-eabi/4.8.4/../../../../arm-none-eabi/lib/armv7e-m/fpu\libg_s.a(lib_a-exit.o)
                0x0000689c                exit
 .text.__libc_init_array
                0x000068c4       0x4c c:/freescale/kds_v3/toolchain/bin/../lib/gcc/arm-none-eabi/4.8.4/../../../../arm-none-eabi/lib/armv7e-m/fpu\libg_s.a(lib_a-init.o)
                0x000068c4                __libc_init_array
 .text.memset   0x00006910       0x10 c:/freescale/kds_v3/toolchain/bin/../lib/gcc/arm-none-eabi/4.8.4/../../../../arm-none-eabi/lib/armv7e-m/fpu\libg_s.a(lib_a-memset.o)
                0x00006910                memset
 .text.strlen   0x00006920       0x10 c:/freescale/kds_v3/toolchain/bin/../lib/gcc/arm-none-eabi/4.8.4/../../../../arm-none-eabi/lib/armv7e-m/fpu\libg_s.a(lib_a-strlen.o)
                0x00006920                strlen
 .text._exit    0x00006930        0x4 c:/freescale/kds_v3/toolchain/bin/../lib/gcc/arm-none-eabi/4.8.4/../../../../arm-none-eabi/lib/armv7e-m/fpu\libnosys.a(_exit.o)
                0x00006930                _exit
 *(.rodata)
 .rodata        0x00006934       0x10 ./Sources/main.o
 .rodata        0x00006944       0x4c ./Sources/stockage_information.o
 .rodata        0x00006990       0x44 ./Generated_Code/ff.o
 *(.rodata*)
 .rodata.ClockGenModeMatrix
                0x000069d4       0x80 ./Static_Code/System/CPU_Init.o
 .rodata.CPU_ClockConfigDescriptors
                0x00006a54       0x1c ./Static_Code/System/CPU_Init.o
 .rodata.CPU_DefaultFEI
                0x00006a70        0x8 ./Static_Code/System/CPU_Init.o
 .rodata.CPU_DefaultFBI
                0x00006a78        0x8 ./Static_Code/System/CPU_Init.o
 .rodata.CPU_DefaultBLPI
                0x00006a80        0x8 ./Static_Code/System/CPU_Init.o
 .rodata.CPU_DefaultFEE
                0x00006a88        0x8 ./Static_Code/System/CPU_Init.o
 .rodata.CPU_DefaultFBE
                0x00006a90        0x8 ./Static_Code/System/CPU_Init.o
 .rodata.CPU_DefaultBLPE
                0x00006a98        0x8 ./Static_Code/System/CPU_Init.o
 .rodata.CPU_DefaultPBE
                0x00006aa0        0x8 ./Static_Code/System/CPU_Init.o
 .rodata.CPU_DefaultPEE
                0x00006aa8        0x8 ./Static_Code/System/CPU_Init.o
 .rodata.CPU_ClockGenModeRegs
                0x00006ab0       0x20 ./Static_Code/System/CPU_Init.o
 .rodata.Table  0x00006ad0        0x4 ./Generated_Code/AD1.o
 .rodata.ChannelToPin
                0x00006ad4        0x4 ./Generated_Code/AdcLdd1.o
 .rodata.ConfigurationSet
                0x00006ad8        0x8 ./Generated_Code/SM_micro_sd.o
 .rodata.TxCommandList
                0x00006ae0        0x8 ./Generated_Code/SM_micro_sd.o
 .rodata.ConfigurationSet
                0x00006ae8       0x10 ./Generated_Code/SMasterLdd1.o
 .rodata.TxCommandList
                0x00006af8       0x10 ./Generated_Code/SMasterLdd1.o
 .rodata.ULY    0x00006b08        0xc ./Generated_Code/TmDt1.o
 .rodata.LY     0x00006b14        0xc ./Generated_Code/TmDt1.o
 .rodata.ExCvt  0x00006b20       0x80 ./Generated_Code/ff.o
 .rodata.str1.1
                0x00006ba0        0x2 c:/freescale/kds_v3/toolchain/bin/../lib/gcc/arm-none-eabi/4.8.4/../../../../arm-none-eabi/lib/armv7e-m/fpu\libg_s.a(lib_a-impure.o)
 *fill*         0x00006ba2        0x2 
 .rodata._global_impure_ptr
                0x00006ba4        0x4 c:/freescale/kds_v3/toolchain/bin/../lib/gcc/arm-none-eabi/4.8.4/../../../../arm-none-eabi/lib/armv7e-m/fpu\libg_s.a(lib_a-impure.o)
                0x00006ba4                _global_impure_ptr
 *(.glue_7)
 .glue_7        0x00000000        0x0 linker stubs
 *(.glue_7t)
 .glue_7t       0x00000000        0x0 linker stubs
 *(.eh_frame)
 .eh_frame      0x00006ba8        0x0 c:/freescale/kds_v3/toolchain/bin/../lib/gcc/arm-none-eabi/4.8.4/armv7e-m/fpu/crtbegin.o
 *(.init)
 .init          0x00006ba8        0x4 c:/freescale/kds_v3/toolchain/bin/../lib/gcc/arm-none-eabi/4.8.4/armv7e-m/fpu/crti.o
                0x00006ba8                _init
 .init          0x00006bac        0x8 c:/freescale/kds_v3/toolchain/bin/../lib/gcc/arm-none-eabi/4.8.4/armv7e-m/fpu/crtn.o
 *(.fini)
 .fini          0x00006bb4        0x4 c:/freescale/kds_v3/toolchain/bin/../lib/gcc/arm-none-eabi/4.8.4/armv7e-m/fpu/crti.o
                0x00006bb4                _fini
 .fini          0x00006bb8        0x8 c:/freescale/kds_v3/toolchain/bin/../lib/gcc/arm-none-eabi/4.8.4/armv7e-m/fpu/crtn.o
                0x00006bc0                . = ALIGN (0x4)
                0x00006bc0                _etext = .

.vfp11_veneer   0x00006bc0        0x0
 .vfp11_veneer  0x00000000        0x0 linker stubs

.v4_bx          0x00006bc0        0x0
 .v4_bx         0x00000000        0x0 linker stubs

.iplt           0x00006bc0        0x0
 .iplt          0x00000000        0x0 c:/freescale/kds_v3/toolchain/bin/../lib/gcc/arm-none-eabi/4.8.4/armv7e-m/fpu/crtbegin.o

.ARM.extab
 *(.ARM.extab* .gnu.linkonce.armextab.*)

.ARM            0x00006bc0        0x8
                0x00006bc0                __exidx_start = .
 *(.ARM.exidx*)
 .ARM.exidx     0x00006bc0        0x8 c:/freescale/kds_v3/toolchain/bin/../lib/gcc/arm-none-eabi/4.8.4/../../../../arm-none-eabi/lib/armv7e-m/fpu/crt0.o
                0x00006bc8                __exidx_end = .

.rel.dyn        0x00006bc8        0x0
 .rel.iplt      0x00000000        0x0 c:/freescale/kds_v3/toolchain/bin/../lib/gcc/arm-none-eabi/4.8.4/armv7e-m/fpu/crtbegin.o

.ctors          0x00006bc8        0x0
                0x00006bc8                __CTOR_LIST__ = .
 *crtbegin.o(.ctors)
 *(EXCLUDE_FILE(*crtend.o) .ctors)
 *(SORT(.ctors.*))
 *(.ctors)
                0x00006bc8                __CTOR_END__ = .

.dtors          0x00006bc8        0x0
                0x00006bc8                __DTOR_LIST__ = .
 *crtbegin.o(.dtors)
 *(EXCLUDE_FILE(*crtend.o) .dtors)
 *(SORT(.dtors.*))
 *(.dtors)
                0x00006bc8                __DTOR_END__ = .

.preinit_array  0x00006bc8        0x0
                0x00006bc8                PROVIDE (__preinit_array_start, .)
 *(.preinit_array*)
                0x00006bc8                PROVIDE (__preinit_array_end, .)

.init_array     0x00006bc8        0x4
                0x00006bc8                PROVIDE (__init_array_start, .)
 *(SORT(.init_array.*))
 *(.init_array*)
 .init_array    0x00006bc8        0x4 c:/freescale/kds_v3/toolchain/bin/../lib/gcc/arm-none-eabi/4.8.4/armv7e-m/fpu/crtbegin.o
                0x00006bcc                PROVIDE (__init_array_end, .)

.fini_array     0x00006bcc        0x4
                0x00006bcc                PROVIDE (__fini_array_start, .)
 *(SORT(.fini_array.*))
 *(.fini_array*)
 .fini_array    0x00006bcc        0x4 c:/freescale/kds_v3/toolchain/bin/../lib/gcc/arm-none-eabi/4.8.4/armv7e-m/fpu/crtbegin.o
                0x00006bd0                PROVIDE (__fini_array_end, .)
                0x00006bd0                ___ROM_AT = .

.data           0x20000000       0x78 load address 0x00006bd0
                0x20000000                . = ALIGN (0x4)
                0x20000000                _sdata = .
 *(.data)
 *(.data*)
 .data.jour     0x20000000        0x1 ./Sources/main.o
                0x20000000                jour
 .data.mois     0x20000001        0x1 ./Sources/main.o
                0x20000001                mois
 .data.an       0x20000002        0x1 ./Sources/main.o
                0x20000002                an
 *fill*         0x20000003        0x1 
 .data.tel1     0x20000004       0x10 ./Sources/main.o
                0x20000004                tel1
 .data.Stat     0x20000014        0x1 ./Generated_Code/Carte_microSD.o
 .data.CardType
                0x20000015        0x1 ./Generated_Code/Carte_microSD.o
 *fill*         0x20000016        0x2 
 .data.impure_data
                0x20000018       0x60 c:/freescale/kds_v3/toolchain/bin/../lib/gcc/arm-none-eabi/4.8.4/../../../../arm-none-eabi/lib/armv7e-m/fpu\libg_s.a(lib_a-impure.o)
                0x20000078                . = ALIGN (0x4)
                0x20000078                _edata = .
                0x00000078                ___data_size = (_edata - _sdata)
                0x00006c48                ___m_data_1FFF0000_ROMStart = (___ROM_AT + SIZEOF (.data))

.jcr            0x20000078        0x0 load address 0x00006c48
 .jcr           0x20000078        0x0 c:/freescale/kds_v3/toolchain/bin/../lib/gcc/arm-none-eabi/4.8.4/armv7e-m/fpu/crtbegin.o

.igot.plt       0x20000078        0x0 load address 0x00006c48
 .igot.plt      0x00000000        0x0 c:/freescale/kds_v3/toolchain/bin/../lib/gcc/arm-none-eabi/4.8.4/armv7e-m/fpu/crtbegin.o

.m_data_1FFF0000
                0x1fff0000        0x0 load address 0x00006c48
                0x1fff0000                . = ALIGN (0x4)
                0x1fff0000                ___m_data_1FFF0000_RAMStart = .
 *(.m_data_1FFF0000)
                0x1fff0000                ___m_data_1FFF0000_RAMEnd = .
                0x1fff0000                . = ALIGN (0x4)
                0x00000000                ___m_data_1FFF0000_ROMSize = (___m_data_1FFF0000_RAMEnd - ___m_data_1FFF0000_RAMStart)
                0x1fff0000                . = ALIGN (0x4)

.bss            0x20000078      0x5f4 load address 0x00006c48
                0x20000078                __START_BSS = .
                0x20000078                PROVIDE (__bss_start__, __START_BSS)
 *(.bss)
 .bss           0x20000078       0x1c c:/freescale/kds_v3/toolchain/bin/../lib/gcc/arm-none-eabi/4.8.4/armv7e-m/fpu/crtbegin.o
 *(.bss*)
 .bss.SR_lock   0x20000094        0x1 ./Static_Code/System/CPU_Init.o
                0x20000094                SR_lock
 .bss.int_10s   0x20000095        0x1 ./Sources/main.o
                0x20000095                int_10s
 .bss.int_1j    0x20000096        0x1 ./Sources/main.o
                0x20000096                int_1j
 *fill*         0x20000097        0x1 
 .bss.fileSystemObject
                0x20000098      0x234 ./Sources/stockage_information.o
 .bss.fp        0x200002cc      0x228 ./Sources/stockage_information.o
 .bss.SumChan   0x200004f4        0x1 ./Generated_Code/AD1.o
 .bss.ModeFlg   0x200004f5        0x1 ./Generated_Code/AD1.o
 *fill*         0x200004f6        0x2 
 .bss.SampleGroup
                0x200004f8        0x4 ./Generated_Code/AD1.o
 .bss.OutFlg    0x200004fc        0x1 ./Generated_Code/AD1.o
 *fill*         0x200004fd        0x3 
 .bss.DeviceDataPrv__DEFAULT_RTOS_ALLOC
                0x20000500       0x20 ./Generated_Code/ASerialLdd1.o
 .bss.DeviceDataPrv__DEFAULT_RTOS_ALLOC
                0x20000520        0x8 ./Generated_Code/AdcLdd1.o
 .bss.INT_ADC0__DEFAULT_RTOS_ISRPARAM
                0x20000528        0x4 ./Generated_Code/AdcLdd1.o
 .bss.DeviceDataPrv__DEFAULT_RTOS_ALLOC
                0x2000052c        0x4 ./Generated_Code/BitIoLdd1.o
 .bss.DeviceDataPrv__DEFAULT_RTOS_ALLOC
                0x20000530        0x4 ./Generated_Code/BitIoLdd2.o
 .bss.DeviceDataPrv__DEFAULT_RTOS_ALLOC
                0x20000534        0x4 ./Generated_Code/BitIoLdd3.o
 .bss.DeviceDataPrv__DEFAULT_RTOS_ALLOC
                0x20000538        0x4 ./Generated_Code/BitIoLdd4.o
 .bss.DeviceDataPrv__DEFAULT_RTOS_ALLOC
                0x2000053c        0x4 ./Generated_Code/CD1.o
 .bss.DeviceDataPrv__DEFAULT_RTOS_ALLOC
                0x20000540       0x18 ./Generated_Code/CI2C1.o
 .bss.INT_I2C0__DEFAULT_RTOS_ISRPARAM
                0x20000558        0x4 ./Generated_Code/CI2C1.o
 .bss.speedMode
                0x2000055c        0x1 ./Generated_Code/Carte_microSD.o
 .bss.Carte_microSD_DataReceivedFlag
                0x2000055d        0x1 ./Generated_Code/Carte_microSD.o
 *fill*         0x2000055e        0x2 
 .bss.DeviceDataPrv__DEFAULT_RTOS_ALLOC
                0x20000560        0x4 ./Generated_Code/ExtIntLdd1.o
 .bss.INT_PORTC__DEFAULT_RTOS_ISRPARAM
                0x20000564        0x4 ./Generated_Code/ExtIntLdd1.o
 .bss.GI2C1_deviceData
                0x20000568        0x8 ./Generated_Code/GI2C1.o
 .bss.SerFlag   0x20000570        0x2 ./Generated_Code/Inhr1.o
 .bss.BufferRead
                0x20000572        0x1 ./Generated_Code/Inhr1.o
 *fill*         0x20000573        0x1 
 .bss.PE_LDD_DeviceDataList
                0x20000574       0x40 ./Generated_Code/PE_LDD.o
                0x20000574                PE_LDD_DeviceDataList
 .bss.DeviceDataPrv__DEFAULT_RTOS_ALLOC
                0x200005b4       0x20 ./Generated_Code/SM_micro_sd.o
 .bss.INT_SPI1__DEFAULT_RTOS_ISRPARAM
                0x200005d4        0x4 ./Generated_Code/SM_micro_sd.o
 .bss.DeviceDataPrv__DEFAULT_RTOS_ALLOC
                0x200005d8       0x24 ./Generated_Code/SMasterLdd1.o
 .bss.INT_SPI0__DEFAULT_RTOS_ISRPARAM
                0x200005fc        0x4 ./Generated_Code/SMasterLdd1.o
 .bss.EnUser    0x20000600        0x1 ./Generated_Code/SPI0.o
 .bss.SerFlag   0x20000601        0x1 ./Generated_Code/SPI0.o
 .bss.ErrFlag   0x20000602        0x1 ./Generated_Code/SPI0.o
 .bss.BufferRead
                0x20000603        0x1 ./Generated_Code/SPI0.o
 .bss.OutBuffer
                0x20000604        0x1 ./Generated_Code/SPI0.o
 .bss.SpiClockfeatures
                0x20000605        0x1 ./Generated_Code/SPI0.o
 .bss.SetAttributeCmd
                0x20000606        0x1 ./Generated_Code/SPI0.o
 *fill*         0x20000607        0x1 
 .bss.DeviceDataPrv__DEFAULT_RTOS_ALLOC
                0x20000608        0x4 ./Generated_Code/SS1.o
 .bss.TMOUT1_Counters
                0x2000060c        0x4 ./Generated_Code/TMOUT1.o
 .bss.TMOUT1_FreeCounters
                0x20000610        0x4 ./Generated_Code/TMOUT1.o
 .bss.DeviceDataPrv__DEFAULT_RTOS_ALLOC
                0x20000614        0xc ./Generated_Code/TU1.o
 .bss.INT_FTM0__DEFAULT_RTOS_ISRPARAM
                0x20000620        0x4 ./Generated_Code/TU1.o
 .bss.DeviceDataPrv__DEFAULT_RTOS_ALLOC
                0x20000624        0xc ./Generated_Code/TU2.o
 .bss.INT_FTM1__DEFAULT_RTOS_ISRPARAM
                0x20000630        0x4 ./Generated_Code/TU2.o
 .bss.DeviceDataPrv__DEFAULT_RTOS_ALLOC
                0x20000634        0xc ./Generated_Code/TimerIntLdd1.o
 .bss.DeviceDataPrv__DEFAULT_RTOS_ALLOC
                0x20000640        0xc ./Generated_Code/TimerIntLdd2.o
 .bss.CntDay    0x2000064c        0x1 ./Generated_Code/TmDt1.o
 .bss.CntMonth  0x2000064d        0x1 ./Generated_Code/TmDt1.o
 .bss.CntYear   0x2000064e        0x2 ./Generated_Code/TmDt1.o
 .bss.tickCntr  0x20000650        0x4 ./Generated_Code/TmDt1.o
 .bss.FatFs     0x20000654        0x4 ./Generated_Code/ff.o
 .bss.Fsid      0x20000658        0x2 ./Generated_Code/ff.o
 *(COMMON)
 COMMON         0x2000065a        0x1 ./Static_Code/System/CPU_Init.o
                0x2000065a                SR_reg
 *fill*         0x2000065b        0x1 
 COMMON         0x2000065c        0x8 ./Generated_Code/AD1.o
                0x2000065c                AD1_OutV
                0x20000660                AdcLdd1_DeviceDataPtr
 COMMON         0x20000664        0x4 ./Generated_Code/Inhr1.o
                0x20000664                ASerialLdd1_DeviceDataPtr
 COMMON         0x20000668        0x4 ./Generated_Code/SPI0.o
                0x20000668                SMasterLdd1_DeviceDataPtr
                0x2000066c                . = ALIGN (0x4)
                0x2000066c                __END_BSS = .
                0x2000066c                PROVIDE (__bss_end__, __END_BSS)
                0x00006c48                _romp_at = ((___ROM_AT + SIZEOF (.data)) + SIZEOF (.m_data_1FFF0000))

.romp           0x2000066c       0x24 load address 0x00006c48
                0x00006c48                __S_romp = _romp_at
                0x2000066c        0x4 LONG 0x6bd0 ___ROM_AT
                0x20000670        0x4 LONG 0x20000000 _sdata
                0x20000674        0x4 LONG 0x78 ___data_size
                0x20000678        0x4 LONG 0x6c48 ___m_data_1FFF0000_ROMStart
                0x2000067c        0x4 LONG 0x1fff0000 ___m_data_1FFF0000_RAMStart
                0x20000680        0x4 LONG 0x0 ___m_data_1FFF0000_ROMSize
                0x20000684        0x4 LONG 0x0
                0x20000688        0x4 LONG 0x0
                0x2000068c        0x4 LONG 0x0
                0x00100000                text_end = (ORIGIN (m_text) + 0xffbf0)
                0x00006c6c                data_init_end = ((___m_data_1FFF0000_ROMStart + SIZEOF (.m_data_1FFF0000)) + SIZEOF (.romp))
                0x00000001                ASSERT ((data_init_end <= text_end), region m_text overflowed with text and data)

._user_heap_stack
                0x20000690      0x400 load address 0x00006c6c
                0x20000690                . = ALIGN (0x4)
                0x20000690                PROVIDE (end, .)
                0x20000690                PROVIDE (_end, .)
                0x20000690                PROVIDE (__end__, .)
                0x20000690                __heap_addr = .
                0x20000690                __HeapBase = .
                0x20000690                . = (. + __heap_size)
                0x20000690                __HeapLimit = .
                0x20000a90                . = (. + __stack_size)
 *fill*         0x20000690      0x400 
                0x20000a90                . = ALIGN (0x4)

.ARM.attributes
                0x00000000       0x30
 *(.ARM.attributes)
 .ARM.attributes
                0x00000000       0x22 c:/freescale/kds_v3/toolchain/bin/../lib/gcc/arm-none-eabi/4.8.4/armv7e-m/fpu/crti.o
 .ARM.attributes
                0x00000022       0x34 c:/freescale/kds_v3/toolchain/bin/../lib/gcc/arm-none-eabi/4.8.4/armv7e-m/fpu/crtbegin.o
 .ARM.attributes
                0x00000056       0x20 c:/freescale/kds_v3/toolchain/bin/../lib/gcc/arm-none-eabi/4.8.4/../../../../arm-none-eabi/lib/armv7e-m/fpu/crt0.o
 .ARM.attributes
                0x00000076       0x39 ./Static_Code/System/CPU_Init.o
 .ARM.attributes
                0x000000af       0x39 ./Static_Code/System/Vectors.o
 .ARM.attributes
                0x000000e8       0x39 ./Sources/Events.o
 .ARM.attributes
                0x00000121       0x39 ./Sources/RTC.o
 .ARM.attributes
                0x0000015a       0x39 ./Sources/Temperature.o
 .ARM.attributes
                0x00000193       0x39 ./Sources/main.o
 .ARM.attributes
                0x000001cc       0x39 ./Sources/stockage_information.o
 .ARM.attributes
                0x00000205       0x39 ./Project_Settings/Startup_Code/startup.o
 .ARM.attributes
                0x0000023e       0x39 ./Generated_Code/AD1.o
 .ARM.attributes
                0x00000277       0x39 ./Generated_Code/ASerialLdd1.o
 .ARM.attributes
                0x000002b0       0x39 ./Generated_Code/AdcLdd1.o
 .ARM.attributes
                0x000002e9       0x39 ./Generated_Code/BitIoLdd1.o
 .ARM.attributes
                0x00000322       0x39 ./Generated_Code/BitIoLdd2.o
 .ARM.attributes
                0x0000035b       0x39 ./Generated_Code/BitIoLdd3.o
 .ARM.attributes
                0x00000394       0x39 ./Generated_Code/BitIoLdd4.o
 .ARM.attributes
                0x000003cd       0x39 ./Generated_Code/CD1.o
 .ARM.attributes
                0x00000406       0x39 ./Generated_Code/CI2C1.o
 .ARM.attributes
                0x0000043f       0x39 ./Generated_Code/Carte_microSD.o
 .ARM.attributes
                0x00000478       0x39 ./Generated_Code/Cpu.o
 .ARM.attributes
                0x000004b1       0x39 ./Generated_Code/ExtIntLdd1.o
 .ARM.attributes
                0x000004ea       0x39 ./Generated_Code/FAT1.o
 .ARM.attributes
                0x00000523       0x39 ./Generated_Code/GI2C1.o
 .ARM.attributes
                0x0000055c       0x39 ./Generated_Code/Inhr1.o
 .ARM.attributes
                0x00000595       0x39 ./Generated_Code/KBI1.o
 .ARM.attributes
                0x000005ce       0x39 ./Generated_Code/KeyISRpin1.o
 .ARM.attributes
                0x00000607       0x39 ./Generated_Code/PE_LDD.o
 .ARM.attributes
                0x00000640       0x39 ./Generated_Code/SM_micro_sd.o
 .ARM.attributes
                0x00000679       0x39 ./Generated_Code/SMasterLdd1.o
 .ARM.attributes
                0x000006b2       0x39 ./Generated_Code/SPI0.o
 .ARM.attributes
                0x000006eb       0x39 ./Generated_Code/SS1.o
 .ARM.attributes
                0x00000724       0x39 ./Generated_Code/TMOUT1.o
 .ARM.attributes
                0x0000075d       0x39 ./Generated_Code/TU1.o
 .ARM.attributes
                0x00000796       0x39 ./Generated_Code/TU2.o
 .ARM.attributes
                0x000007cf       0x39 ./Generated_Code/TimerCarteSD.o
 .ARM.attributes
                0x00000808       0x39 ./Generated_Code/TimerIntLdd1.o
 .ARM.attributes
                0x00000841       0x39 ./Generated_Code/TimerIntLdd2.o
 .ARM.attributes
                0x0000087a       0x39 ./Generated_Code/TmDt1.o
 .ARM.attributes
                0x000008b3       0x39 ./Generated_Code/UTIL1.o
 .ARM.attributes
                0x000008ec       0x39 ./Generated_Code/WAIT1.o
 .ARM.attributes
                0x00000925       0x39 ./Generated_Code/ff.o
 .ARM.attributes
                0x0000095e       0x39 ./Generated_Code/interruption_10s.o
 .ARM.attributes
                0x00000997       0x34 c:/freescale/kds_v3/toolchain/bin/../lib/gcc/arm-none-eabi/4.8.4/../../../../arm-none-eabi/lib/armv7e-m/fpu\libg_s.a(lib_a-exit.o)
 .ARM.attributes
                0x000009cb       0x34 c:/freescale/kds_v3/toolchain/bin/../lib/gcc/arm-none-eabi/4.8.4/../../../../arm-none-eabi/lib/armv7e-m/fpu\libg_s.a(lib_a-impure.o)
 .ARM.attributes
                0x000009ff       0x34 c:/freescale/kds_v3/toolchain/bin/../lib/gcc/arm-none-eabi/4.8.4/../../../../arm-none-eabi/lib/armv7e-m/fpu\libg_s.a(lib_a-init.o)
 .ARM.attributes
                0x00000a33       0x34 c:/freescale/kds_v3/toolchain/bin/../lib/gcc/arm-none-eabi/4.8.4/../../../../arm-none-eabi/lib/armv7e-m/fpu\libg_s.a(lib_a-memset.o)
 .ARM.attributes
                0x00000a67       0x34 c:/freescale/kds_v3/toolchain/bin/../lib/gcc/arm-none-eabi/4.8.4/../../../../arm-none-eabi/lib/armv7e-m/fpu\libg_s.a(lib_a-strlen.o)
 .ARM.attributes
                0x00000a9b       0x34 c:/freescale/kds_v3/toolchain/bin/../lib/gcc/arm-none-eabi/4.8.4/../../../../arm-none-eabi/lib/armv7e-m/fpu\libnosys.a(_exit.o)
 .ARM.attributes
                0x00000acf       0x22 c:/freescale/kds_v3/toolchain/bin/../lib/gcc/arm-none-eabi/4.8.4/armv7e-m/fpu/crtn.o
OUTPUT(cartesd.elf elf32-littlearm)

.debug_info     0x00000000     0xec04
 .debug_info    0x00000000      0xa9b ./Static_Code/System/CPU_Init.o
 .debug_info    0x00000a9b      0x826 ./Static_Code/System/Vectors.o
 .debug_info    0x000012c1      0x185 ./Sources/Events.o
 .debug_info    0x00001446      0x48f ./Sources/RTC.o
 .debug_info    0x000018d5      0x200 ./Sources/Temperature.o
 .debug_info    0x00001ad5      0x4d3 ./Sources/main.o
 .debug_info    0x00001fa8      0x82f ./Sources/stockage_information.o
 .debug_info    0x000027d7      0x3b0 ./Project_Settings/Startup_Code/startup.o
 .debug_info    0x00002b87      0x34e ./Generated_Code/AD1.o
 .debug_info    0x00002ed5      0x860 ./Generated_Code/ASerialLdd1.o
 .debug_info    0x00003735      0x8a9 ./Generated_Code/AdcLdd1.o
 .debug_info    0x00003fde      0x511 ./Generated_Code/BitIoLdd1.o
 .debug_info    0x000044ef      0x511 ./Generated_Code/BitIoLdd2.o
 .debug_info    0x00004a00      0x511 ./Generated_Code/BitIoLdd3.o
 .debug_info    0x00004f11      0x511 ./Generated_Code/BitIoLdd4.o
 .debug_info    0x00005422      0x537 ./Generated_Code/CD1.o
 .debug_info    0x00005959      0x8a2 ./Generated_Code/CI2C1.o
 .debug_info    0x000061fb      0x76c ./Generated_Code/Carte_microSD.o
 .debug_info    0x00006967       0xa7 ./Generated_Code/Cpu.o
 .debug_info    0x00006a0e      0x644 ./Generated_Code/ExtIntLdd1.o
 .debug_info    0x00007052      0x51e ./Generated_Code/FAT1.o
 .debug_info    0x00007570      0x5d9 ./Generated_Code/GI2C1.o
 .debug_info    0x00007b49      0x20b ./Generated_Code/Inhr1.o
 .debug_info    0x00007d54       0xfb ./Generated_Code/KBI1.o
 .debug_info    0x00007e4f       0xb2 ./Generated_Code/KeyISRpin1.o
 .debug_info    0x00007f01      0x251 ./Generated_Code/PE_LDD.o
 .debug_info    0x00008152      0x8eb ./Generated_Code/SM_micro_sd.o
 .debug_info    0x00008a3d      0x956 ./Generated_Code/SMasterLdd1.o
 .debug_info    0x00009393      0x3f6 ./Generated_Code/SPI0.o
 .debug_info    0x00009789      0x537 ./Generated_Code/SS1.o
 .debug_info    0x00009cc0      0x2c1 ./Generated_Code/TMOUT1.o
 .debug_info    0x00009f81      0x647 ./Generated_Code/TU1.o
 .debug_info    0x0000a5c8      0x647 ./Generated_Code/TU2.o
 .debug_info    0x0000ac0f       0xb2 ./Generated_Code/TimerCarteSD.o
 .debug_info    0x0000acc1      0x177 ./Generated_Code/TimerIntLdd1.o
 .debug_info    0x0000ae38      0x177 ./Generated_Code/TimerIntLdd2.o
 .debug_info    0x0000afaf      0x43e ./Generated_Code/TmDt1.o
 .debug_info    0x0000b3ed     0x16c3 ./Generated_Code/UTIL1.o
 .debug_info    0x0000cab0      0x148 ./Generated_Code/WAIT1.o
 .debug_info    0x0000cbf8     0x1f5a ./Generated_Code/ff.o
 .debug_info    0x0000eb52       0xb2 ./Generated_Code/interruption_10s.o

.debug_abbrev   0x00000000     0x3566
 .debug_abbrev  0x00000000      0x1bf ./Static_Code/System/CPU_Init.o
 .debug_abbrev  0x000001bf       0xd8 ./Static_Code/System/Vectors.o
 .debug_abbrev  0x00000297       0xab ./Sources/Events.o
 .debug_abbrev  0x00000342      0x13c ./Sources/RTC.o
 .debug_abbrev  0x0000047e       0xc7 ./Sources/Temperature.o
 .debug_abbrev  0x00000545      0x13b ./Sources/main.o
 .debug_abbrev  0x00000680      0x1de ./Sources/stockage_information.o
 .debug_abbrev  0x0000085e      0x189 ./Project_Settings/Startup_Code/startup.o
 .debug_abbrev  0x000009e7      0x190 ./Generated_Code/AD1.o
 .debug_abbrev  0x00000b77      0x1c3 ./Generated_Code/ASerialLdd1.o
 .debug_abbrev  0x00000d3a      0x1b4 ./Generated_Code/AdcLdd1.o
 .debug_abbrev  0x00000eee      0x15d ./Generated_Code/BitIoLdd1.o
 .debug_abbrev  0x0000104b      0x15d ./Generated_Code/BitIoLdd2.o
 .debug_abbrev  0x000011a8      0x15d ./Generated_Code/BitIoLdd3.o
 .debug_abbrev  0x00001305      0x15d ./Generated_Code/BitIoLdd4.o
 .debug_abbrev  0x00001462      0x186 ./Generated_Code/CD1.o
 .debug_abbrev  0x000015e8      0x1a5 ./Generated_Code/CI2C1.o
 .debug_abbrev  0x0000178d      0x235 ./Generated_Code/Carte_microSD.o
 .debug_abbrev  0x000019c2       0x45 ./Generated_Code/Cpu.o
 .debug_abbrev  0x00001a07      0x177 ./Generated_Code/ExtIntLdd1.o
 .debug_abbrev  0x00001b7e      0x15b ./Generated_Code/FAT1.o
 .debug_abbrev  0x00001cd9      0x1eb ./Generated_Code/GI2C1.o
 .debug_abbrev  0x00001ec4      0x117 ./Generated_Code/Inhr1.o
 .debug_abbrev  0x00001fdb       0x9f ./Generated_Code/KBI1.o
 .debug_abbrev  0x0000207a       0x68 ./Generated_Code/KeyISRpin1.o
 .debug_abbrev  0x000020e2      0x10d ./Generated_Code/PE_LDD.o
 .debug_abbrev  0x000021ef      0x1e4 ./Generated_Code/SM_micro_sd.o
 .debug_abbrev  0x000023d3      0x1fe ./Generated_Code/SMasterLdd1.o
 .debug_abbrev  0x000025d1      0x1e6 ./Generated_Code/SPI0.o
 .debug_abbrev  0x000027b7      0x186 ./Generated_Code/SS1.o
 .debug_abbrev  0x0000293d       0xaf ./Generated_Code/TMOUT1.o
 .debug_abbrev  0x000029ec      0x16a ./Generated_Code/TU1.o
 .debug_abbrev  0x00002b56      0x16a ./Generated_Code/TU2.o
 .debug_abbrev  0x00002cc0       0x68 ./Generated_Code/TimerCarteSD.o
 .debug_abbrev  0x00002d28       0xdd ./Generated_Code/TimerIntLdd1.o
 .debug_abbrev  0x00002e05       0xdd ./Generated_Code/TimerIntLdd2.o
 .debug_abbrev  0x00002ee2      0x199 ./Generated_Code/TmDt1.o
 .debug_abbrev  0x0000307b      0x1b6 ./Generated_Code/UTIL1.o
 .debug_abbrev  0x00003231       0xb1 ./Generated_Code/WAIT1.o
 .debug_abbrev  0x000032e2      0x21c ./Generated_Code/ff.o
 .debug_abbrev  0x000034fe       0x68 ./Generated_Code/interruption_10s.o

.debug_aranges  0x00000000     0x11b8
 .debug_aranges
                0x00000000       0x40 ./Static_Code/System/CPU_Init.o
 .debug_aranges
                0x00000040      0x340 ./Static_Code/System/Vectors.o
 .debug_aranges
                0x00000380       0x68 ./Sources/Events.o
 .debug_aranges
                0x000003e8       0x40 ./Sources/RTC.o
 .debug_aranges
                0x00000428       0x30 ./Sources/Temperature.o
 .debug_aranges
                0x00000458       0x20 ./Sources/main.o
 .debug_aranges
                0x00000478       0x50 ./Sources/stockage_information.o
 .debug_aranges
                0x000004c8       0x50 ./Project_Settings/Startup_Code/startup.o
 .debug_aranges
                0x00000518       0x68 ./Generated_Code/AD1.o
 .debug_aranges
                0x00000580       0x58 ./Generated_Code/ASerialLdd1.o
 .debug_aranges
                0x000005d8       0x60 ./Generated_Code/AdcLdd1.o
 .debug_aranges
                0x00000638       0x40 ./Generated_Code/BitIoLdd1.o
 .debug_aranges
                0x00000678       0x40 ./Generated_Code/BitIoLdd2.o
 .debug_aranges
                0x000006b8       0x40 ./Generated_Code/BitIoLdd3.o
 .debug_aranges
                0x000006f8       0x40 ./Generated_Code/BitIoLdd4.o
 .debug_aranges
                0x00000738       0x48 ./Generated_Code/CD1.o
 .debug_aranges
                0x00000780       0x48 ./Generated_Code/CI2C1.o
 .debug_aranges
                0x000007c8       0xd8 ./Generated_Code/Carte_microSD.o
 .debug_aranges
                0x000008a0       0x28 ./Generated_Code/Cpu.o
 .debug_aranges
                0x000008c8       0x40 ./Generated_Code/ExtIntLdd1.o
 .debug_aranges
                0x00000908       0x78 ./Generated_Code/FAT1.o
 .debug_aranges
                0x00000980       0xa0 ./Generated_Code/GI2C1.o
 .debug_aranges
                0x00000a20       0x48 ./Generated_Code/Inhr1.o
 .debug_aranges
                0x00000a68       0x38 ./Generated_Code/KBI1.o
 .debug_aranges
                0x00000aa0       0x20 ./Generated_Code/KeyISRpin1.o
 .debug_aranges
                0x00000ac0       0x30 ./Generated_Code/PE_LDD.o
 .debug_aranges
                0x00000af0       0x48 ./Generated_Code/SM_micro_sd.o
 .debug_aranges
                0x00000b38       0x58 ./Generated_Code/SMasterLdd1.o
 .debug_aranges
                0x00000b90       0x70 ./Generated_Code/SPI0.o
 .debug_aranges
                0x00000c00       0x48 ./Generated_Code/SS1.o
 .debug_aranges
                0x00000c48       0x50 ./Generated_Code/TMOUT1.o
 .debug_aranges
                0x00000c98       0x28 ./Generated_Code/TU1.o
 .debug_aranges
                0x00000cc0       0x28 ./Generated_Code/TU2.o
 .debug_aranges
                0x00000ce8       0x20 ./Generated_Code/TimerCarteSD.o
 .debug_aranges
                0x00000d08       0x28 ./Generated_Code/TimerIntLdd1.o
 .debug_aranges
                0x00000d30       0x28 ./Generated_Code/TimerIntLdd2.o
 .debug_aranges
                0x00000d58       0x68 ./Generated_Code/TmDt1.o
 .debug_aranges
                0x00000dc0      0x1c8 ./Generated_Code/UTIL1.o
 .debug_aranges
                0x00000f88       0x40 ./Generated_Code/WAIT1.o
 .debug_aranges
                0x00000fc8      0x1d0 ./Generated_Code/ff.o
 .debug_aranges
                0x00001198       0x20 ./Generated_Code/interruption_10s.o

.debug_ranges   0x00000000      0xf40
 .debug_ranges  0x00000000       0x30 ./Static_Code/System/CPU_Init.o
 .debug_ranges  0x00000030      0x330 ./Static_Code/System/Vectors.o
 .debug_ranges  0x00000360       0x58 ./Sources/Events.o
 .debug_ranges  0x000003b8       0x30 ./Sources/RTC.o
 .debug_ranges  0x000003e8       0x20 ./Sources/Temperature.o
 .debug_ranges  0x00000408       0x10 ./Sources/main.o
 .debug_ranges  0x00000418       0x40 ./Sources/stockage_information.o
 .debug_ranges  0x00000458       0x40 ./Project_Settings/Startup_Code/startup.o
 .debug_ranges  0x00000498       0x58 ./Generated_Code/AD1.o
 .debug_ranges  0x000004f0       0x48 ./Generated_Code/ASerialLdd1.o
 .debug_ranges  0x00000538       0x50 ./Generated_Code/AdcLdd1.o
 .debug_ranges  0x00000588       0x30 ./Generated_Code/BitIoLdd1.o
 .debug_ranges  0x000005b8       0x30 ./Generated_Code/BitIoLdd2.o
 .debug_ranges  0x000005e8       0x30 ./Generated_Code/BitIoLdd3.o
 .debug_ranges  0x00000618       0x30 ./Generated_Code/BitIoLdd4.o
 .debug_ranges  0x00000648       0x38 ./Generated_Code/CD1.o
 .debug_ranges  0x00000680       0x38 ./Generated_Code/CI2C1.o
 .debug_ranges  0x000006b8       0xc8 ./Generated_Code/Carte_microSD.o
 .debug_ranges  0x00000780       0x18 ./Generated_Code/Cpu.o
 .debug_ranges  0x00000798       0x30 ./Generated_Code/ExtIntLdd1.o
 .debug_ranges  0x000007c8       0x68 ./Generated_Code/FAT1.o
 .debug_ranges  0x00000830       0x90 ./Generated_Code/GI2C1.o
 .debug_ranges  0x000008c0       0x38 ./Generated_Code/Inhr1.o
 .debug_ranges  0x000008f8       0x28 ./Generated_Code/KBI1.o
 .debug_ranges  0x00000920       0x10 ./Generated_Code/KeyISRpin1.o
 .debug_ranges  0x00000930       0x20 ./Generated_Code/PE_LDD.o
 .debug_ranges  0x00000950       0x38 ./Generated_Code/SM_micro_sd.o
 .debug_ranges  0x00000988       0x48 ./Generated_Code/SMasterLdd1.o
 .debug_ranges  0x000009d0       0x60 ./Generated_Code/SPI0.o
 .debug_ranges  0x00000a30       0x38 ./Generated_Code/SS1.o
 .debug_ranges  0x00000a68       0x40 ./Generated_Code/TMOUT1.o
 .debug_ranges  0x00000aa8       0x18 ./Generated_Code/TU1.o
 .debug_ranges  0x00000ac0       0x18 ./Generated_Code/TU2.o
 .debug_ranges  0x00000ad8       0x10 ./Generated_Code/TimerCarteSD.o
 .debug_ranges  0x00000ae8       0x18 ./Generated_Code/TimerIntLdd1.o
 .debug_ranges  0x00000b00       0x18 ./Generated_Code/TimerIntLdd2.o
 .debug_ranges  0x00000b18       0x58 ./Generated_Code/TmDt1.o
 .debug_ranges  0x00000b70      0x1b8 ./Generated_Code/UTIL1.o
 .debug_ranges  0x00000d28       0x30 ./Generated_Code/WAIT1.o
 .debug_ranges  0x00000d58      0x1d8 ./Generated_Code/ff.o
 .debug_ranges  0x00000f30       0x10 ./Generated_Code/interruption_10s.o

.debug_macro    0x00000000    0x3011a
 .debug_macro   0x00000000      0x46e ./Static_Code/System/CPU_Init.o
 .debug_macro   0x0000046e      0x850 ./Static_Code/System/CPU_Init.o
 .debug_macro   0x00000cbe       0x16 ./Static_Code/System/CPU_Init.o
 .debug_macro   0x00000cd4       0x44 ./Static_Code/System/CPU_Init.o
 .debug_macro   0x00000d18      0x209 ./Static_Code/System/CPU_Init.o
 .debug_macro   0x00000f21     0x17de ./Static_Code/System/CPU_Init.o
 .debug_macro   0x000026ff    0x110ae ./Static_Code/System/CPU_Init.o
 .debug_macro   0x000137ad      0x4b1 ./Static_Code/System/CPU_Init.o
 .debug_macro   0x00013c5e      0x14e ./Static_Code/System/CPU_Init.o
 .debug_macro   0x00013dac       0x6a ./Static_Code/System/CPU_Init.o
 .debug_macro   0x00013e16       0x58 ./Static_Code/System/CPU_Init.o
 .debug_macro   0x00013e6e       0x35 ./Static_Code/System/CPU_Init.o
 .debug_macro   0x00013ea3       0xa3 ./Static_Code/System/CPU_Init.o
 .debug_macro   0x00013f46       0x16 ./Static_Code/System/CPU_Init.o
 .debug_macro   0x00013f5c       0x52 ./Static_Code/System/CPU_Init.o
 .debug_macro   0x00013fae       0x94 ./Static_Code/System/CPU_Init.o
 .debug_macro   0x00014042      0x642 ./Static_Code/System/CPU_Init.o
 .debug_macro   0x00014684       0x51 ./Static_Code/System/CPU_Init.o
 .debug_macro   0x000146d5      0x132 ./Static_Code/System/CPU_Init.o
 .debug_macro   0x00014807       0x46 ./Static_Code/System/CPU_Init.o
 .debug_macro   0x0001484d       0x4c ./Static_Code/System/CPU_Init.o
 .debug_macro   0x00014899       0x3d ./Static_Code/System/CPU_Init.o
 .debug_macro   0x000148d6       0x2e ./Static_Code/System/CPU_Init.o
 .debug_macro   0x00014904       0x1c ./Static_Code/System/CPU_Init.o
 .debug_macro   0x00014920       0x1c ./Static_Code/System/CPU_Init.o
 .debug_macro   0x0001493c       0xe4 ./Static_Code/System/CPU_Init.o
 .debug_macro   0x00014a20       0xd6 ./Static_Code/System/CPU_Init.o
 .debug_macro   0x00014af6       0xeb ./Static_Code/System/CPU_Init.o
 .debug_macro   0x00014be1       0x1c ./Static_Code/System/CPU_Init.o
 .debug_macro   0x00014bfd      0x166 ./Static_Code/System/CPU_Init.o
 .debug_macro   0x00014d63       0x52 ./Static_Code/System/CPU_Init.o
 .debug_macro   0x00014db5       0x16 ./Static_Code/System/CPU_Init.o
 .debug_macro   0x00014dcb       0x43 ./Static_Code/System/CPU_Init.o
 .debug_macro   0x00014e0e      0x180 ./Static_Code/System/CPU_Init.o
 .debug_macro   0x00014f8e      0x2a6 ./Static_Code/System/CPU_Init.o
 .debug_macro   0x00015234       0x10 ./Static_Code/System/CPU_Init.o
 .debug_macro   0x00015244       0x35 ./Static_Code/System/CPU_Init.o
 .debug_macro   0x00015279       0x19 ./Static_Code/System/CPU_Init.o
 .debug_macro   0x00015292       0xf4 ./Static_Code/System/CPU_Init.o
 .debug_macro   0x00015386       0xe4 ./Static_Code/System/CPU_Init.o
 .debug_macro   0x0001546a      0x6a6 ./Static_Code/System/CPU_Init.o
 .debug_macro   0x00015b10       0x4a ./Static_Code/System/CPU_Init.o
 .debug_macro   0x00015b5a       0x1c ./Static_Code/System/CPU_Init.o
 .debug_macro   0x00015b76       0x43 ./Static_Code/System/CPU_Init.o
 .debug_macro   0x00015bb9       0x16 ./Static_Code/System/CPU_Init.o
 .debug_macro   0x00015bcf       0xaf ./Static_Code/System/CPU_Init.o
 .debug_macro   0x00015c7e       0x58 ./Static_Code/System/CPU_Init.o
 .debug_macro   0x00015cd6       0x18 ./Static_Code/System/CPU_Init.o
 .debug_macro   0x00015cee       0x46 ./Static_Code/System/CPU_Init.o
 .debug_macro   0x00015d34       0x1f ./Static_Code/System/CPU_Init.o
 .debug_macro   0x00015d53       0x46 ./Static_Code/System/CPU_Init.o
 .debug_macro   0x00015d99       0x1f ./Static_Code/System/CPU_Init.o
 .debug_macro   0x00015db8       0x5d ./Static_Code/System/CPU_Init.o
 .debug_macro   0x00015e15       0x11 ./Static_Code/System/CPU_Init.o
 .debug_macro   0x00015e26       0x46 ./Static_Code/System/CPU_Init.o
 .debug_macro   0x00015e6c       0x1f ./Static_Code/System/CPU_Init.o
 .debug_macro   0x00015e8b       0x46 ./Static_Code/System/CPU_Init.o
 .debug_macro   0x00015ed1       0x1f ./Static_Code/System/CPU_Init.o
 .debug_macro   0x00015ef0      0x4ea ./Static_Code/System/CPU_Init.o
 .debug_macro   0x000163da       0x3a ./Static_Code/System/CPU_Init.o
 .debug_macro   0x00016414       0x17 ./Static_Code/System/CPU_Init.o
 .debug_macro   0x0001642b       0x50 ./Static_Code/System/CPU_Init.o
 .debug_macro   0x0001647b       0x1c ./Static_Code/System/CPU_Init.o
 .debug_macro   0x00016497      0x61c ./Static_Code/System/CPU_Init.o
 .debug_macro   0x00016ab3       0x7b ./Static_Code/System/CPU_Init.o
 .debug_macro   0x00016b2e       0x10 ./Static_Code/System/CPU_Init.o
 .debug_macro   0x00016b3e       0x4c ./Static_Code/System/CPU_Init.o
 .debug_macro   0x00016b8a      0x2b6 ./Static_Code/System/CPU_Init.o
 .debug_macro   0x00016e40      0x45c ./Static_Code/System/Vectors.o
 .debug_macro   0x0001729c      0x554 ./Sources/Events.o
 .debug_macro   0x000177f0      0x5b2 ./Sources/RTC.o
 .debug_macro   0x00017da2      0x5b6 ./Sources/Temperature.o
 .debug_macro   0x00018358      0x5b2 ./Sources/main.o
 .debug_macro   0x0001890a      0x5b2 ./Sources/stockage_information.o
 .debug_macro   0x00018ebc      0x121 ./Project_Settings/Startup_Code/startup.o
 .debug_macro   0x00018fdd       0x4a ./Project_Settings/Startup_Code/startup.o
 .debug_macro   0x00019027       0x16 ./Project_Settings/Startup_Code/startup.o
 .debug_macro   0x0001903d       0x22 ./Project_Settings/Startup_Code/startup.o
 .debug_macro   0x0001905f       0x10 ./Project_Settings/Startup_Code/startup.o
 .debug_macro   0x0001906f      0x20f ./Project_Settings/Startup_Code/startup.o
 .debug_macro   0x0001927e    0x110a2 ./Project_Settings/Startup_Code/startup.o
 .debug_macro   0x0002a320      0x426 ./Generated_Code/AD1.o
 .debug_macro   0x0002a746      0x112 ./Generated_Code/ASerialLdd1.o
 .debug_macro   0x0002a858       0x57 ./Generated_Code/ASerialLdd1.o
 .debug_macro   0x0002a8af       0x17 ./Generated_Code/ASerialLdd1.o
 .debug_macro   0x0002a8c6      0x7b9 ./Generated_Code/ASerialLdd1.o
 .debug_macro   0x0002b07f      0x127 ./Generated_Code/AdcLdd1.o
 .debug_macro   0x0002b1a6      0x616 ./Generated_Code/AdcLdd1.o
 .debug_macro   0x0002b7bc       0xfa ./Generated_Code/BitIoLdd1.o
 .debug_macro   0x0002b8b6      0x12c ./Generated_Code/BitIoLdd1.o
 .debug_macro   0x0002b9e2       0x40 ./Generated_Code/BitIoLdd1.o
 .debug_macro   0x0002ba22       0xfa ./Generated_Code/BitIoLdd2.o
 .debug_macro   0x0002bb1c       0x40 ./Generated_Code/BitIoLdd2.o
 .debug_macro   0x0002bb5c       0xfa ./Generated_Code/BitIoLdd3.o
 .debug_macro   0x0002bc56       0x40 ./Generated_Code/BitIoLdd3.o
 .debug_macro   0x0002bc96       0xfa ./Generated_Code/BitIoLdd4.o
 .debug_macro   0x0002bd90       0x40 ./Generated_Code/BitIoLdd4.o
 .debug_macro   0x0002bdd0       0xfa ./Generated_Code/CD1.o
 .debug_macro   0x0002beca       0x46 ./Generated_Code/CD1.o
 .debug_macro   0x0002bf10      0x14f ./Generated_Code/CI2C1.o
 .debug_macro   0x0002c05f       0x37 ./Generated_Code/CI2C1.o
 .debug_macro   0x0002c096      0x4e4 ./Generated_Code/CI2C1.o
 .debug_macro   0x0002c57a      0x1d0 ./Generated_Code/Carte_microSD.o
 .debug_macro   0x0002c74a      0x428 ./Generated_Code/Cpu.o
 .debug_macro   0x0002cb72      0x112 ./Generated_Code/ExtIntLdd1.o
 .debug_macro   0x0002cc84      0x21e ./Generated_Code/FAT1.o
 .debug_macro   0x0002cea2       0xee ./Generated_Code/FAT1.o
 .debug_macro   0x0002cf90       0xee ./Generated_Code/FAT1.o
 .debug_macro   0x0002d07e       0xfa ./Generated_Code/GI2C1.o
 .debug_macro   0x0002d178      0x12d ./Generated_Code/Inhr1.o
 .debug_macro   0x0002d2a5      0x408 ./Generated_Code/KBI1.o
 .debug_macro   0x0002d6ad      0x11c ./Generated_Code/KeyISRpin1.o
 .debug_macro   0x0002d7c9      0x394 ./Generated_Code/PE_LDD.o
 .debug_macro   0x0002db5d      0x41d ./Generated_Code/SM_micro_sd.o
 .debug_macro   0x0002df7a      0x11b ./Generated_Code/SMasterLdd1.o
 .debug_macro   0x0002e095       0x51 ./Generated_Code/SMasterLdd1.o
 .debug_macro   0x0002e0e6      0x456 ./Generated_Code/SPI0.o
 .debug_macro   0x0002e53c       0xfa ./Generated_Code/SS1.o
 .debug_macro   0x0002e636       0xf7 ./Generated_Code/TMOUT1.o
 .debug_macro   0x0002e72d      0x10f ./Generated_Code/TU1.o
 .debug_macro   0x0002e83c      0x6a0 ./Generated_Code/TU1.o
 .debug_macro   0x0002eedc      0x10f ./Generated_Code/TU2.o
 .debug_macro   0x0002efeb       0x4a ./Generated_Code/TU2.o
 .debug_macro   0x0002f035      0x408 ./Generated_Code/TimerCarteSD.o
 .debug_macro   0x0002f43d      0x119 ./Generated_Code/TimerIntLdd1.o
 .debug_macro   0x0002f556      0x119 ./Generated_Code/TimerIntLdd2.o
 .debug_macro   0x0002f66f       0xfd ./Generated_Code/TmDt1.o
 .debug_macro   0x0002f76c       0x16 ./Generated_Code/TmDt1.o
 .debug_macro   0x0002f782      0x184 ./Generated_Code/UTIL1.o
 .debug_macro   0x0002f906       0xe2 ./Generated_Code/WAIT1.o
 .debug_macro   0x0002f9e8      0x2d2 ./Generated_Code/ff.o
 .debug_macro   0x0002fcba       0x58 ./Generated_Code/ff.o
 .debug_macro   0x0002fd12      0x408 ./Generated_Code/interruption_10s.o

.debug_line     0x00000000     0xf8ae
 .debug_line    0x00000000      0x7ec ./Static_Code/System/CPU_Init.o
 .debug_line    0x000007ec      0xd95 ./Static_Code/System/Vectors.o
 .debug_line    0x00001581      0x8b4 ./Sources/Events.o
 .debug_line    0x00001e35      0x917 ./Sources/RTC.o
 .debug_line    0x0000274c      0x8d3 ./Sources/Temperature.o
 .debug_line    0x0000301f      0x892 ./Sources/main.o
 .debug_line    0x000038b1      0x992 ./Sources/stockage_information.o
 .debug_line    0x00004243      0x3c7 ./Project_Settings/Startup_Code/startup.o
 .debug_line    0x0000460a      0x768 ./Generated_Code/AD1.o
 .debug_line    0x00004d72      0x42b ./Generated_Code/ASerialLdd1.o
 .debug_line    0x0000519d      0x440 ./Generated_Code/AdcLdd1.o
 .debug_line    0x000055dd      0x387 ./Generated_Code/BitIoLdd1.o
 .debug_line    0x00005964      0x387 ./Generated_Code/BitIoLdd2.o
 .debug_line    0x00005ceb      0x387 ./Generated_Code/BitIoLdd3.o
 .debug_line    0x00006072      0x387 ./Generated_Code/BitIoLdd4.o
 .debug_line    0x000063f9      0x38e ./Generated_Code/CD1.o
 .debug_line    0x00006787      0x495 ./Generated_Code/CI2C1.o
 .debug_line    0x00006c1c      0x757 ./Generated_Code/Carte_microSD.o
 .debug_line    0x00007373      0x6e1 ./Generated_Code/Cpu.o
 .debug_line    0x00007a54      0x3ac ./Generated_Code/ExtIntLdd1.o
 .debug_line    0x00007e00      0x59d ./Generated_Code/FAT1.o
 .debug_line    0x0000839d      0x4a8 ./Generated_Code/GI2C1.o
 .debug_line    0x00008845      0x355 ./Generated_Code/Inhr1.o
 .debug_line    0x00008b9a      0x6a0 ./Generated_Code/KBI1.o
 .debug_line    0x0000923a      0x360 ./Generated_Code/KeyISRpin1.o
 .debug_line    0x0000959a      0x675 ./Generated_Code/PE_LDD.o
 .debug_line    0x00009c0f      0x75e ./Generated_Code/SM_micro_sd.o
 .debug_line    0x0000a36d      0x44e ./Generated_Code/SMasterLdd1.o
 .debug_line    0x0000a7bb      0x7c6 ./Generated_Code/SPI0.o
 .debug_line    0x0000af81      0x38e ./Generated_Code/SS1.o
 .debug_line    0x0000b30f      0x39b ./Generated_Code/TMOUT1.o
 .debug_line    0x0000b6aa      0x376 ./Generated_Code/TU1.o
 .debug_line    0x0000ba20      0x370 ./Generated_Code/TU2.o
 .debug_line    0x0000bd90      0x67b ./Generated_Code/TimerCarteSD.o
 .debug_line    0x0000c40b      0x371 ./Generated_Code/TimerIntLdd1.o
 .debug_line    0x0000c77c      0x375 ./Generated_Code/TimerIntLdd2.o
 .debug_line    0x0000caf1      0x3ea ./Generated_Code/TmDt1.o
 .debug_line    0x0000cedb      0xc87 ./Generated_Code/UTIL1.o
 .debug_line    0x0000db62      0x340 ./Generated_Code/WAIT1.o
 .debug_line    0x0000dea2     0x1389 ./Generated_Code/ff.o
 .debug_line    0x0000f22b      0x683 ./Generated_Code/interruption_10s.o

.debug_str      0x00000000    0xf17dd
 .debug_str     0x00000000    0x87dda ./Static_Code/System/CPU_Init.o
                              0x8800a (size before relaxing)
 .debug_str     0x00087dda      0x984 ./Static_Code/System/Vectors.o
                              0x8842e (size before relaxing)
 .debug_str     0x0008875e    0x64fb9 ./Sources/Events.o
                              0xeb9f1 (size before relaxing)
 .debug_str     0x000ed717      0x1e4 ./Sources/RTC.o
                              0xebb04 (size before relaxing)
 .debug_str     0x000ed8fb       0x72 ./Sources/Temperature.o
                              0xeba4b (size before relaxing)
 .debug_str     0x000ed96d      0x109 ./Sources/main.o
                              0xebb36 (size before relaxing)
 .debug_str     0x000eda76      0x20a ./Sources/stockage_information.o
                              0xebd53 (size before relaxing)
 .debug_str     0x000edc80      0x17c ./Project_Settings/Startup_Code/startup.o
                              0x6369e (size before relaxing)
 .debug_str     0x000eddfc      0x179 ./Generated_Code/AD1.o
                              0x86c1c (size before relaxing)
 .debug_str     0x000edf75      0x288 ./Generated_Code/ASerialLdd1.o
                              0x79454 (size before relaxing)
 .debug_str     0x000ee1fd      0x34c ./Generated_Code/AdcLdd1.o
                              0x6f6b7 (size before relaxing)
 .debug_str     0x000ee549       0xe2 ./Generated_Code/BitIoLdd1.o
                              0x6afa2 (size before relaxing)
 .debug_str     0x000ee62b       0xa0 ./Generated_Code/BitIoLdd2.o
                              0x6afa4 (size before relaxing)
 .debug_str     0x000ee6cb       0xa0 ./Generated_Code/BitIoLdd3.o
                              0x6afa4 (size before relaxing)
 .debug_str     0x000ee76b       0xa0 ./Generated_Code/BitIoLdd4.o
                              0x6afa2 (size before relaxing)
 .debug_str     0x000ee80b       0x7b ./Generated_Code/CD1.o
                              0x6af52 (size before relaxing)
 .debug_str     0x000ee886      0x299 ./Generated_Code/CI2C1.o
                              0x7138f (size before relaxing)
 .debug_str     0x000eeb1f      0x68b ./Generated_Code/Carte_microSD.o
                              0x71c56 (size before relaxing)
 .debug_str     0x000ef1aa       0x28 ./Generated_Code/Cpu.o
                              0x86a75 (size before relaxing)
 .debug_str     0x000ef1d2       0xb8 ./Generated_Code/ExtIntLdd1.o
                              0x6e5a9 (size before relaxing)
 .debug_str     0x000ef28a       0x8b ./Generated_Code/FAT1.o
                              0x743fa (size before relaxing)
 .debug_str     0x000ef315      0x278 ./Generated_Code/GI2C1.o
                              0x6a680 (size before relaxing)
 .debug_str     0x000ef58d      0x16c ./Generated_Code/Inhr1.o
                              0x6a1f8 (size before relaxing)
 .debug_str     0x000ef6f9       0x55 ./Generated_Code/KBI1.o
                              0x86aa7 (size before relaxing)
 .debug_str     0x000ef74e       0x36 ./Generated_Code/KeyISRpin1.o
                              0x6e2f4 (size before relaxing)
 .debug_str     0x000ef784      0x166 ./Generated_Code/PE_LDD.o
                              0x86bfd (size before relaxing)
 .debug_str     0x000ef8ea      0x273 ./Generated_Code/SM_micro_sd.o
                              0x86f6d (size before relaxing)
 .debug_str     0x000efb5d      0x16d ./Generated_Code/SMasterLdd1.o
                              0x700b9 (size before relaxing)
 .debug_str     0x000efcca      0x1d0 ./Generated_Code/SPI0.o
                              0x86d0a (size before relaxing)
 .debug_str     0x000efe9a       0x7b ./Generated_Code/SS1.o
                              0x6af50 (size before relaxing)
 .debug_str     0x000eff15       0xed ./Generated_Code/TMOUT1.o
                              0x6a1e5 (size before relaxing)
 .debug_str     0x000f0002      0x16b ./Generated_Code/TU1.o
                              0x73586 (size before relaxing)
 .debug_str     0x000f016d       0x64 ./Generated_Code/TU2.o
                              0x73578 (size before relaxing)
 .debug_str     0x000f01d1       0x3a ./Generated_Code/TimerCarteSD.o
                              0x86a7b (size before relaxing)
 .debug_str     0x000f020b       0xb7 ./Generated_Code/TimerIntLdd1.o
                              0x7338e (size before relaxing)
 .debug_str     0x000f02c2       0x61 ./Generated_Code/TimerIntLdd2.o
                              0x73384 (size before relaxing)
 .debug_str     0x000f0323      0x114 ./Generated_Code/TmDt1.o
                              0x6a213 (size before relaxing)
 .debug_str     0x000f0437      0x6f1 ./Generated_Code/UTIL1.o
                              0x6c6ae (size before relaxing)
 .debug_str     0x000f0b28       0x84 ./Generated_Code/WAIT1.o
                              0x6a25e (size before relaxing)
 .debug_str     0x000f0bac      0xbf3 ./Generated_Code/ff.o
                               0xb70a (size before relaxing)
 .debug_str     0x000f179f       0x3e ./Generated_Code/interruption_10s.o
                              0x86a7f (size before relaxing)

.comment        0x00000000       0x70
 .comment       0x00000000       0x70 ./Static_Code/System/CPU_Init.o
                                 0x71 (size before relaxing)
 .comment       0x00000000       0x71 ./Static_Code/System/Vectors.o
 .comment       0x00000000       0x71 ./Sources/Events.o
 .comment       0x00000000       0x71 ./Sources/RTC.o
 .comment       0x00000000       0x71 ./Sources/Temperature.o
 .comment       0x00000000       0x71 ./Sources/main.o
 .comment       0x00000000       0x71 ./Sources/stockage_information.o
 .comment       0x00000000       0x71 ./Project_Settings/Startup_Code/startup.o
 .comment       0x00000000       0x71 ./Generated_Code/AD1.o
 .comment       0x00000000       0x71 ./Generated_Code/ASerialLdd1.o
 .comment       0x00000000       0x71 ./Generated_Code/AdcLdd1.o
 .comment       0x00000000       0x71 ./Generated_Code/BitIoLdd1.o
 .comment       0x00000000       0x71 ./Generated_Code/BitIoLdd2.o
 .comment       0x00000000       0x71 ./Generated_Code/BitIoLdd3.o
 .comment       0x00000000       0x71 ./Generated_Code/BitIoLdd4.o
 .comment       0x00000000       0x71 ./Generated_Code/CD1.o
 .comment       0x00000000       0x71 ./Generated_Code/CI2C1.o
 .comment       0x00000000       0x71 ./Generated_Code/Carte_microSD.o
 .comment       0x00000000       0x71 ./Generated_Code/Cpu.o
 .comment       0x00000000       0x71 ./Generated_Code/ExtIntLdd1.o
 .comment       0x00000000       0x71 ./Generated_Code/FAT1.o
 .comment       0x00000000       0x71 ./Generated_Code/GI2C1.o
 .comment       0x00000000       0x71 ./Generated_Code/Inhr1.o
 .comment       0x00000000       0x71 ./Generated_Code/KBI1.o
 .comment       0x00000000       0x71 ./Generated_Code/KeyISRpin1.o
 .comment       0x00000000       0x71 ./Generated_Code/PE_LDD.o
 .comment       0x00000000       0x71 ./Generated_Code/SM_micro_sd.o
 .comment       0x00000000       0x71 ./Generated_Code/SMasterLdd1.o
 .comment       0x00000000       0x71 ./Generated_Code/SPI0.o
 .comment       0x00000000       0x71 ./Generated_Code/SS1.o
 .comment       0x00000000       0x71 ./Generated_Code/TMOUT1.o
 .comment       0x00000000       0x71 ./Generated_Code/TU1.o
 .comment       0x00000000       0x71 ./Generated_Code/TU2.o
 .comment       0x00000000       0x71 ./Generated_Code/TimerCarteSD.o
 .comment       0x00000000       0x71 ./Generated_Code/TimerIntLdd1.o
 .comment       0x00000000       0x71 ./Generated_Code/TimerIntLdd2.o
 .comment       0x00000000       0x71 ./Generated_Code/TmDt1.o
 .comment       0x00000000       0x71 ./Generated_Code/UTIL1.o
 .comment       0x00000000       0x71 ./Generated_Code/WAIT1.o
 .comment       0x00000000       0x71 ./Generated_Code/ff.o
 .comment       0x00000000       0x71 ./Generated_Code/interruption_10s.o

.debug_frame    0x00000000     0x37c0
 .debug_frame   0x00000000       0x9c ./Static_Code/System/CPU_Init.o
 .debug_frame   0x0000009c      0xcb0 ./Static_Code/System/Vectors.o
 .debug_frame   0x00000d4c      0x108 ./Sources/Events.o
 .debug_frame   0x00000e54       0xac ./Sources/RTC.o
 .debug_frame   0x00000f00       0x70 ./Sources/Temperature.o
 .debug_frame   0x00000f70       0x30 ./Sources/main.o
 .debug_frame   0x00000fa0       0xe8 ./Sources/stockage_information.o
 .debug_frame   0x00001088       0xc0 ./Project_Settings/Startup_Code/startup.o
 .debug_frame   0x00001148      0x134 ./Generated_Code/AD1.o
 .debug_frame   0x0000127c      0x100 ./Generated_Code/ASerialLdd1.o
 .debug_frame   0x0000137c      0x114 ./Generated_Code/AdcLdd1.o
 .debug_frame   0x00001490       0x9c ./Generated_Code/BitIoLdd1.o
 .debug_frame   0x0000152c       0x9c ./Generated_Code/BitIoLdd2.o
 .debug_frame   0x000015c8       0x9c ./Generated_Code/BitIoLdd3.o
 .debug_frame   0x00001664       0x9c ./Generated_Code/BitIoLdd4.o
 .debug_frame   0x00001700       0xb8 ./Generated_Code/CD1.o
 .debug_frame   0x000017b8       0xc4 ./Generated_Code/CI2C1.o
 .debug_frame   0x0000187c      0x2d8 ./Generated_Code/Carte_microSD.o
 .debug_frame   0x00001b54       0x50 ./Generated_Code/Cpu.o
 .debug_frame   0x00001ba4       0xa4 ./Generated_Code/ExtIntLdd1.o
 .debug_frame   0x00001c48      0x188 ./Generated_Code/FAT1.o
 .debug_frame   0x00001dd0      0x200 ./Generated_Code/GI2C1.o
 .debug_frame   0x00001fd0       0xc0 ./Generated_Code/Inhr1.o
 .debug_frame   0x00002090       0x80 ./Generated_Code/KBI1.o
 .debug_frame   0x00002110       0x30 ./Generated_Code/KeyISRpin1.o
 .debug_frame   0x00002140       0x64 ./Generated_Code/PE_LDD.o
 .debug_frame   0x000021a4       0xc0 ./Generated_Code/SM_micro_sd.o
 .debug_frame   0x00002264      0x100 ./Generated_Code/SMasterLdd1.o
 .debug_frame   0x00002364      0x154 ./Generated_Code/SPI0.o
 .debug_frame   0x000024b8       0xb8 ./Generated_Code/SS1.o
 .debug_frame   0x00002570       0xd4 ./Generated_Code/TMOUT1.o
 .debug_frame   0x00002644       0x50 ./Generated_Code/TU1.o
 .debug_frame   0x00002694       0x50 ./Generated_Code/TU2.o
 .debug_frame   0x000026e4       0x30 ./Generated_Code/TimerCarteSD.o
 .debug_frame   0x00002714       0x50 ./Generated_Code/TimerIntLdd1.o
 .debug_frame   0x00002764       0x50 ./Generated_Code/TimerIntLdd2.o
 .debug_frame   0x000027b4      0x130 ./Generated_Code/TmDt1.o
 .debug_frame   0x000028e4      0x698 ./Generated_Code/UTIL1.o
 .debug_frame   0x00002f7c       0x90 ./Generated_Code/WAIT1.o
 .debug_frame   0x0000300c      0x6d0 ./Generated_Code/ff.o
 .debug_frame   0x000036dc       0x30 ./Generated_Code/interruption_10s.o
 .debug_frame   0x0000370c       0x28 c:/freescale/kds_v3/toolchain/bin/../lib/gcc/arm-none-eabi/4.8.4/../../../../arm-none-eabi/lib/armv7e-m/fpu\libg_s.a(lib_a-exit.o)
 .debug_frame   0x00003734       0x2c c:/freescale/kds_v3/toolchain/bin/../lib/gcc/arm-none-eabi/4.8.4/../../../../arm-none-eabi/lib/armv7e-m/fpu\libg_s.a(lib_a-init.o)
 .debug_frame   0x00003760       0x20 c:/freescale/kds_v3/toolchain/bin/../lib/gcc/arm-none-eabi/4.8.4/../../../../arm-none-eabi/lib/armv7e-m/fpu\libg_s.a(lib_a-memset.o)
 .debug_frame   0x00003780       0x20 c:/freescale/kds_v3/toolchain/bin/../lib/gcc/arm-none-eabi/4.8.4/../../../../arm-none-eabi/lib/armv7e-m/fpu\libg_s.a(lib_a-strlen.o)
 .debug_frame   0x000037a0       0x20 c:/freescale/kds_v3/toolchain/bin/../lib/gcc/arm-none-eabi/4.8.4/../../../../arm-none-eabi/lib/armv7e-m/fpu\libnosys.a(_exit.o)
